<?xml version="1.0" encoding="utf-8"?><testsuites><testsuite name="pytest" errors="118" failures="0" skipped="192" tests="310" time="16.948" timestamp="2025-01-22T10:59:11.402261-07:00" hostname="nathan-MacBook-Pro"><testcase classname="" name="tests.datasource.fluent.data_asset.data_connector.test_azure_blob_storage_data_connector" time="0.000"><skipped message="collection skipped">('/Users/nathanfarmer/great_expectations/tests/datasource/fluent/data_asset/data_connector/test_azure_blob_storage_data_connector.py', 27, 'Skipped: Could not import "azure.storage.blob" from Microsoft Azure cloud')</skipped></testcase><testcase classname="" name="tests.datasource.fluent.data_asset.data_connector.test_google_cloud_storage_data_connector" time="0.000"><skipped message="collection skipped">('/Users/nathanfarmer/great_expectations/tests/datasource/fluent/data_asset/data_connector/test_google_cloud_storage_data_connector.py', 27, 'Skipped: Could not import "storage" from google.cloud in configured_asset_gcs_data_connector.py')</skipped></testcase><testcase classname="" name="tests.datasource.fluent.test_pandas_azure_blob_storage_datasource" time="0.000"><skipped message="collection skipped">('/Users/nathanfarmer/great_expectations/tests/datasource/fluent/test_pandas_azure_blob_storage_datasource.py', 28, 'Skipped: Could not import "azure.storage.blob" from Microsoft Azure cloud')</skipped></testcase><testcase classname="" name="tests.datasource.fluent.test_pandas_google_cloud_storage_datasource" time="0.000"><skipped message="collection skipped">('/Users/nathanfarmer/great_expectations/tests/datasource/fluent/test_pandas_google_cloud_storage_datasource.py', 22, 'Skipped: Could not import "storage" from google.cloud in configured_asset_gcs_data_connector.py')</skipped></testcase><testcase classname="" name="tests.datasource.fluent.test_spark_azure_blob_storage_datasource" time="0.000"><skipped message="collection skipped">('/Users/nathanfarmer/great_expectations/tests/datasource/fluent/test_spark_azure_blob_storage_datasource.py', 24, 'Skipped: Could not import "azure.storage.blob" from Microsoft Azure cloud')</skipped></testcase><testcase classname="" name="tests.datasource.fluent.test_spark_google_cloud_storage_datasource" time="0.000"><skipped message="collection skipped">('/Users/nathanfarmer/great_expectations/tests/datasource/fluent/test_spark_google_cloud_storage_datasource.py', 26, 'Skipped: Could not import "storage" from google.cloud in configured_asset_gcs_data_connector.py')</skipped></testcase><testcase classname="" name="tests.expectations.core.test_expect_queried_column_value_frequency_to_meet_threshold" time="0.000"><skipped message="collection skipped">('/Users/nathanfarmer/great_expectations/tests/expectations/core/test_expect_queried_column_value_frequency_to_meet_threshold.py', 38, 'Skipped: TODO: Fix in V1-323')</skipped></testcase><testcase classname="" name="tests.expectations.core.test_expect_queried_table_row_count_to_be" time="0.000"><skipped message="collection skipped">('/Users/nathanfarmer/great_expectations/tests/expectations/core/test_expect_queried_table_row_count_to_be.py', 36, 'Skipped: TODO: Fix in V1-323')</skipped></testcase><testcase classname="tests.datasource.fluent.integration.test_sql_datasources.TestTableIdentifiers" name="test_databricks_sql[unquoted_lower]" time="0.010"><skipped type="pytest.skip" message="no databricks credentials">/Users/nathanfarmer/great_expectations/tests/datasource/fluent/integration/test_sql_datasources.py:582: no databricks credentials</skipped></testcase><testcase classname="tests.datasource.fluent.integration.test_sql_datasources.TestTableIdentifiers" name="test_databricks_sql[quoted_lower]" time="0.008"><skipped type="pytest.skip" message="no databricks credentials">/Users/nathanfarmer/great_expectations/tests/datasource/fluent/integration/test_sql_datasources.py:582: no databricks credentials</skipped></testcase><testcase classname="tests.datasource.fluent.integration.test_sql_datasources.TestTableIdentifiers" name="test_databricks_sql[unquoted_upper]" time="0.008"><skipped type="pytest.skip" message="no databricks credentials">/Users/nathanfarmer/great_expectations/tests/datasource/fluent/integration/test_sql_datasources.py:582: no databricks credentials</skipped></testcase><testcase classname="tests.datasource.fluent.integration.test_sql_datasources.TestTableIdentifiers" name="test_databricks_sql[quoted_upper]" time="0.007"><skipped type="pytest.skip" message="no databricks credentials">/Users/nathanfarmer/great_expectations/tests/datasource/fluent/integration/test_sql_datasources.py:582: no databricks credentials</skipped></testcase><testcase classname="tests.datasource.fluent.integration.test_sql_datasources.TestTableIdentifiers" name="test_databricks_sql[quoted_mixed]" time="0.007"><skipped type="pytest.skip" message="no databricks credentials">/Users/nathanfarmer/great_expectations/tests/datasource/fluent/integration/test_sql_datasources.py:582: no databricks credentials</skipped></testcase><testcase classname="tests.datasource.fluent.integration.test_sql_datasources.TestTableIdentifiers" name="test_databricks_sql[unquoted_mixed]" time="0.009"><skipped type="pytest.skip" message="no databricks credentials">/Users/nathanfarmer/great_expectations/tests/datasource/fluent/integration/test_sql_datasources.py:582: no databricks credentials</skipped></testcase><testcase classname="tests.datasource.fluent.integration.test_sql_datasources.TestTableIdentifiers" name="test_checkpoint_run[databricks_sql-py311_i844a7663add948ca9d66db3aad31313e-unquoted_lower]" time="0.010"><skipped type="pytest.skip" message="no databricks credentials">/Users/nathanfarmer/great_expectations/tests/datasource/fluent/integration/test_sql_datasources.py:652: no databricks credentials</skipped></testcase><testcase classname="tests.datasource.fluent.integration.test_sql_datasources.TestTableIdentifiers" name="test_checkpoint_run[databricks_sql-py311_i844a7663add948ca9d66db3aad31313e-quoted_lower]" time="0.009"><skipped type="pytest.skip" message="no databricks credentials">/Users/nathanfarmer/great_expectations/tests/datasource/fluent/integration/test_sql_datasources.py:652: no databricks credentials</skipped></testcase><testcase classname="tests.datasource.fluent.integration.test_sql_datasources.TestTableIdentifiers" name="test_checkpoint_run[databricks_sql-py311_i844a7663add948ca9d66db3aad31313e-unquoted_upper]" time="0.009"><skipped type="pytest.skip" message="no databricks credentials">/Users/nathanfarmer/great_expectations/tests/datasource/fluent/integration/test_sql_datasources.py:652: no databricks credentials</skipped></testcase><testcase classname="tests.datasource.fluent.integration.test_sql_datasources.TestTableIdentifiers" name="test_checkpoint_run[databricks_sql-py311_i844a7663add948ca9d66db3aad31313e-quoted_upper]" time="0.012"><skipped type="pytest.skip" message="no databricks credentials">/Users/nathanfarmer/great_expectations/tests/datasource/fluent/integration/test_sql_datasources.py:652: no databricks credentials</skipped></testcase><testcase classname="tests.datasource.fluent.integration.test_sql_datasources.TestTableIdentifiers" name="test_checkpoint_run[databricks_sql-py311_i844a7663add948ca9d66db3aad31313e-quoted_mixed]" time="0.009"><skipped type="pytest.skip" message="no databricks credentials">/Users/nathanfarmer/great_expectations/tests/datasource/fluent/integration/test_sql_datasources.py:652: no databricks credentials</skipped></testcase><testcase classname="tests.datasource.fluent.integration.test_sql_datasources.TestTableIdentifiers" name="test_checkpoint_run[databricks_sql-py311_i844a7663add948ca9d66db3aad31313e-unquoted_mixed]" time="0.009"><skipped type="pytest.skip" message="no databricks credentials">/Users/nathanfarmer/great_expectations/tests/datasource/fluent/integration/test_sql_datasources.py:652: no databricks credentials</skipped></testcase><testcase classname="tests.datasource.fluent.integration.test_sql_datasources.TestColumnExpectations" name="test_unquoted_params[databricks_sql-str unquoted_lower_col-expect_column_to_exist]" time="0.009"><skipped type="pytest.skip" message="no databricks credentials">/Users/nathanfarmer/great_expectations/tests/datasource/fluent/integration/test_sql_datasources.py:789: no databricks credentials</skipped></testcase><testcase classname="tests.datasource.fluent.integration.test_sql_datasources.TestColumnExpectations" name="test_unquoted_params[databricks_sql-str unquoted_lower_col-expect_column_values_to_not_be_null]" time="0.008"><skipped type="pytest.skip" message="no databricks credentials">/Users/nathanfarmer/great_expectations/tests/datasource/fluent/integration/test_sql_datasources.py:789: no databricks credentials</skipped></testcase><testcase classname="tests.datasource.fluent.integration.test_sql_datasources.TestColumnExpectations" name="test_unquoted_params[databricks_sql-str unquoted_lower_col-expect_column_values_to_match_regex]" time="0.008"><skipped type="pytest.skip" message="no databricks credentials">/Users/nathanfarmer/great_expectations/tests/datasource/fluent/integration/test_sql_datasources.py:789: no databricks credentials</skipped></testcase><testcase classname="tests.datasource.fluent.integration.test_sql_datasources.TestColumnExpectations" name="test_unquoted_params[databricks_sql-str unquoted_lower_col-expect_column_values_to_match_like_pattern]" time="0.009"><skipped type="pytest.skip" message="no databricks credentials">/Users/nathanfarmer/great_expectations/tests/datasource/fluent/integration/test_sql_datasources.py:789: no databricks credentials</skipped></testcase><testcase classname="tests.datasource.fluent.integration.test_sql_datasources.TestColumnExpectations" name="test_unquoted_params[databricks_sql-str UNQUOTED_LOWER_COL-expect_column_to_exist]" time="0.008"><skipped type="pytest.skip" message="no databricks credentials">/Users/nathanfarmer/great_expectations/tests/datasource/fluent/integration/test_sql_datasources.py:789: no databricks credentials</skipped></testcase><testcase classname="tests.datasource.fluent.integration.test_sql_datasources.TestColumnExpectations" name="test_unquoted_params[databricks_sql-str UNQUOTED_LOWER_COL-expect_column_values_to_not_be_null]" time="0.008"><skipped type="pytest.skip" message="no databricks credentials">/Users/nathanfarmer/great_expectations/tests/datasource/fluent/integration/test_sql_datasources.py:789: no databricks credentials</skipped></testcase><testcase classname="tests.datasource.fluent.integration.test_sql_datasources.TestColumnExpectations" name="test_unquoted_params[databricks_sql-str UNQUOTED_LOWER_COL-expect_column_values_to_match_regex]" time="0.009"><skipped type="pytest.skip" message="no databricks credentials">/Users/nathanfarmer/great_expectations/tests/datasource/fluent/integration/test_sql_datasources.py:789: no databricks credentials</skipped></testcase><testcase classname="tests.datasource.fluent.integration.test_sql_datasources.TestColumnExpectations" name="test_unquoted_params[databricks_sql-str UNQUOTED_LOWER_COL-expect_column_values_to_match_like_pattern]" time="0.010"><skipped type="pytest.skip" message="no databricks credentials">/Users/nathanfarmer/great_expectations/tests/datasource/fluent/integration/test_sql_datasources.py:789: no databricks credentials</skipped></testcase><testcase classname="tests.datasource.fluent.integration.test_sql_datasources.TestColumnExpectations" name="test_unquoted_params[databricks_sql-str unquoted_upper_col-expect_column_to_exist]" time="0.008"><skipped type="pytest.skip" message="no databricks credentials">/Users/nathanfarmer/great_expectations/tests/datasource/fluent/integration/test_sql_datasources.py:789: no databricks credentials</skipped></testcase><testcase classname="tests.datasource.fluent.integration.test_sql_datasources.TestColumnExpectations" name="test_unquoted_params[databricks_sql-str unquoted_upper_col-expect_column_values_to_not_be_null]" time="0.008"><skipped type="pytest.skip" message="no databricks credentials">/Users/nathanfarmer/great_expectations/tests/datasource/fluent/integration/test_sql_datasources.py:789: no databricks credentials</skipped></testcase><testcase classname="tests.datasource.fluent.integration.test_sql_datasources.TestColumnExpectations" name="test_unquoted_params[databricks_sql-str unquoted_upper_col-expect_column_values_to_match_regex]" time="0.008"><skipped type="pytest.skip" message="no databricks credentials">/Users/nathanfarmer/great_expectations/tests/datasource/fluent/integration/test_sql_datasources.py:789: no databricks credentials</skipped></testcase><testcase classname="tests.datasource.fluent.integration.test_sql_datasources.TestColumnExpectations" name="test_unquoted_params[databricks_sql-str unquoted_upper_col-expect_column_values_to_match_like_pattern]" time="0.008"><skipped type="pytest.skip" message="no databricks credentials">/Users/nathanfarmer/great_expectations/tests/datasource/fluent/integration/test_sql_datasources.py:789: no databricks credentials</skipped></testcase><testcase classname="tests.datasource.fluent.integration.test_sql_datasources.TestColumnExpectations" name="test_unquoted_params[databricks_sql-str UNQUOTED_UPPER_COL-expect_column_to_exist]" time="0.008"><skipped type="pytest.skip" message="no databricks credentials">/Users/nathanfarmer/great_expectations/tests/datasource/fluent/integration/test_sql_datasources.py:789: no databricks credentials</skipped></testcase><testcase classname="tests.datasource.fluent.integration.test_sql_datasources.TestColumnExpectations" name="test_unquoted_params[databricks_sql-str UNQUOTED_UPPER_COL-expect_column_values_to_not_be_null]" time="0.008"><skipped type="pytest.skip" message="no databricks credentials">/Users/nathanfarmer/great_expectations/tests/datasource/fluent/integration/test_sql_datasources.py:789: no databricks credentials</skipped></testcase><testcase classname="tests.datasource.fluent.integration.test_sql_datasources.TestColumnExpectations" name="test_unquoted_params[databricks_sql-str UNQUOTED_UPPER_COL-expect_column_values_to_match_regex]" time="0.009"><skipped type="pytest.skip" message="no databricks credentials">/Users/nathanfarmer/great_expectations/tests/datasource/fluent/integration/test_sql_datasources.py:789: no databricks credentials</skipped></testcase><testcase classname="tests.datasource.fluent.integration.test_sql_datasources.TestColumnExpectations" name="test_unquoted_params[databricks_sql-str UNQUOTED_UPPER_COL-expect_column_values_to_match_like_pattern]" time="0.009"><skipped type="pytest.skip" message="no databricks credentials">/Users/nathanfarmer/great_expectations/tests/datasource/fluent/integration/test_sql_datasources.py:789: no databricks credentials</skipped></testcase><testcase classname="tests.datasource.fluent.integration.test_sql_datasources.TestColumnExpectations" name="test_unquoted_params[databricks_sql-str quoted_lower_col-expect_column_to_exist]" time="0.009"><skipped type="pytest.skip" message="no databricks credentials">/Users/nathanfarmer/great_expectations/tests/datasource/fluent/integration/test_sql_datasources.py:789: no databricks credentials</skipped></testcase><testcase classname="tests.datasource.fluent.integration.test_sql_datasources.TestColumnExpectations" name="test_unquoted_params[databricks_sql-str quoted_lower_col-expect_column_values_to_not_be_null]" time="0.009"><skipped type="pytest.skip" message="no databricks credentials">/Users/nathanfarmer/great_expectations/tests/datasource/fluent/integration/test_sql_datasources.py:789: no databricks credentials</skipped></testcase><testcase classname="tests.datasource.fluent.integration.test_sql_datasources.TestColumnExpectations" name="test_unquoted_params[databricks_sql-str quoted_lower_col-expect_column_values_to_match_regex]" time="0.008"><skipped type="pytest.skip" message="no databricks credentials">/Users/nathanfarmer/great_expectations/tests/datasource/fluent/integration/test_sql_datasources.py:789: no databricks credentials</skipped></testcase><testcase classname="tests.datasource.fluent.integration.test_sql_datasources.TestColumnExpectations" name="test_unquoted_params[databricks_sql-str quoted_lower_col-expect_column_values_to_match_like_pattern]" time="0.008"><skipped type="pytest.skip" message="no databricks credentials">/Users/nathanfarmer/great_expectations/tests/datasource/fluent/integration/test_sql_datasources.py:789: no databricks credentials</skipped></testcase><testcase classname="tests.datasource.fluent.integration.test_sql_datasources.TestColumnExpectations" name="test_unquoted_params[databricks_sql-str QUOTED_LOWER_COL-expect_column_to_exist]" time="0.010"><skipped type="pytest.skip" message="no databricks credentials">/Users/nathanfarmer/great_expectations/tests/datasource/fluent/integration/test_sql_datasources.py:789: no databricks credentials</skipped></testcase><testcase classname="tests.datasource.fluent.integration.test_sql_datasources.TestColumnExpectations" name="test_unquoted_params[databricks_sql-str QUOTED_LOWER_COL-expect_column_values_to_not_be_null]" time="0.008"><skipped type="pytest.skip" message="no databricks credentials">/Users/nathanfarmer/great_expectations/tests/datasource/fluent/integration/test_sql_datasources.py:789: no databricks credentials</skipped></testcase><testcase classname="tests.datasource.fluent.integration.test_sql_datasources.TestColumnExpectations" name="test_unquoted_params[databricks_sql-str QUOTED_LOWER_COL-expect_column_values_to_match_regex]" time="0.008"><skipped type="pytest.skip" message="no databricks credentials">/Users/nathanfarmer/great_expectations/tests/datasource/fluent/integration/test_sql_datasources.py:789: no databricks credentials</skipped></testcase><testcase classname="tests.datasource.fluent.integration.test_sql_datasources.TestColumnExpectations" name="test_unquoted_params[databricks_sql-str QUOTED_LOWER_COL-expect_column_values_to_match_like_pattern]" time="0.010"><skipped type="pytest.skip" message="no databricks credentials">/Users/nathanfarmer/great_expectations/tests/datasource/fluent/integration/test_sql_datasources.py:789: no databricks credentials</skipped></testcase><testcase classname="tests.datasource.fluent.integration.test_sql_datasources.TestColumnExpectations" name="test_unquoted_params[databricks_sql-str quoted_upper_col-expect_column_to_exist]" time="0.009"><skipped type="pytest.skip" message="no databricks credentials">/Users/nathanfarmer/great_expectations/tests/datasource/fluent/integration/test_sql_datasources.py:789: no databricks credentials</skipped></testcase><testcase classname="tests.datasource.fluent.integration.test_sql_datasources.TestColumnExpectations" name="test_unquoted_params[databricks_sql-str quoted_upper_col-expect_column_values_to_not_be_null]" time="0.009"><skipped type="pytest.skip" message="no databricks credentials">/Users/nathanfarmer/great_expectations/tests/datasource/fluent/integration/test_sql_datasources.py:789: no databricks credentials</skipped></testcase><testcase classname="tests.datasource.fluent.integration.test_sql_datasources.TestColumnExpectations" name="test_unquoted_params[databricks_sql-str quoted_upper_col-expect_column_values_to_match_regex]" time="0.008"><skipped type="pytest.skip" message="no databricks credentials">/Users/nathanfarmer/great_expectations/tests/datasource/fluent/integration/test_sql_datasources.py:789: no databricks credentials</skipped></testcase><testcase classname="tests.datasource.fluent.integration.test_sql_datasources.TestColumnExpectations" name="test_unquoted_params[databricks_sql-str quoted_upper_col-expect_column_values_to_match_like_pattern]" time="0.009"><skipped type="pytest.skip" message="no databricks credentials">/Users/nathanfarmer/great_expectations/tests/datasource/fluent/integration/test_sql_datasources.py:789: no databricks credentials</skipped></testcase><testcase classname="tests.datasource.fluent.integration.test_sql_datasources.TestColumnExpectations" name="test_unquoted_params[databricks_sql-str QUOTED_UPPER_COL-expect_column_to_exist]" time="0.008"><skipped type="pytest.skip" message="no databricks credentials">/Users/nathanfarmer/great_expectations/tests/datasource/fluent/integration/test_sql_datasources.py:789: no databricks credentials</skipped></testcase><testcase classname="tests.datasource.fluent.integration.test_sql_datasources.TestColumnExpectations" name="test_unquoted_params[databricks_sql-str QUOTED_UPPER_COL-expect_column_values_to_not_be_null]" time="0.009"><skipped type="pytest.skip" message="no databricks credentials">/Users/nathanfarmer/great_expectations/tests/datasource/fluent/integration/test_sql_datasources.py:789: no databricks credentials</skipped></testcase><testcase classname="tests.datasource.fluent.integration.test_sql_datasources.TestColumnExpectations" name="test_unquoted_params[databricks_sql-str QUOTED_UPPER_COL-expect_column_values_to_match_regex]" time="0.009"><skipped type="pytest.skip" message="no databricks credentials">/Users/nathanfarmer/great_expectations/tests/datasource/fluent/integration/test_sql_datasources.py:789: no databricks credentials</skipped></testcase><testcase classname="tests.datasource.fluent.integration.test_sql_datasources.TestColumnExpectations" name="test_unquoted_params[databricks_sql-str QUOTED_UPPER_COL-expect_column_values_to_match_like_pattern]" time="0.008"><skipped type="pytest.skip" message="no databricks credentials">/Users/nathanfarmer/great_expectations/tests/datasource/fluent/integration/test_sql_datasources.py:789: no databricks credentials</skipped></testcase><testcase classname="tests.datasource.fluent.integration.test_sql_datasources.TestColumnExpectations" name="test_unquoted_params[databricks_sql-str quotedmixed-expect_column_to_exist]" time="0.008"><skipped type="pytest.skip" message="no databricks credentials">/Users/nathanfarmer/great_expectations/tests/datasource/fluent/integration/test_sql_datasources.py:789: no databricks credentials</skipped></testcase><testcase classname="tests.datasource.fluent.integration.test_sql_datasources.TestColumnExpectations" name="test_unquoted_params[databricks_sql-str quotedmixed-expect_column_values_to_not_be_null]" time="0.008"><skipped type="pytest.skip" message="no databricks credentials">/Users/nathanfarmer/great_expectations/tests/datasource/fluent/integration/test_sql_datasources.py:789: no databricks credentials</skipped></testcase><testcase classname="tests.datasource.fluent.integration.test_sql_datasources.TestColumnExpectations" name="test_unquoted_params[databricks_sql-str quotedmixed-expect_column_values_to_match_regex]" time="0.008"><skipped type="pytest.skip" message="no databricks credentials">/Users/nathanfarmer/great_expectations/tests/datasource/fluent/integration/test_sql_datasources.py:789: no databricks credentials</skipped></testcase><testcase classname="tests.datasource.fluent.integration.test_sql_datasources.TestColumnExpectations" name="test_unquoted_params[databricks_sql-str quotedmixed-expect_column_values_to_match_like_pattern]" time="0.008"><skipped type="pytest.skip" message="no databricks credentials">/Users/nathanfarmer/great_expectations/tests/datasource/fluent/integration/test_sql_datasources.py:789: no databricks credentials</skipped></testcase><testcase classname="tests.datasource.fluent.integration.test_sql_datasources.TestColumnExpectations" name="test_unquoted_params[databricks_sql-str quotedMixed-expect_column_to_exist]" time="0.008"><skipped type="pytest.skip" message="no databricks credentials">/Users/nathanfarmer/great_expectations/tests/datasource/fluent/integration/test_sql_datasources.py:789: no databricks credentials</skipped></testcase><testcase classname="tests.datasource.fluent.integration.test_sql_datasources.TestColumnExpectations" name="test_unquoted_params[databricks_sql-str quotedMixed-expect_column_values_to_not_be_null]" time="0.008"><skipped type="pytest.skip" message="no databricks credentials">/Users/nathanfarmer/great_expectations/tests/datasource/fluent/integration/test_sql_datasources.py:789: no databricks credentials</skipped></testcase><testcase classname="tests.datasource.fluent.integration.test_sql_datasources.TestColumnExpectations" name="test_unquoted_params[databricks_sql-str quotedMixed-expect_column_values_to_match_regex]" time="0.008"><skipped type="pytest.skip" message="no databricks credentials">/Users/nathanfarmer/great_expectations/tests/datasource/fluent/integration/test_sql_datasources.py:789: no databricks credentials</skipped></testcase><testcase classname="tests.datasource.fluent.integration.test_sql_datasources.TestColumnExpectations" name="test_unquoted_params[databricks_sql-str quotedMixed-expect_column_values_to_match_like_pattern]" time="0.009"><skipped type="pytest.skip" message="no databricks credentials">/Users/nathanfarmer/great_expectations/tests/datasource/fluent/integration/test_sql_datasources.py:789: no databricks credentials</skipped></testcase><testcase classname="tests.datasource.fluent.integration.test_sql_datasources.TestColumnExpectations" name="test_unquoted_params[databricks_sql-str QUOTEDMIXED-expect_column_to_exist]" time="0.011"><skipped type="pytest.skip" message="no databricks credentials">/Users/nathanfarmer/great_expectations/tests/datasource/fluent/integration/test_sql_datasources.py:789: no databricks credentials</skipped></testcase><testcase classname="tests.datasource.fluent.integration.test_sql_datasources.TestColumnExpectations" name="test_unquoted_params[databricks_sql-str QUOTEDMIXED-expect_column_values_to_not_be_null]" time="0.008"><skipped type="pytest.skip" message="no databricks credentials">/Users/nathanfarmer/great_expectations/tests/datasource/fluent/integration/test_sql_datasources.py:789: no databricks credentials</skipped></testcase><testcase classname="tests.datasource.fluent.integration.test_sql_datasources.TestColumnExpectations" name="test_unquoted_params[databricks_sql-str QUOTEDMIXED-expect_column_values_to_match_regex]" time="0.008"><skipped type="pytest.skip" message="no databricks credentials">/Users/nathanfarmer/great_expectations/tests/datasource/fluent/integration/test_sql_datasources.py:789: no databricks credentials</skipped></testcase><testcase classname="tests.datasource.fluent.integration.test_sql_datasources.TestColumnExpectations" name="test_unquoted_params[databricks_sql-str QUOTEDMIXED-expect_column_values_to_match_like_pattern]" time="0.008"><skipped type="pytest.skip" message="no databricks credentials">/Users/nathanfarmer/great_expectations/tests/datasource/fluent/integration/test_sql_datasources.py:789: no databricks credentials</skipped></testcase><testcase classname="tests.datasource.fluent.integration.test_sql_datasources.TestColumnExpectations" name="test_unquoted_params[databricks_sql-str quoted.w.dots-expect_column_to_exist]" time="0.013"><skipped type="pytest.skip" message="no databricks credentials">/Users/nathanfarmer/great_expectations/tests/datasource/fluent/integration/test_sql_datasources.py:789: no databricks credentials</skipped></testcase><testcase classname="tests.datasource.fluent.integration.test_sql_datasources.TestColumnExpectations" name="test_unquoted_params[databricks_sql-str quoted.w.dots-expect_column_values_to_not_be_null]" time="0.010"><skipped type="pytest.skip" message="no databricks credentials">/Users/nathanfarmer/great_expectations/tests/datasource/fluent/integration/test_sql_datasources.py:789: no databricks credentials</skipped></testcase><testcase classname="tests.datasource.fluent.integration.test_sql_datasources.TestColumnExpectations" name="test_unquoted_params[databricks_sql-str quoted.w.dots-expect_column_values_to_match_regex]" time="0.011"><skipped type="pytest.skip" message="no databricks credentials">/Users/nathanfarmer/great_expectations/tests/datasource/fluent/integration/test_sql_datasources.py:789: no databricks credentials</skipped></testcase><testcase classname="tests.datasource.fluent.integration.test_sql_datasources.TestColumnExpectations" name="test_unquoted_params[databricks_sql-str quoted.w.dots-expect_column_values_to_match_like_pattern]" time="0.008"><skipped type="pytest.skip" message="no databricks credentials">/Users/nathanfarmer/great_expectations/tests/datasource/fluent/integration/test_sql_datasources.py:789: no databricks credentials</skipped></testcase><testcase classname="tests.datasource.fluent.integration.test_sql_datasources.TestColumnExpectations" name="test_unquoted_params[databricks_sql-str QUOTED.W.DOTS-expect_column_to_exist]" time="0.008"><skipped type="pytest.skip" message="no databricks credentials">/Users/nathanfarmer/great_expectations/tests/datasource/fluent/integration/test_sql_datasources.py:789: no databricks credentials</skipped></testcase><testcase classname="tests.datasource.fluent.integration.test_sql_datasources.TestColumnExpectations" name="test_unquoted_params[databricks_sql-str QUOTED.W.DOTS-expect_column_values_to_not_be_null]" time="0.008"><skipped type="pytest.skip" message="no databricks credentials">/Users/nathanfarmer/great_expectations/tests/datasource/fluent/integration/test_sql_datasources.py:789: no databricks credentials</skipped></testcase><testcase classname="tests.datasource.fluent.integration.test_sql_datasources.TestColumnExpectations" name="test_unquoted_params[databricks_sql-str QUOTED.W.DOTS-expect_column_values_to_match_regex]" time="0.008"><skipped type="pytest.skip" message="no databricks credentials">/Users/nathanfarmer/great_expectations/tests/datasource/fluent/integration/test_sql_datasources.py:789: no databricks credentials</skipped></testcase><testcase classname="tests.datasource.fluent.integration.test_sql_datasources.TestColumnExpectations" name="test_unquoted_params[databricks_sql-str QUOTED.W.DOTS-expect_column_values_to_match_like_pattern]" time="0.009"><skipped type="pytest.skip" message="no databricks credentials">/Users/nathanfarmer/great_expectations/tests/datasource/fluent/integration/test_sql_datasources.py:789: no databricks credentials</skipped></testcase><testcase classname="tests.datasource.fluent.integration.test_sql_datasources.TestColumnExpectations" name="test_quoted_params[databricks_sql-str &quot;unquoted_lower_col&quot;-expect_column_to_exist]" time="0.008"><skipped type="pytest.skip" message="no databricks credentials">/Users/nathanfarmer/great_expectations/tests/datasource/fluent/integration/test_sql_datasources.py:899: no databricks credentials</skipped></testcase><testcase classname="tests.datasource.fluent.integration.test_sql_datasources.TestColumnExpectations" name="test_quoted_params[databricks_sql-str &quot;unquoted_lower_col&quot;-expect_column_values_to_not_be_null]" time="0.009"><skipped type="pytest.skip" message="no databricks credentials">/Users/nathanfarmer/great_expectations/tests/datasource/fluent/integration/test_sql_datasources.py:899: no databricks credentials</skipped></testcase><testcase classname="tests.datasource.fluent.integration.test_sql_datasources.TestColumnExpectations" name="test_quoted_params[databricks_sql-str &quot;unquoted_lower_col&quot;-expect_column_values_to_match_regex]" time="0.008"><skipped type="pytest.skip" message="no databricks credentials">/Users/nathanfarmer/great_expectations/tests/datasource/fluent/integration/test_sql_datasources.py:899: no databricks credentials</skipped></testcase><testcase classname="tests.datasource.fluent.integration.test_sql_datasources.TestColumnExpectations" name="test_quoted_params[databricks_sql-str &quot;unquoted_lower_col&quot;-expect_column_values_to_match_like_pattern]" time="0.009"><skipped type="pytest.skip" message="no databricks credentials">/Users/nathanfarmer/great_expectations/tests/datasource/fluent/integration/test_sql_datasources.py:899: no databricks credentials</skipped></testcase><testcase classname="tests.datasource.fluent.integration.test_sql_datasources.TestColumnExpectations" name="test_quoted_params[databricks_sql-str &quot;UNQUOTED_UPPER_COL&quot;-expect_column_to_exist]" time="0.010"><skipped type="pytest.skip" message="no databricks credentials">/Users/nathanfarmer/great_expectations/tests/datasource/fluent/integration/test_sql_datasources.py:899: no databricks credentials</skipped></testcase><testcase classname="tests.datasource.fluent.integration.test_sql_datasources.TestColumnExpectations" name="test_quoted_params[databricks_sql-str &quot;UNQUOTED_UPPER_COL&quot;-expect_column_values_to_not_be_null]" time="0.009"><skipped type="pytest.skip" message="no databricks credentials">/Users/nathanfarmer/great_expectations/tests/datasource/fluent/integration/test_sql_datasources.py:899: no databricks credentials</skipped></testcase><testcase classname="tests.datasource.fluent.integration.test_sql_datasources.TestColumnExpectations" name="test_quoted_params[databricks_sql-str &quot;UNQUOTED_UPPER_COL&quot;-expect_column_values_to_match_regex]" time="0.009"><skipped type="pytest.skip" message="no databricks credentials">/Users/nathanfarmer/great_expectations/tests/datasource/fluent/integration/test_sql_datasources.py:899: no databricks credentials</skipped></testcase><testcase classname="tests.datasource.fluent.integration.test_sql_datasources.TestColumnExpectations" name="test_quoted_params[databricks_sql-str &quot;UNQUOTED_UPPER_COL&quot;-expect_column_values_to_match_like_pattern]" time="0.009"><skipped type="pytest.skip" message="no databricks credentials">/Users/nathanfarmer/great_expectations/tests/datasource/fluent/integration/test_sql_datasources.py:899: no databricks credentials</skipped></testcase><testcase classname="tests.datasource.fluent.integration.test_sql_datasources.TestColumnExpectations" name="test_quoted_params[databricks_sql-str &quot;quoted_lower_col&quot;-expect_column_to_exist]" time="0.009"><skipped type="pytest.skip" message="no databricks credentials">/Users/nathanfarmer/great_expectations/tests/datasource/fluent/integration/test_sql_datasources.py:899: no databricks credentials</skipped></testcase><testcase classname="tests.datasource.fluent.integration.test_sql_datasources.TestColumnExpectations" name="test_quoted_params[databricks_sql-str &quot;quoted_lower_col&quot;-expect_column_values_to_not_be_null]" time="0.008"><skipped type="pytest.skip" message="no databricks credentials">/Users/nathanfarmer/great_expectations/tests/datasource/fluent/integration/test_sql_datasources.py:899: no databricks credentials</skipped></testcase><testcase classname="tests.datasource.fluent.integration.test_sql_datasources.TestColumnExpectations" name="test_quoted_params[databricks_sql-str &quot;quoted_lower_col&quot;-expect_column_values_to_match_regex]" time="0.008"><skipped type="pytest.skip" message="no databricks credentials">/Users/nathanfarmer/great_expectations/tests/datasource/fluent/integration/test_sql_datasources.py:899: no databricks credentials</skipped></testcase><testcase classname="tests.datasource.fluent.integration.test_sql_datasources.TestColumnExpectations" name="test_quoted_params[databricks_sql-str &quot;quoted_lower_col&quot;-expect_column_values_to_match_like_pattern]" time="0.009"><skipped type="pytest.skip" message="no databricks credentials">/Users/nathanfarmer/great_expectations/tests/datasource/fluent/integration/test_sql_datasources.py:899: no databricks credentials</skipped></testcase><testcase classname="tests.datasource.fluent.integration.test_sql_datasources.TestColumnExpectations" name="test_quoted_params[databricks_sql-str &quot;QUOTED_UPPER_COL&quot;-expect_column_to_exist]" time="0.009"><skipped type="pytest.skip" message="no databricks credentials">/Users/nathanfarmer/great_expectations/tests/datasource/fluent/integration/test_sql_datasources.py:899: no databricks credentials</skipped></testcase><testcase classname="tests.datasource.fluent.integration.test_sql_datasources.TestColumnExpectations" name="test_quoted_params[databricks_sql-str &quot;QUOTED_UPPER_COL&quot;-expect_column_values_to_not_be_null]" time="0.008"><skipped type="pytest.skip" message="no databricks credentials">/Users/nathanfarmer/great_expectations/tests/datasource/fluent/integration/test_sql_datasources.py:899: no databricks credentials</skipped></testcase><testcase classname="tests.datasource.fluent.integration.test_sql_datasources.TestColumnExpectations" name="test_quoted_params[databricks_sql-str &quot;QUOTED_UPPER_COL&quot;-expect_column_values_to_match_regex]" time="0.008"><skipped type="pytest.skip" message="no databricks credentials">/Users/nathanfarmer/great_expectations/tests/datasource/fluent/integration/test_sql_datasources.py:899: no databricks credentials</skipped></testcase><testcase classname="tests.datasource.fluent.integration.test_sql_datasources.TestColumnExpectations" name="test_quoted_params[databricks_sql-str &quot;QUOTED_UPPER_COL&quot;-expect_column_values_to_match_like_pattern]" time="0.008"><skipped type="pytest.skip" message="no databricks credentials">/Users/nathanfarmer/great_expectations/tests/datasource/fluent/integration/test_sql_datasources.py:899: no databricks credentials</skipped></testcase><testcase classname="tests.datasource.fluent.integration.test_sql_datasources.TestColumnExpectations" name="test_quoted_params[databricks_sql-str &quot;quotedMixed&quot;-expect_column_to_exist]" time="0.013"><skipped type="pytest.skip" message="no databricks credentials">/Users/nathanfarmer/great_expectations/tests/datasource/fluent/integration/test_sql_datasources.py:899: no databricks credentials</skipped></testcase><testcase classname="tests.datasource.fluent.integration.test_sql_datasources.TestColumnExpectations" name="test_quoted_params[databricks_sql-str &quot;quotedMixed&quot;-expect_column_values_to_not_be_null]" time="0.008"><skipped type="pytest.skip" message="no databricks credentials">/Users/nathanfarmer/great_expectations/tests/datasource/fluent/integration/test_sql_datasources.py:899: no databricks credentials</skipped></testcase><testcase classname="tests.datasource.fluent.integration.test_sql_datasources.TestColumnExpectations" name="test_quoted_params[databricks_sql-str &quot;quotedMixed&quot;-expect_column_values_to_match_regex]" time="0.008"><skipped type="pytest.skip" message="no databricks credentials">/Users/nathanfarmer/great_expectations/tests/datasource/fluent/integration/test_sql_datasources.py:899: no databricks credentials</skipped></testcase><testcase classname="tests.datasource.fluent.integration.test_sql_datasources.TestColumnExpectations" name="test_quoted_params[databricks_sql-str &quot;quotedMixed&quot;-expect_column_values_to_match_like_pattern]" time="0.008"><skipped type="pytest.skip" message="no databricks credentials">/Users/nathanfarmer/great_expectations/tests/datasource/fluent/integration/test_sql_datasources.py:899: no databricks credentials</skipped></testcase><testcase classname="tests.datasource.fluent.integration.test_sql_datasources.TestColumnExpectations" name="test_quoted_params[databricks_sql-str &quot;quoted.w.dots&quot;-expect_column_to_exist]" time="0.008"><skipped type="pytest.skip" message="no databricks credentials">/Users/nathanfarmer/great_expectations/tests/datasource/fluent/integration/test_sql_datasources.py:899: no databricks credentials</skipped></testcase><testcase classname="tests.datasource.fluent.integration.test_sql_datasources.TestColumnExpectations" name="test_quoted_params[databricks_sql-str &quot;quoted.w.dots&quot;-expect_column_values_to_not_be_null]" time="0.008"><skipped type="pytest.skip" message="no databricks credentials">/Users/nathanfarmer/great_expectations/tests/datasource/fluent/integration/test_sql_datasources.py:899: no databricks credentials</skipped></testcase><testcase classname="tests.datasource.fluent.integration.test_sql_datasources.TestColumnExpectations" name="test_quoted_params[databricks_sql-str &quot;quoted.w.dots&quot;-expect_column_values_to_match_regex]" time="0.008"><skipped type="pytest.skip" message="no databricks credentials">/Users/nathanfarmer/great_expectations/tests/datasource/fluent/integration/test_sql_datasources.py:899: no databricks credentials</skipped></testcase><testcase classname="tests.datasource.fluent.integration.test_sql_datasources.TestColumnExpectations" name="test_quoted_params[databricks_sql-str &quot;quoted.w.dots&quot;-expect_column_values_to_match_like_pattern]" time="0.009"><skipped type="pytest.skip" message="no databricks credentials">/Users/nathanfarmer/great_expectations/tests/datasource/fluent/integration/test_sql_datasources.py:899: no databricks credentials</skipped></testcase><testcase classname="tests.datasource.fluent.integration.test_sql_datasources.TestColumnExpectations" name="test_desired_state[databricks_sql-str unquoted_lower_col-expect_column_to_exist]" time="0.012"><skipped type="pytest.skip" message="no databricks credentials">/Users/nathanfarmer/great_expectations/tests/datasource/fluent/integration/test_sql_datasources.py:1002: no databricks credentials</skipped></testcase><testcase classname="tests.datasource.fluent.integration.test_sql_datasources.TestColumnExpectations" name="test_desired_state[databricks_sql-str unquoted_lower_col-expect_column_values_to_not_be_null]" time="0.008"><skipped type="pytest.skip" message="no databricks credentials">/Users/nathanfarmer/great_expectations/tests/datasource/fluent/integration/test_sql_datasources.py:1002: no databricks credentials</skipped></testcase><testcase classname="tests.datasource.fluent.integration.test_sql_datasources.TestColumnExpectations" name="test_desired_state[databricks_sql-str unquoted_lower_col-expect_column_values_to_match_regex]" time="0.007"><skipped type="pytest.skip" message="no databricks credentials">/Users/nathanfarmer/great_expectations/tests/datasource/fluent/integration/test_sql_datasources.py:1002: no databricks credentials</skipped></testcase><testcase classname="tests.datasource.fluent.integration.test_sql_datasources.TestColumnExpectations" name="test_desired_state[databricks_sql-str unquoted_lower_col-expect_column_values_to_match_like_pattern]" time="0.008"><skipped type="pytest.skip" message="no databricks credentials">/Users/nathanfarmer/great_expectations/tests/datasource/fluent/integration/test_sql_datasources.py:1002: no databricks credentials</skipped></testcase><testcase classname="tests.datasource.fluent.integration.test_sql_datasources.TestColumnExpectations" name="test_desired_state[databricks_sql-str &quot;unquoted_lower_col&quot;-expect_column_to_exist]" time="0.008"><skipped type="pytest.skip" message="no databricks credentials">/Users/nathanfarmer/great_expectations/tests/datasource/fluent/integration/test_sql_datasources.py:1002: no databricks credentials</skipped></testcase><testcase classname="tests.datasource.fluent.integration.test_sql_datasources.TestColumnExpectations" name="test_desired_state[databricks_sql-str &quot;unquoted_lower_col&quot;-expect_column_values_to_not_be_null]" time="0.008"><skipped type="pytest.skip" message="no databricks credentials">/Users/nathanfarmer/great_expectations/tests/datasource/fluent/integration/test_sql_datasources.py:1002: no databricks credentials</skipped></testcase><testcase classname="tests.datasource.fluent.integration.test_sql_datasources.TestColumnExpectations" name="test_desired_state[databricks_sql-str &quot;unquoted_lower_col&quot;-expect_column_values_to_match_regex]" time="0.011"><skipped type="pytest.skip" message="no databricks credentials">/Users/nathanfarmer/great_expectations/tests/datasource/fluent/integration/test_sql_datasources.py:1002: no databricks credentials</skipped></testcase><testcase classname="tests.datasource.fluent.integration.test_sql_datasources.TestColumnExpectations" name="test_desired_state[databricks_sql-str &quot;unquoted_lower_col&quot;-expect_column_values_to_match_like_pattern]" time="0.008"><skipped type="pytest.skip" message="no databricks credentials">/Users/nathanfarmer/great_expectations/tests/datasource/fluent/integration/test_sql_datasources.py:1002: no databricks credentials</skipped></testcase><testcase classname="tests.datasource.fluent.integration.test_sql_datasources.TestColumnExpectations" name="test_desired_state[databricks_sql-str UNQUOTED_LOWER_COL-expect_column_to_exist]" time="0.009"><skipped type="pytest.skip" message="no databricks credentials">/Users/nathanfarmer/great_expectations/tests/datasource/fluent/integration/test_sql_datasources.py:1002: no databricks credentials</skipped></testcase><testcase classname="tests.datasource.fluent.integration.test_sql_datasources.TestColumnExpectations" name="test_desired_state[databricks_sql-str UNQUOTED_LOWER_COL-expect_column_values_to_not_be_null]" time="0.008"><skipped type="pytest.skip" message="no databricks credentials">/Users/nathanfarmer/great_expectations/tests/datasource/fluent/integration/test_sql_datasources.py:1002: no databricks credentials</skipped></testcase><testcase classname="tests.datasource.fluent.integration.test_sql_datasources.TestColumnExpectations" name="test_desired_state[databricks_sql-str UNQUOTED_LOWER_COL-expect_column_values_to_match_regex]" time="0.008"><skipped type="pytest.skip" message="no databricks credentials">/Users/nathanfarmer/great_expectations/tests/datasource/fluent/integration/test_sql_datasources.py:1002: no databricks credentials</skipped></testcase><testcase classname="tests.datasource.fluent.integration.test_sql_datasources.TestColumnExpectations" name="test_desired_state[databricks_sql-str UNQUOTED_LOWER_COL-expect_column_values_to_match_like_pattern]" time="0.008"><skipped type="pytest.skip" message="no databricks credentials">/Users/nathanfarmer/great_expectations/tests/datasource/fluent/integration/test_sql_datasources.py:1002: no databricks credentials</skipped></testcase><testcase classname="tests.datasource.fluent.integration.test_sql_datasources.TestColumnExpectations" name="test_desired_state[databricks_sql-str &quot;UNQUOTED_LOWER_COL&quot;-expect_column_to_exist]" time="0.008"><skipped type="pytest.skip" message="no databricks credentials">/Users/nathanfarmer/great_expectations/tests/datasource/fluent/integration/test_sql_datasources.py:1002: no databricks credentials</skipped></testcase><testcase classname="tests.datasource.fluent.integration.test_sql_datasources.TestColumnExpectations" name="test_desired_state[databricks_sql-str &quot;UNQUOTED_LOWER_COL&quot;-expect_column_values_to_not_be_null]" time="0.008"><skipped type="pytest.skip" message="no databricks credentials">/Users/nathanfarmer/great_expectations/tests/datasource/fluent/integration/test_sql_datasources.py:1002: no databricks credentials</skipped></testcase><testcase classname="tests.datasource.fluent.integration.test_sql_datasources.TestColumnExpectations" name="test_desired_state[databricks_sql-str &quot;UNQUOTED_LOWER_COL&quot;-expect_column_values_to_match_regex]" time="0.008"><skipped type="pytest.skip" message="no databricks credentials">/Users/nathanfarmer/great_expectations/tests/datasource/fluent/integration/test_sql_datasources.py:1002: no databricks credentials</skipped></testcase><testcase classname="tests.datasource.fluent.integration.test_sql_datasources.TestColumnExpectations" name="test_desired_state[databricks_sql-str &quot;UNQUOTED_LOWER_COL&quot;-expect_column_values_to_match_like_pattern]" time="0.008"><skipped type="pytest.skip" message="no databricks credentials">/Users/nathanfarmer/great_expectations/tests/datasource/fluent/integration/test_sql_datasources.py:1002: no databricks credentials</skipped></testcase><testcase classname="tests.datasource.fluent.integration.test_sql_datasources.TestColumnExpectations" name="test_desired_state[databricks_sql-str unquoted_upper_col-expect_column_to_exist]" time="0.008"><skipped type="pytest.skip" message="no databricks credentials">/Users/nathanfarmer/great_expectations/tests/datasource/fluent/integration/test_sql_datasources.py:1002: no databricks credentials</skipped></testcase><testcase classname="tests.datasource.fluent.integration.test_sql_datasources.TestColumnExpectations" name="test_desired_state[databricks_sql-str unquoted_upper_col-expect_column_values_to_not_be_null]" time="0.011"><skipped type="pytest.skip" message="no databricks credentials">/Users/nathanfarmer/great_expectations/tests/datasource/fluent/integration/test_sql_datasources.py:1002: no databricks credentials</skipped></testcase><testcase classname="tests.datasource.fluent.integration.test_sql_datasources.TestColumnExpectations" name="test_desired_state[databricks_sql-str unquoted_upper_col-expect_column_values_to_match_regex]" time="0.008"><skipped type="pytest.skip" message="no databricks credentials">/Users/nathanfarmer/great_expectations/tests/datasource/fluent/integration/test_sql_datasources.py:1002: no databricks credentials</skipped></testcase><testcase classname="tests.datasource.fluent.integration.test_sql_datasources.TestColumnExpectations" name="test_desired_state[databricks_sql-str unquoted_upper_col-expect_column_values_to_match_like_pattern]" time="0.008"><skipped type="pytest.skip" message="no databricks credentials">/Users/nathanfarmer/great_expectations/tests/datasource/fluent/integration/test_sql_datasources.py:1002: no databricks credentials</skipped></testcase><testcase classname="tests.datasource.fluent.integration.test_sql_datasources.TestColumnExpectations" name="test_desired_state[databricks_sql-str &quot;unquoted_upper_col&quot;-expect_column_to_exist]" time="0.009"><skipped type="pytest.skip" message="no databricks credentials">/Users/nathanfarmer/great_expectations/tests/datasource/fluent/integration/test_sql_datasources.py:1002: no databricks credentials</skipped></testcase><testcase classname="tests.datasource.fluent.integration.test_sql_datasources.TestColumnExpectations" name="test_desired_state[databricks_sql-str &quot;unquoted_upper_col&quot;-expect_column_values_to_not_be_null]" time="0.008"><skipped type="pytest.skip" message="no databricks credentials">/Users/nathanfarmer/great_expectations/tests/datasource/fluent/integration/test_sql_datasources.py:1002: no databricks credentials</skipped></testcase><testcase classname="tests.datasource.fluent.integration.test_sql_datasources.TestColumnExpectations" name="test_desired_state[databricks_sql-str &quot;unquoted_upper_col&quot;-expect_column_values_to_match_regex]" time="0.008"><skipped type="pytest.skip" message="no databricks credentials">/Users/nathanfarmer/great_expectations/tests/datasource/fluent/integration/test_sql_datasources.py:1002: no databricks credentials</skipped></testcase><testcase classname="tests.datasource.fluent.integration.test_sql_datasources.TestColumnExpectations" name="test_desired_state[databricks_sql-str &quot;unquoted_upper_col&quot;-expect_column_values_to_match_like_pattern]" time="0.010"><skipped type="pytest.skip" message="no databricks credentials">/Users/nathanfarmer/great_expectations/tests/datasource/fluent/integration/test_sql_datasources.py:1002: no databricks credentials</skipped></testcase><testcase classname="tests.datasource.fluent.integration.test_sql_datasources.TestColumnExpectations" name="test_desired_state[databricks_sql-str UNQUOTED_UPPER_COL-expect_column_to_exist]" time="0.008"><skipped type="pytest.skip" message="no databricks credentials">/Users/nathanfarmer/great_expectations/tests/datasource/fluent/integration/test_sql_datasources.py:1002: no databricks credentials</skipped></testcase><testcase classname="tests.datasource.fluent.integration.test_sql_datasources.TestColumnExpectations" name="test_desired_state[databricks_sql-str UNQUOTED_UPPER_COL-expect_column_values_to_not_be_null]" time="0.008"><skipped type="pytest.skip" message="no databricks credentials">/Users/nathanfarmer/great_expectations/tests/datasource/fluent/integration/test_sql_datasources.py:1002: no databricks credentials</skipped></testcase><testcase classname="tests.datasource.fluent.integration.test_sql_datasources.TestColumnExpectations" name="test_desired_state[databricks_sql-str UNQUOTED_UPPER_COL-expect_column_values_to_match_regex]" time="0.014"><skipped type="pytest.skip" message="no databricks credentials">/Users/nathanfarmer/great_expectations/tests/datasource/fluent/integration/test_sql_datasources.py:1002: no databricks credentials</skipped></testcase><testcase classname="tests.datasource.fluent.integration.test_sql_datasources.TestColumnExpectations" name="test_desired_state[databricks_sql-str UNQUOTED_UPPER_COL-expect_column_values_to_match_like_pattern]" time="0.008"><skipped type="pytest.skip" message="no databricks credentials">/Users/nathanfarmer/great_expectations/tests/datasource/fluent/integration/test_sql_datasources.py:1002: no databricks credentials</skipped></testcase><testcase classname="tests.datasource.fluent.integration.test_sql_datasources.TestColumnExpectations" name="test_desired_state[databricks_sql-str &quot;UNQUOTED_UPPER_COL&quot;-expect_column_to_exist]" time="0.008"><skipped type="pytest.skip" message="no databricks credentials">/Users/nathanfarmer/great_expectations/tests/datasource/fluent/integration/test_sql_datasources.py:1002: no databricks credentials</skipped></testcase><testcase classname="tests.datasource.fluent.integration.test_sql_datasources.TestColumnExpectations" name="test_desired_state[databricks_sql-str &quot;UNQUOTED_UPPER_COL&quot;-expect_column_values_to_not_be_null]" time="0.011"><skipped type="pytest.skip" message="no databricks credentials">/Users/nathanfarmer/great_expectations/tests/datasource/fluent/integration/test_sql_datasources.py:1002: no databricks credentials</skipped></testcase><testcase classname="tests.datasource.fluent.integration.test_sql_datasources.TestColumnExpectations" name="test_desired_state[databricks_sql-str &quot;UNQUOTED_UPPER_COL&quot;-expect_column_values_to_match_regex]" time="0.008"><skipped type="pytest.skip" message="no databricks credentials">/Users/nathanfarmer/great_expectations/tests/datasource/fluent/integration/test_sql_datasources.py:1002: no databricks credentials</skipped></testcase><testcase classname="tests.datasource.fluent.integration.test_sql_datasources.TestColumnExpectations" name="test_desired_state[databricks_sql-str &quot;UNQUOTED_UPPER_COL&quot;-expect_column_values_to_match_like_pattern]" time="0.008"><skipped type="pytest.skip" message="no databricks credentials">/Users/nathanfarmer/great_expectations/tests/datasource/fluent/integration/test_sql_datasources.py:1002: no databricks credentials</skipped></testcase><testcase classname="tests.datasource.fluent.integration.test_sql_datasources.TestColumnExpectations" name="test_desired_state[databricks_sql-str quoted_lower_col-expect_column_to_exist]" time="0.008"><skipped type="pytest.skip" message="no databricks credentials">/Users/nathanfarmer/great_expectations/tests/datasource/fluent/integration/test_sql_datasources.py:1002: no databricks credentials</skipped></testcase><testcase classname="tests.datasource.fluent.integration.test_sql_datasources.TestColumnExpectations" name="test_desired_state[databricks_sql-str quoted_lower_col-expect_column_values_to_not_be_null]" time="0.008"><skipped type="pytest.skip" message="no databricks credentials">/Users/nathanfarmer/great_expectations/tests/datasource/fluent/integration/test_sql_datasources.py:1002: no databricks credentials</skipped></testcase><testcase classname="tests.datasource.fluent.integration.test_sql_datasources.TestColumnExpectations" name="test_desired_state[databricks_sql-str quoted_lower_col-expect_column_values_to_match_regex]" time="0.008"><skipped type="pytest.skip" message="no databricks credentials">/Users/nathanfarmer/great_expectations/tests/datasource/fluent/integration/test_sql_datasources.py:1002: no databricks credentials</skipped></testcase><testcase classname="tests.datasource.fluent.integration.test_sql_datasources.TestColumnExpectations" name="test_desired_state[databricks_sql-str quoted_lower_col-expect_column_values_to_match_like_pattern]" time="0.008"><skipped type="pytest.skip" message="no databricks credentials">/Users/nathanfarmer/great_expectations/tests/datasource/fluent/integration/test_sql_datasources.py:1002: no databricks credentials</skipped></testcase><testcase classname="tests.datasource.fluent.integration.test_sql_datasources.TestColumnExpectations" name="test_desired_state[databricks_sql-str &quot;quoted_lower_col&quot;-expect_column_to_exist]" time="0.008"><skipped type="pytest.skip" message="no databricks credentials">/Users/nathanfarmer/great_expectations/tests/datasource/fluent/integration/test_sql_datasources.py:1002: no databricks credentials</skipped></testcase><testcase classname="tests.datasource.fluent.integration.test_sql_datasources.TestColumnExpectations" name="test_desired_state[databricks_sql-str &quot;quoted_lower_col&quot;-expect_column_values_to_not_be_null]" time="0.008"><skipped type="pytest.skip" message="no databricks credentials">/Users/nathanfarmer/great_expectations/tests/datasource/fluent/integration/test_sql_datasources.py:1002: no databricks credentials</skipped></testcase><testcase classname="tests.datasource.fluent.integration.test_sql_datasources.TestColumnExpectations" name="test_desired_state[databricks_sql-str &quot;quoted_lower_col&quot;-expect_column_values_to_match_regex]" time="0.008"><skipped type="pytest.skip" message="no databricks credentials">/Users/nathanfarmer/great_expectations/tests/datasource/fluent/integration/test_sql_datasources.py:1002: no databricks credentials</skipped></testcase><testcase classname="tests.datasource.fluent.integration.test_sql_datasources.TestColumnExpectations" name="test_desired_state[databricks_sql-str &quot;quoted_lower_col&quot;-expect_column_values_to_match_like_pattern]" time="0.008"><skipped type="pytest.skip" message="no databricks credentials">/Users/nathanfarmer/great_expectations/tests/datasource/fluent/integration/test_sql_datasources.py:1002: no databricks credentials</skipped></testcase><testcase classname="tests.datasource.fluent.integration.test_sql_datasources.TestColumnExpectations" name="test_desired_state[databricks_sql-str QUOTED_LOWER_COL-expect_column_to_exist]" time="0.011"><skipped type="pytest.skip" message="no databricks credentials">/Users/nathanfarmer/great_expectations/tests/datasource/fluent/integration/test_sql_datasources.py:1002: no databricks credentials</skipped></testcase><testcase classname="tests.datasource.fluent.integration.test_sql_datasources.TestColumnExpectations" name="test_desired_state[databricks_sql-str QUOTED_LOWER_COL-expect_column_values_to_not_be_null]" time="0.008"><skipped type="pytest.skip" message="no databricks credentials">/Users/nathanfarmer/great_expectations/tests/datasource/fluent/integration/test_sql_datasources.py:1002: no databricks credentials</skipped></testcase><testcase classname="tests.datasource.fluent.integration.test_sql_datasources.TestColumnExpectations" name="test_desired_state[databricks_sql-str QUOTED_LOWER_COL-expect_column_values_to_match_regex]" time="0.008"><skipped type="pytest.skip" message="no databricks credentials">/Users/nathanfarmer/great_expectations/tests/datasource/fluent/integration/test_sql_datasources.py:1002: no databricks credentials</skipped></testcase><testcase classname="tests.datasource.fluent.integration.test_sql_datasources.TestColumnExpectations" name="test_desired_state[databricks_sql-str QUOTED_LOWER_COL-expect_column_values_to_match_like_pattern]" time="0.008"><skipped type="pytest.skip" message="no databricks credentials">/Users/nathanfarmer/great_expectations/tests/datasource/fluent/integration/test_sql_datasources.py:1002: no databricks credentials</skipped></testcase><testcase classname="tests.datasource.fluent.integration.test_sql_datasources.TestColumnExpectations" name="test_desired_state[databricks_sql-str &quot;QUOTED_LOWER_COL&quot;-expect_column_to_exist]" time="0.008"><skipped type="pytest.skip" message="no databricks credentials">/Users/nathanfarmer/great_expectations/tests/datasource/fluent/integration/test_sql_datasources.py:1002: no databricks credentials</skipped></testcase><testcase classname="tests.datasource.fluent.integration.test_sql_datasources.TestColumnExpectations" name="test_desired_state[databricks_sql-str &quot;QUOTED_LOWER_COL&quot;-expect_column_values_to_not_be_null]" time="0.008"><skipped type="pytest.skip" message="no databricks credentials">/Users/nathanfarmer/great_expectations/tests/datasource/fluent/integration/test_sql_datasources.py:1002: no databricks credentials</skipped></testcase><testcase classname="tests.datasource.fluent.integration.test_sql_datasources.TestColumnExpectations" name="test_desired_state[databricks_sql-str &quot;QUOTED_LOWER_COL&quot;-expect_column_values_to_match_regex]" time="0.009"><skipped type="pytest.skip" message="no databricks credentials">/Users/nathanfarmer/great_expectations/tests/datasource/fluent/integration/test_sql_datasources.py:1002: no databricks credentials</skipped></testcase><testcase classname="tests.datasource.fluent.integration.test_sql_datasources.TestColumnExpectations" name="test_desired_state[databricks_sql-str &quot;QUOTED_LOWER_COL&quot;-expect_column_values_to_match_like_pattern]" time="0.008"><skipped type="pytest.skip" message="no databricks credentials">/Users/nathanfarmer/great_expectations/tests/datasource/fluent/integration/test_sql_datasources.py:1002: no databricks credentials</skipped></testcase><testcase classname="tests.datasource.fluent.integration.test_sql_datasources.TestColumnExpectations" name="test_desired_state[databricks_sql-str quoted_upper_col-expect_column_to_exist]" time="0.008"><skipped type="pytest.skip" message="no databricks credentials">/Users/nathanfarmer/great_expectations/tests/datasource/fluent/integration/test_sql_datasources.py:1002: no databricks credentials</skipped></testcase><testcase classname="tests.datasource.fluent.integration.test_sql_datasources.TestColumnExpectations" name="test_desired_state[databricks_sql-str quoted_upper_col-expect_column_values_to_not_be_null]" time="0.008"><skipped type="pytest.skip" message="no databricks credentials">/Users/nathanfarmer/great_expectations/tests/datasource/fluent/integration/test_sql_datasources.py:1002: no databricks credentials</skipped></testcase><testcase classname="tests.datasource.fluent.integration.test_sql_datasources.TestColumnExpectations" name="test_desired_state[databricks_sql-str quoted_upper_col-expect_column_values_to_match_regex]" time="0.012"><skipped type="pytest.skip" message="no databricks credentials">/Users/nathanfarmer/great_expectations/tests/datasource/fluent/integration/test_sql_datasources.py:1002: no databricks credentials</skipped></testcase><testcase classname="tests.datasource.fluent.integration.test_sql_datasources.TestColumnExpectations" name="test_desired_state[databricks_sql-str quoted_upper_col-expect_column_values_to_match_like_pattern]" time="0.009"><skipped type="pytest.skip" message="no databricks credentials">/Users/nathanfarmer/great_expectations/tests/datasource/fluent/integration/test_sql_datasources.py:1002: no databricks credentials</skipped></testcase><testcase classname="tests.datasource.fluent.integration.test_sql_datasources.TestColumnExpectations" name="test_desired_state[databricks_sql-str &quot;quoted_upper_col&quot;-expect_column_to_exist]" time="0.008"><skipped type="pytest.skip" message="no databricks credentials">/Users/nathanfarmer/great_expectations/tests/datasource/fluent/integration/test_sql_datasources.py:1002: no databricks credentials</skipped></testcase><testcase classname="tests.datasource.fluent.integration.test_sql_datasources.TestColumnExpectations" name="test_desired_state[databricks_sql-str &quot;quoted_upper_col&quot;-expect_column_values_to_not_be_null]" time="0.009"><skipped type="pytest.skip" message="no databricks credentials">/Users/nathanfarmer/great_expectations/tests/datasource/fluent/integration/test_sql_datasources.py:1002: no databricks credentials</skipped></testcase><testcase classname="tests.datasource.fluent.integration.test_sql_datasources.TestColumnExpectations" name="test_desired_state[databricks_sql-str &quot;quoted_upper_col&quot;-expect_column_values_to_match_regex]" time="0.008"><skipped type="pytest.skip" message="no databricks credentials">/Users/nathanfarmer/great_expectations/tests/datasource/fluent/integration/test_sql_datasources.py:1002: no databricks credentials</skipped></testcase><testcase classname="tests.datasource.fluent.integration.test_sql_datasources.TestColumnExpectations" name="test_desired_state[databricks_sql-str &quot;quoted_upper_col&quot;-expect_column_values_to_match_like_pattern]" time="0.008"><skipped type="pytest.skip" message="no databricks credentials">/Users/nathanfarmer/great_expectations/tests/datasource/fluent/integration/test_sql_datasources.py:1002: no databricks credentials</skipped></testcase><testcase classname="tests.datasource.fluent.integration.test_sql_datasources.TestColumnExpectations" name="test_desired_state[databricks_sql-str QUOTED_UPPER_COL-expect_column_to_exist]" time="0.008"><skipped type="pytest.skip" message="no databricks credentials">/Users/nathanfarmer/great_expectations/tests/datasource/fluent/integration/test_sql_datasources.py:1002: no databricks credentials</skipped></testcase><testcase classname="tests.datasource.fluent.integration.test_sql_datasources.TestColumnExpectations" name="test_desired_state[databricks_sql-str QUOTED_UPPER_COL-expect_column_values_to_not_be_null]" time="0.008"><skipped type="pytest.skip" message="no databricks credentials">/Users/nathanfarmer/great_expectations/tests/datasource/fluent/integration/test_sql_datasources.py:1002: no databricks credentials</skipped></testcase><testcase classname="tests.datasource.fluent.integration.test_sql_datasources.TestColumnExpectations" name="test_desired_state[databricks_sql-str QUOTED_UPPER_COL-expect_column_values_to_match_regex]" time="0.008"><skipped type="pytest.skip" message="no databricks credentials">/Users/nathanfarmer/great_expectations/tests/datasource/fluent/integration/test_sql_datasources.py:1002: no databricks credentials</skipped></testcase><testcase classname="tests.datasource.fluent.integration.test_sql_datasources.TestColumnExpectations" name="test_desired_state[databricks_sql-str QUOTED_UPPER_COL-expect_column_values_to_match_like_pattern]" time="0.008"><skipped type="pytest.skip" message="no databricks credentials">/Users/nathanfarmer/great_expectations/tests/datasource/fluent/integration/test_sql_datasources.py:1002: no databricks credentials</skipped></testcase><testcase classname="tests.datasource.fluent.integration.test_sql_datasources.TestColumnExpectations" name="test_desired_state[databricks_sql-str &quot;QUOTED_UPPER_COL&quot;-expect_column_to_exist]" time="0.010"><skipped type="pytest.skip" message="no databricks credentials">/Users/nathanfarmer/great_expectations/tests/datasource/fluent/integration/test_sql_datasources.py:1002: no databricks credentials</skipped></testcase><testcase classname="tests.datasource.fluent.integration.test_sql_datasources.TestColumnExpectations" name="test_desired_state[databricks_sql-str &quot;QUOTED_UPPER_COL&quot;-expect_column_values_to_not_be_null]" time="0.008"><skipped type="pytest.skip" message="no databricks credentials">/Users/nathanfarmer/great_expectations/tests/datasource/fluent/integration/test_sql_datasources.py:1002: no databricks credentials</skipped></testcase><testcase classname="tests.datasource.fluent.integration.test_sql_datasources.TestColumnExpectations" name="test_desired_state[databricks_sql-str &quot;QUOTED_UPPER_COL&quot;-expect_column_values_to_match_regex]" time="0.008"><skipped type="pytest.skip" message="no databricks credentials">/Users/nathanfarmer/great_expectations/tests/datasource/fluent/integration/test_sql_datasources.py:1002: no databricks credentials</skipped></testcase><testcase classname="tests.datasource.fluent.integration.test_sql_datasources.TestColumnExpectations" name="test_desired_state[databricks_sql-str &quot;QUOTED_UPPER_COL&quot;-expect_column_values_to_match_like_pattern]" time="0.009"><skipped type="pytest.skip" message="no databricks credentials">/Users/nathanfarmer/great_expectations/tests/datasource/fluent/integration/test_sql_datasources.py:1002: no databricks credentials</skipped></testcase><testcase classname="tests.datasource.fluent.integration.test_sql_datasources.TestColumnExpectations" name="test_desired_state[databricks_sql-str quotedmixed-expect_column_to_exist]" time="0.008"><skipped type="pytest.skip" message="no databricks credentials">/Users/nathanfarmer/great_expectations/tests/datasource/fluent/integration/test_sql_datasources.py:1002: no databricks credentials</skipped></testcase><testcase classname="tests.datasource.fluent.integration.test_sql_datasources.TestColumnExpectations" name="test_desired_state[databricks_sql-str quotedmixed-expect_column_values_to_not_be_null]" time="0.008"><skipped type="pytest.skip" message="no databricks credentials">/Users/nathanfarmer/great_expectations/tests/datasource/fluent/integration/test_sql_datasources.py:1002: no databricks credentials</skipped></testcase><testcase classname="tests.datasource.fluent.integration.test_sql_datasources.TestColumnExpectations" name="test_desired_state[databricks_sql-str quotedmixed-expect_column_values_to_match_regex]" time="0.012"><skipped type="pytest.skip" message="no databricks credentials">/Users/nathanfarmer/great_expectations/tests/datasource/fluent/integration/test_sql_datasources.py:1002: no databricks credentials</skipped></testcase><testcase classname="tests.datasource.fluent.integration.test_sql_datasources.TestColumnExpectations" name="test_desired_state[databricks_sql-str quotedmixed-expect_column_values_to_match_like_pattern]" time="0.008"><skipped type="pytest.skip" message="no databricks credentials">/Users/nathanfarmer/great_expectations/tests/datasource/fluent/integration/test_sql_datasources.py:1002: no databricks credentials</skipped></testcase><testcase classname="tests.datasource.fluent.integration.test_sql_datasources.TestColumnExpectations" name="test_desired_state[databricks_sql-str quotedMixed-expect_column_to_exist]" time="0.008"><skipped type="pytest.skip" message="no databricks credentials">/Users/nathanfarmer/great_expectations/tests/datasource/fluent/integration/test_sql_datasources.py:1002: no databricks credentials</skipped></testcase><testcase classname="tests.datasource.fluent.integration.test_sql_datasources.TestColumnExpectations" name="test_desired_state[databricks_sql-str quotedMixed-expect_column_values_to_not_be_null]" time="0.008"><skipped type="pytest.skip" message="no databricks credentials">/Users/nathanfarmer/great_expectations/tests/datasource/fluent/integration/test_sql_datasources.py:1002: no databricks credentials</skipped></testcase><testcase classname="tests.datasource.fluent.integration.test_sql_datasources.TestColumnExpectations" name="test_desired_state[databricks_sql-str quotedMixed-expect_column_values_to_match_regex]" time="0.008"><skipped type="pytest.skip" message="no databricks credentials">/Users/nathanfarmer/great_expectations/tests/datasource/fluent/integration/test_sql_datasources.py:1002: no databricks credentials</skipped></testcase><testcase classname="tests.datasource.fluent.integration.test_sql_datasources.TestColumnExpectations" name="test_desired_state[databricks_sql-str quotedMixed-expect_column_values_to_match_like_pattern]" time="0.008"><skipped type="pytest.skip" message="no databricks credentials">/Users/nathanfarmer/great_expectations/tests/datasource/fluent/integration/test_sql_datasources.py:1002: no databricks credentials</skipped></testcase><testcase classname="tests.datasource.fluent.integration.test_sql_datasources.TestColumnExpectations" name="test_desired_state[databricks_sql-str &quot;quotedMixed&quot;-expect_column_to_exist]" time="0.008"><skipped type="pytest.skip" message="no databricks credentials">/Users/nathanfarmer/great_expectations/tests/datasource/fluent/integration/test_sql_datasources.py:1002: no databricks credentials</skipped></testcase><testcase classname="tests.datasource.fluent.integration.test_sql_datasources.TestColumnExpectations" name="test_desired_state[databricks_sql-str &quot;quotedMixed&quot;-expect_column_values_to_not_be_null]" time="0.008"><skipped type="pytest.skip" message="no databricks credentials">/Users/nathanfarmer/great_expectations/tests/datasource/fluent/integration/test_sql_datasources.py:1002: no databricks credentials</skipped></testcase><testcase classname="tests.datasource.fluent.integration.test_sql_datasources.TestColumnExpectations" name="test_desired_state[databricks_sql-str &quot;quotedMixed&quot;-expect_column_values_to_match_regex]" time="0.008"><skipped type="pytest.skip" message="no databricks credentials">/Users/nathanfarmer/great_expectations/tests/datasource/fluent/integration/test_sql_datasources.py:1002: no databricks credentials</skipped></testcase><testcase classname="tests.datasource.fluent.integration.test_sql_datasources.TestColumnExpectations" name="test_desired_state[databricks_sql-str &quot;quotedMixed&quot;-expect_column_values_to_match_like_pattern]" time="0.009"><skipped type="pytest.skip" message="no databricks credentials">/Users/nathanfarmer/great_expectations/tests/datasource/fluent/integration/test_sql_datasources.py:1002: no databricks credentials</skipped></testcase><testcase classname="tests.datasource.fluent.integration.test_sql_datasources.TestColumnExpectations" name="test_desired_state[databricks_sql-str QUOTEDMIXED-expect_column_to_exist]" time="0.015"><skipped type="pytest.skip" message="no databricks credentials">/Users/nathanfarmer/great_expectations/tests/datasource/fluent/integration/test_sql_datasources.py:1002: no databricks credentials</skipped></testcase><testcase classname="tests.datasource.fluent.integration.test_sql_datasources.TestColumnExpectations" name="test_desired_state[databricks_sql-str QUOTEDMIXED-expect_column_values_to_not_be_null]" time="0.008"><skipped type="pytest.skip" message="no databricks credentials">/Users/nathanfarmer/great_expectations/tests/datasource/fluent/integration/test_sql_datasources.py:1002: no databricks credentials</skipped></testcase><testcase classname="tests.datasource.fluent.integration.test_sql_datasources.TestColumnExpectations" name="test_desired_state[databricks_sql-str QUOTEDMIXED-expect_column_values_to_match_regex]" time="0.008"><skipped type="pytest.skip" message="no databricks credentials">/Users/nathanfarmer/great_expectations/tests/datasource/fluent/integration/test_sql_datasources.py:1002: no databricks credentials</skipped></testcase><testcase classname="tests.datasource.fluent.integration.test_sql_datasources.TestColumnExpectations" name="test_desired_state[databricks_sql-str QUOTEDMIXED-expect_column_values_to_match_like_pattern]" time="0.008"><skipped type="pytest.skip" message="no databricks credentials">/Users/nathanfarmer/great_expectations/tests/datasource/fluent/integration/test_sql_datasources.py:1002: no databricks credentials</skipped></testcase><testcase classname="tests.datasource.fluent.integration.test_sql_datasources.TestColumnExpectations" name="test_desired_state[databricks_sql-str quoted.w.dots-expect_column_to_exist]" time="0.008"><skipped type="pytest.skip" message="no databricks credentials">/Users/nathanfarmer/great_expectations/tests/datasource/fluent/integration/test_sql_datasources.py:1002: no databricks credentials</skipped></testcase><testcase classname="tests.datasource.fluent.integration.test_sql_datasources.TestColumnExpectations" name="test_desired_state[databricks_sql-str quoted.w.dots-expect_column_values_to_not_be_null]" time="0.008"><skipped type="pytest.skip" message="no databricks credentials">/Users/nathanfarmer/great_expectations/tests/datasource/fluent/integration/test_sql_datasources.py:1002: no databricks credentials</skipped></testcase><testcase classname="tests.datasource.fluent.integration.test_sql_datasources.TestColumnExpectations" name="test_desired_state[databricks_sql-str quoted.w.dots-expect_column_values_to_match_regex]" time="0.008"><skipped type="pytest.skip" message="no databricks credentials">/Users/nathanfarmer/great_expectations/tests/datasource/fluent/integration/test_sql_datasources.py:1002: no databricks credentials</skipped></testcase><testcase classname="tests.datasource.fluent.integration.test_sql_datasources.TestColumnExpectations" name="test_desired_state[databricks_sql-str quoted.w.dots-expect_column_values_to_match_like_pattern]" time="0.009"><skipped type="pytest.skip" message="no databricks credentials">/Users/nathanfarmer/great_expectations/tests/datasource/fluent/integration/test_sql_datasources.py:1002: no databricks credentials</skipped></testcase><testcase classname="tests.datasource.fluent.integration.test_sql_datasources.TestColumnExpectations" name="test_desired_state[databricks_sql-str &quot;quoted.w.dots&quot;-expect_column_to_exist]" time="0.009"><skipped type="pytest.skip" message="no databricks credentials">/Users/nathanfarmer/great_expectations/tests/datasource/fluent/integration/test_sql_datasources.py:1002: no databricks credentials</skipped></testcase><testcase classname="tests.datasource.fluent.integration.test_sql_datasources.TestColumnExpectations" name="test_desired_state[databricks_sql-str &quot;quoted.w.dots&quot;-expect_column_values_to_not_be_null]" time="0.008"><skipped type="pytest.skip" message="no databricks credentials">/Users/nathanfarmer/great_expectations/tests/datasource/fluent/integration/test_sql_datasources.py:1002: no databricks credentials</skipped></testcase><testcase classname="tests.datasource.fluent.integration.test_sql_datasources.TestColumnExpectations" name="test_desired_state[databricks_sql-str &quot;quoted.w.dots&quot;-expect_column_values_to_match_regex]" time="0.011"><skipped type="pytest.skip" message="no databricks credentials">/Users/nathanfarmer/great_expectations/tests/datasource/fluent/integration/test_sql_datasources.py:1002: no databricks credentials</skipped></testcase><testcase classname="tests.datasource.fluent.integration.test_sql_datasources.TestColumnExpectations" name="test_desired_state[databricks_sql-str &quot;quoted.w.dots&quot;-expect_column_values_to_match_like_pattern]" time="0.008"><skipped type="pytest.skip" message="no databricks credentials">/Users/nathanfarmer/great_expectations/tests/datasource/fluent/integration/test_sql_datasources.py:1002: no databricks credentials</skipped></testcase><testcase classname="tests.datasource.fluent.integration.test_sql_datasources.TestColumnExpectations" name="test_desired_state[databricks_sql-str QUOTED.W.DOTS-expect_column_to_exist]" time="0.009"><skipped type="pytest.skip" message="no databricks credentials">/Users/nathanfarmer/great_expectations/tests/datasource/fluent/integration/test_sql_datasources.py:1002: no databricks credentials</skipped></testcase><testcase classname="tests.datasource.fluent.integration.test_sql_datasources.TestColumnExpectations" name="test_desired_state[databricks_sql-str QUOTED.W.DOTS-expect_column_values_to_not_be_null]" time="0.009"><skipped type="pytest.skip" message="no databricks credentials">/Users/nathanfarmer/great_expectations/tests/datasource/fluent/integration/test_sql_datasources.py:1002: no databricks credentials</skipped></testcase><testcase classname="tests.datasource.fluent.integration.test_sql_datasources.TestColumnExpectations" name="test_desired_state[databricks_sql-str QUOTED.W.DOTS-expect_column_values_to_match_regex]" time="0.008"><skipped type="pytest.skip" message="no databricks credentials">/Users/nathanfarmer/great_expectations/tests/datasource/fluent/integration/test_sql_datasources.py:1002: no databricks credentials</skipped></testcase><testcase classname="tests.datasource.fluent.integration.test_sql_datasources.TestColumnExpectations" name="test_desired_state[databricks_sql-str QUOTED.W.DOTS-expect_column_values_to_match_like_pattern]" time="0.008"><skipped type="pytest.skip" message="no databricks credentials">/Users/nathanfarmer/great_expectations/tests/datasource/fluent/integration/test_sql_datasources.py:1002: no databricks credentials</skipped></testcase><testcase classname="tests.datasource.fluent.integration.test_sql_datasources.TestColumnExpectations" name="test_desired_state[databricks_sql-str &quot;QUOTED.W.DOTS&quot;-expect_column_to_exist]" time="0.008"><skipped type="pytest.skip" message="no databricks credentials">/Users/nathanfarmer/great_expectations/tests/datasource/fluent/integration/test_sql_datasources.py:1002: no databricks credentials</skipped></testcase><testcase classname="tests.datasource.fluent.integration.test_sql_datasources.TestColumnExpectations" name="test_desired_state[databricks_sql-str &quot;QUOTED.W.DOTS&quot;-expect_column_values_to_not_be_null]" time="0.008"><skipped type="pytest.skip" message="no databricks credentials">/Users/nathanfarmer/great_expectations/tests/datasource/fluent/integration/test_sql_datasources.py:1002: no databricks credentials</skipped></testcase><testcase classname="tests.datasource.fluent.integration.test_sql_datasources.TestColumnExpectations" name="test_desired_state[databricks_sql-str &quot;QUOTED.W.DOTS&quot;-expect_column_values_to_match_regex]" time="0.008"><skipped type="pytest.skip" message="no databricks credentials">/Users/nathanfarmer/great_expectations/tests/datasource/fluent/integration/test_sql_datasources.py:1002: no databricks credentials</skipped></testcase><testcase classname="tests.datasource.fluent.integration.test_sql_datasources.TestColumnExpectations" name="test_desired_state[databricks_sql-str &quot;QUOTED.W.DOTS&quot;-expect_column_values_to_match_like_pattern]" time="0.008"><skipped type="pytest.skip" message="no databricks credentials">/Users/nathanfarmer/great_expectations/tests/datasource/fluent/integration/test_sql_datasources.py:1002: no databricks credentials</skipped></testcase><testcase classname="tests.integration.data_sources_and_expectations.expectations.test_expect_column_distinct_values_to_be_in_set" name="test_success_complete_results[databricks]" time="0.019"><error message="failed on setup with &quot;pydantic.v1.error_wrappers.ValidationError: 3 validation errors for DatabricksConnectionConfig&#10;databricks_token&#10;  field required (type=value_error.missing)&#10;databricks_host&#10;  field required (type=value_error.missing)&#10;databricks_http_path&#10;  field required (type=value_error.missing)&quot;">&gt;       lambda: ihook(item=item, **kwds), when=when, reraise=reraise
    )

.venv/gx_dev/lib/python3.11/site-packages/flaky/flaky_pytest_plugin.py:146:
_ _ _ _ _ _ _ _ _ _ _ _ _ _ _ _ _ _ _ _ _ _ _ _ _ _ _ _ _ _ _ _ _ _ _ _ _ _ _ _ _ _ _ _ _ _ _ _ _ _ _ _ _ _ _ _ _ _ _ _ _ _ _ _ _ _ _ _ _ _ _ _ _ _ _ _ _ _ _ _ _ _ _ _ _ _ _ _ _ _ _ _ _ _ _ _ _ _ _ _ _ _ _ _ _ _ _ _ _ _ _ _ _ _
tests/integration/conftest.py:153: in _batch_setup_for_datasource
    batch_setup.setup()
tests/integration/test_utils/data_source_config/sql.py:126: in setup
    engine = create_engine(url=self.connection_string)
tests/integration/test_utils/data_source_config/databricks.py:53: in connection_string
    return self._databrics_connection_config.connection_string(self.schema)
/opt/homebrew/Cellar/python@3.11/3.11.11/Frameworks/Python.framework/Versions/3.11/lib/python3.11/functools.py:1001: in __get__
    val = self.func(instance)
tests/integration/test_utils/data_source_config/databricks.py:70: in _databrics_connection_config
    return DatabricksConnectionConfig()  # type: ignore[call-arg]  # retrieves env vars
.venv/gx_dev/lib/python3.11/site-packages/pydantic/v1/env_settings.py:40: in __init__
    super().__init__(
_ _ _ _ _ _ _ _ _ _ _ _ _ _ _ _ _ _ _ _ _ _ _ _ _ _ _ _ _ _ _ _ _ _ _ _ _ _ _ _ _ _ _ _ _ _ _ _ _ _ _ _ _ _ _ _ _ _ _ _ _ _ _ _ _ _ _ _ _ _ _ _ _ _ _ _ _ _ _ _ _ _ _ _ _ _ _ _ _ _ _ _ _ _ _ _ _ _ _ _ _ _ _ _ _ _ _ _ _ _ _ _ _ _

__pydantic_self__ = DatabricksConnectionConfig(), data = {}, values = {}, fields_set = set()
validation_error = ValidationError(model='DatabricksConnectionConfig', errors=[{'loc': ('databricks_token',), 'msg': 'field required', 't...': 'value_error.missing'}, {'loc': ('databricks_http_path',), 'msg': 'field required', 'type': 'value_error.missing'}])

    def __init__(__pydantic_self__, **data: Any) -&gt; None:
        """
        Create a new model by parsing and validating input data from keyword arguments.

        Raises ValidationError if the input data cannot be parsed to form a valid model.
        """
        # Uses something other than `self` the first arg to allow "self" as a settable attribute
        values, fields_set, validation_error = validate_model(__pydantic_self__.__class__, data)
        if validation_error:
&gt;           raise validation_error
E           pydantic.v1.error_wrappers.ValidationError: 3 validation errors for DatabricksConnectionConfig
E           databricks_token
E             field required (type=value_error.missing)
E           databricks_host
E             field required (type=value_error.missing)
E           databricks_http_path
E             field required (type=value_error.missing)

.venv/gx_dev/lib/python3.11/site-packages/pydantic/v1/main.py:341: ValidationError</error></testcase><testcase classname="tests.integration.data_sources_and_expectations.expectations.test_expect_column_distinct_values_to_be_in_set" name="test_strings[databricks]" time="0.004"><error message="failed on setup with &quot;pydantic.v1.error_wrappers.ValidationError: 3 validation errors for DatabricksConnectionConfig&#10;databricks_token&#10;  field required (type=value_error.missing)&#10;databricks_host&#10;  field required (type=value_error.missing)&#10;databricks_http_path&#10;  field required (type=value_error.missing)&quot;">&gt;       lambda: ihook(item=item, **kwds), when=when, reraise=reraise
    )

.venv/gx_dev/lib/python3.11/site-packages/flaky/flaky_pytest_plugin.py:146:
_ _ _ _ _ _ _ _ _ _ _ _ _ _ _ _ _ _ _ _ _ _ _ _ _ _ _ _ _ _ _ _ _ _ _ _ _ _ _ _ _ _ _ _ _ _ _ _ _ _ _ _ _ _ _ _ _ _ _ _ _ _ _ _ _ _ _ _ _ _ _ _ _ _ _ _ _ _ _ _ _ _ _ _ _ _ _ _ _ _ _ _ _ _ _ _ _ _ _ _ _ _ _ _ _ _ _ _ _ _ _ _ _ _
tests/integration/conftest.py:153: in _batch_setup_for_datasource
    batch_setup.setup()
tests/integration/test_utils/data_source_config/sql.py:126: in setup
    engine = create_engine(url=self.connection_string)
tests/integration/test_utils/data_source_config/databricks.py:53: in connection_string
    return self._databrics_connection_config.connection_string(self.schema)
/opt/homebrew/Cellar/python@3.11/3.11.11/Frameworks/Python.framework/Versions/3.11/lib/python3.11/functools.py:1001: in __get__
    val = self.func(instance)
tests/integration/test_utils/data_source_config/databricks.py:70: in _databrics_connection_config
    return DatabricksConnectionConfig()  # type: ignore[call-arg]  # retrieves env vars
.venv/gx_dev/lib/python3.11/site-packages/pydantic/v1/env_settings.py:40: in __init__
    super().__init__(
_ _ _ _ _ _ _ _ _ _ _ _ _ _ _ _ _ _ _ _ _ _ _ _ _ _ _ _ _ _ _ _ _ _ _ _ _ _ _ _ _ _ _ _ _ _ _ _ _ _ _ _ _ _ _ _ _ _ _ _ _ _ _ _ _ _ _ _ _ _ _ _ _ _ _ _ _ _ _ _ _ _ _ _ _ _ _ _ _ _ _ _ _ _ _ _ _ _ _ _ _ _ _ _ _ _ _ _ _ _ _ _ _ _

__pydantic_self__ = DatabricksConnectionConfig(), data = {}, values = {}, fields_set = set()
validation_error = ValidationError(model='DatabricksConnectionConfig', errors=[{'loc': ('databricks_token',), 'msg': 'field required', 't...': 'value_error.missing'}, {'loc': ('databricks_http_path',), 'msg': 'field required', 'type': 'value_error.missing'}])

    def __init__(__pydantic_self__, **data: Any) -&gt; None:
        """
        Create a new model by parsing and validating input data from keyword arguments.

        Raises ValidationError if the input data cannot be parsed to form a valid model.
        """
        # Uses something other than `self` the first arg to allow "self" as a settable attribute
        values, fields_set, validation_error = validate_model(__pydantic_self__.__class__, data)
        if validation_error:
&gt;           raise validation_error
E           pydantic.v1.error_wrappers.ValidationError: 3 validation errors for DatabricksConnectionConfig
E           databricks_token
E             field required (type=value_error.missing)
E           databricks_host
E             field required (type=value_error.missing)
E           databricks_http_path
E             field required (type=value_error.missing)

.venv/gx_dev/lib/python3.11/site-packages/pydantic/v1/main.py:341: ValidationError</error></testcase><testcase classname="tests.integration.data_sources_and_expectations.expectations.test_expect_column_distinct_values_to_be_in_set" name="test_dates[databricks]" time="0.002"><error message="failed on setup with &quot;pydantic.v1.error_wrappers.ValidationError: 3 validation errors for DatabricksConnectionConfig&#10;databricks_token&#10;  field required (type=value_error.missing)&#10;databricks_host&#10;  field required (type=value_error.missing)&#10;databricks_http_path&#10;  field required (type=value_error.missing)&quot;">&gt;       lambda: ihook(item=item, **kwds), when=when, reraise=reraise
    )

.venv/gx_dev/lib/python3.11/site-packages/flaky/flaky_pytest_plugin.py:146:
_ _ _ _ _ _ _ _ _ _ _ _ _ _ _ _ _ _ _ _ _ _ _ _ _ _ _ _ _ _ _ _ _ _ _ _ _ _ _ _ _ _ _ _ _ _ _ _ _ _ _ _ _ _ _ _ _ _ _ _ _ _ _ _ _ _ _ _ _ _ _ _ _ _ _ _ _ _ _ _ _ _ _ _ _ _ _ _ _ _ _ _ _ _ _ _ _ _ _ _ _ _ _ _ _ _ _ _ _ _ _ _ _ _
tests/integration/conftest.py:153: in _batch_setup_for_datasource
    batch_setup.setup()
tests/integration/test_utils/data_source_config/sql.py:126: in setup
    engine = create_engine(url=self.connection_string)
tests/integration/test_utils/data_source_config/databricks.py:53: in connection_string
    return self._databrics_connection_config.connection_string(self.schema)
/opt/homebrew/Cellar/python@3.11/3.11.11/Frameworks/Python.framework/Versions/3.11/lib/python3.11/functools.py:1001: in __get__
    val = self.func(instance)
tests/integration/test_utils/data_source_config/databricks.py:70: in _databrics_connection_config
    return DatabricksConnectionConfig()  # type: ignore[call-arg]  # retrieves env vars
.venv/gx_dev/lib/python3.11/site-packages/pydantic/v1/env_settings.py:40: in __init__
    super().__init__(
_ _ _ _ _ _ _ _ _ _ _ _ _ _ _ _ _ _ _ _ _ _ _ _ _ _ _ _ _ _ _ _ _ _ _ _ _ _ _ _ _ _ _ _ _ _ _ _ _ _ _ _ _ _ _ _ _ _ _ _ _ _ _ _ _ _ _ _ _ _ _ _ _ _ _ _ _ _ _ _ _ _ _ _ _ _ _ _ _ _ _ _ _ _ _ _ _ _ _ _ _ _ _ _ _ _ _ _ _ _ _ _ _ _

__pydantic_self__ = DatabricksConnectionConfig(), data = {}, values = {}, fields_set = set()
validation_error = ValidationError(model='DatabricksConnectionConfig', errors=[{'loc': ('databricks_token',), 'msg': 'field required', 't...': 'value_error.missing'}, {'loc': ('databricks_http_path',), 'msg': 'field required', 'type': 'value_error.missing'}])

    def __init__(__pydantic_self__, **data: Any) -&gt; None:
        """
        Create a new model by parsing and validating input data from keyword arguments.

        Raises ValidationError if the input data cannot be parsed to form a valid model.
        """
        # Uses something other than `self` the first arg to allow "self" as a settable attribute
        values, fields_set, validation_error = validate_model(__pydantic_self__.__class__, data)
        if validation_error:
&gt;           raise validation_error
E           pydantic.v1.error_wrappers.ValidationError: 3 validation errors for DatabricksConnectionConfig
E           databricks_token
E             field required (type=value_error.missing)
E           databricks_host
E             field required (type=value_error.missing)
E           databricks_http_path
E             field required (type=value_error.missing)

.venv/gx_dev/lib/python3.11/site-packages/pydantic/v1/main.py:341: ValidationError</error></testcase><testcase classname="tests.integration.data_sources_and_expectations.expectations.test_expect_column_distinct_values_to_contain_set" name="test_success_complete_results[databricks]" time="0.009"><error message="failed on setup with &quot;pydantic.v1.error_wrappers.ValidationError: 3 validation errors for DatabricksConnectionConfig&#10;databricks_token&#10;  field required (type=value_error.missing)&#10;databricks_host&#10;  field required (type=value_error.missing)&#10;databricks_http_path&#10;  field required (type=value_error.missing)&quot;">&gt;       lambda: ihook(item=item, **kwds), when=when, reraise=reraise
    )

.venv/gx_dev/lib/python3.11/site-packages/flaky/flaky_pytest_plugin.py:146:
_ _ _ _ _ _ _ _ _ _ _ _ _ _ _ _ _ _ _ _ _ _ _ _ _ _ _ _ _ _ _ _ _ _ _ _ _ _ _ _ _ _ _ _ _ _ _ _ _ _ _ _ _ _ _ _ _ _ _ _ _ _ _ _ _ _ _ _ _ _ _ _ _ _ _ _ _ _ _ _ _ _ _ _ _ _ _ _ _ _ _ _ _ _ _ _ _ _ _ _ _ _ _ _ _ _ _ _ _ _ _ _ _ _
tests/integration/conftest.py:166: in batch_for_datasource
    yield _batch_setup_for_datasource.make_batch()
tests/integration/test_utils/data_source_config/sql.py:83: in make_batch
    self.make_asset()
tests/integration/test_utils/data_source_config/databricks.py:76: in make_asset
    connection_string=self.connection_string,
tests/integration/test_utils/data_source_config/databricks.py:53: in connection_string
    return self._databrics_connection_config.connection_string(self.schema)
/opt/homebrew/Cellar/python@3.11/3.11.11/Frameworks/Python.framework/Versions/3.11/lib/python3.11/functools.py:1001: in __get__
    val = self.func(instance)
tests/integration/test_utils/data_source_config/databricks.py:70: in _databrics_connection_config
    return DatabricksConnectionConfig()  # type: ignore[call-arg]  # retrieves env vars
.venv/gx_dev/lib/python3.11/site-packages/pydantic/v1/env_settings.py:40: in __init__
    super().__init__(
_ _ _ _ _ _ _ _ _ _ _ _ _ _ _ _ _ _ _ _ _ _ _ _ _ _ _ _ _ _ _ _ _ _ _ _ _ _ _ _ _ _ _ _ _ _ _ _ _ _ _ _ _ _ _ _ _ _ _ _ _ _ _ _ _ _ _ _ _ _ _ _ _ _ _ _ _ _ _ _ _ _ _ _ _ _ _ _ _ _ _ _ _ _ _ _ _ _ _ _ _ _ _ _ _ _ _ _ _ _ _ _ _ _

__pydantic_self__ = DatabricksConnectionConfig(), data = {}, values = {}, fields_set = set()
validation_error = ValidationError(model='DatabricksConnectionConfig', errors=[{'loc': ('databricks_token',), 'msg': 'field required', 't...': 'value_error.missing'}, {'loc': ('databricks_http_path',), 'msg': 'field required', 'type': 'value_error.missing'}])

    def __init__(__pydantic_self__, **data: Any) -&gt; None:
        """
        Create a new model by parsing and validating input data from keyword arguments.

        Raises ValidationError if the input data cannot be parsed to form a valid model.
        """
        # Uses something other than `self` the first arg to allow "self" as a settable attribute
        values, fields_set, validation_error = validate_model(__pydantic_self__.__class__, data)
        if validation_error:
&gt;           raise validation_error
E           pydantic.v1.error_wrappers.ValidationError: 3 validation errors for DatabricksConnectionConfig
E           databricks_token
E             field required (type=value_error.missing)
E           databricks_host
E             field required (type=value_error.missing)
E           databricks_http_path
E             field required (type=value_error.missing)

.venv/gx_dev/lib/python3.11/site-packages/pydantic/v1/main.py:341: ValidationError</error></testcase><testcase classname="tests.integration.data_sources_and_expectations.expectations.test_expect_column_distinct_values_to_contain_set" name="test_strings[databricks]" time="0.009"><error message="failed on setup with &quot;pydantic.v1.error_wrappers.ValidationError: 3 validation errors for DatabricksConnectionConfig&#10;databricks_token&#10;  field required (type=value_error.missing)&#10;databricks_host&#10;  field required (type=value_error.missing)&#10;databricks_http_path&#10;  field required (type=value_error.missing)&quot;">&gt;       lambda: ihook(item=item, **kwds), when=when, reraise=reraise
    )

.venv/gx_dev/lib/python3.11/site-packages/flaky/flaky_pytest_plugin.py:146:
_ _ _ _ _ _ _ _ _ _ _ _ _ _ _ _ _ _ _ _ _ _ _ _ _ _ _ _ _ _ _ _ _ _ _ _ _ _ _ _ _ _ _ _ _ _ _ _ _ _ _ _ _ _ _ _ _ _ _ _ _ _ _ _ _ _ _ _ _ _ _ _ _ _ _ _ _ _ _ _ _ _ _ _ _ _ _ _ _ _ _ _ _ _ _ _ _ _ _ _ _ _ _ _ _ _ _ _ _ _ _ _ _ _
tests/integration/conftest.py:166: in batch_for_datasource
    yield _batch_setup_for_datasource.make_batch()
tests/integration/test_utils/data_source_config/sql.py:83: in make_batch
    self.make_asset()
tests/integration/test_utils/data_source_config/databricks.py:76: in make_asset
    connection_string=self.connection_string,
tests/integration/test_utils/data_source_config/databricks.py:53: in connection_string
    return self._databrics_connection_config.connection_string(self.schema)
/opt/homebrew/Cellar/python@3.11/3.11.11/Frameworks/Python.framework/Versions/3.11/lib/python3.11/functools.py:1001: in __get__
    val = self.func(instance)
tests/integration/test_utils/data_source_config/databricks.py:70: in _databrics_connection_config
    return DatabricksConnectionConfig()  # type: ignore[call-arg]  # retrieves env vars
.venv/gx_dev/lib/python3.11/site-packages/pydantic/v1/env_settings.py:40: in __init__
    super().__init__(
_ _ _ _ _ _ _ _ _ _ _ _ _ _ _ _ _ _ _ _ _ _ _ _ _ _ _ _ _ _ _ _ _ _ _ _ _ _ _ _ _ _ _ _ _ _ _ _ _ _ _ _ _ _ _ _ _ _ _ _ _ _ _ _ _ _ _ _ _ _ _ _ _ _ _ _ _ _ _ _ _ _ _ _ _ _ _ _ _ _ _ _ _ _ _ _ _ _ _ _ _ _ _ _ _ _ _ _ _ _ _ _ _ _

__pydantic_self__ = DatabricksConnectionConfig(), data = {}, values = {}, fields_set = set()
validation_error = ValidationError(model='DatabricksConnectionConfig', errors=[{'loc': ('databricks_token',), 'msg': 'field required', 't...': 'value_error.missing'}, {'loc': ('databricks_http_path',), 'msg': 'field required', 'type': 'value_error.missing'}])

    def __init__(__pydantic_self__, **data: Any) -&gt; None:
        """
        Create a new model by parsing and validating input data from keyword arguments.

        Raises ValidationError if the input data cannot be parsed to form a valid model.
        """
        # Uses something other than `self` the first arg to allow "self" as a settable attribute
        values, fields_set, validation_error = validate_model(__pydantic_self__.__class__, data)
        if validation_error:
&gt;           raise validation_error
E           pydantic.v1.error_wrappers.ValidationError: 3 validation errors for DatabricksConnectionConfig
E           databricks_token
E             field required (type=value_error.missing)
E           databricks_host
E             field required (type=value_error.missing)
E           databricks_http_path
E             field required (type=value_error.missing)

.venv/gx_dev/lib/python3.11/site-packages/pydantic/v1/main.py:341: ValidationError</error></testcase><testcase classname="tests.integration.data_sources_and_expectations.expectations.test_expect_column_distinct_values_to_contain_set" name="test_dates[databricks]" time="0.010"><error message="failed on setup with &quot;pydantic.v1.error_wrappers.ValidationError: 3 validation errors for DatabricksConnectionConfig&#10;databricks_token&#10;  field required (type=value_error.missing)&#10;databricks_host&#10;  field required (type=value_error.missing)&#10;databricks_http_path&#10;  field required (type=value_error.missing)&quot;">&gt;       lambda: ihook(item=item, **kwds), when=when, reraise=reraise
    )

.venv/gx_dev/lib/python3.11/site-packages/flaky/flaky_pytest_plugin.py:146:
_ _ _ _ _ _ _ _ _ _ _ _ _ _ _ _ _ _ _ _ _ _ _ _ _ _ _ _ _ _ _ _ _ _ _ _ _ _ _ _ _ _ _ _ _ _ _ _ _ _ _ _ _ _ _ _ _ _ _ _ _ _ _ _ _ _ _ _ _ _ _ _ _ _ _ _ _ _ _ _ _ _ _ _ _ _ _ _ _ _ _ _ _ _ _ _ _ _ _ _ _ _ _ _ _ _ _ _ _ _ _ _ _ _
tests/integration/conftest.py:166: in batch_for_datasource
    yield _batch_setup_for_datasource.make_batch()
tests/integration/test_utils/data_source_config/sql.py:83: in make_batch
    self.make_asset()
tests/integration/test_utils/data_source_config/databricks.py:76: in make_asset
    connection_string=self.connection_string,
tests/integration/test_utils/data_source_config/databricks.py:53: in connection_string
    return self._databrics_connection_config.connection_string(self.schema)
/opt/homebrew/Cellar/python@3.11/3.11.11/Frameworks/Python.framework/Versions/3.11/lib/python3.11/functools.py:1001: in __get__
    val = self.func(instance)
tests/integration/test_utils/data_source_config/databricks.py:70: in _databrics_connection_config
    return DatabricksConnectionConfig()  # type: ignore[call-arg]  # retrieves env vars
.venv/gx_dev/lib/python3.11/site-packages/pydantic/v1/env_settings.py:40: in __init__
    super().__init__(
_ _ _ _ _ _ _ _ _ _ _ _ _ _ _ _ _ _ _ _ _ _ _ _ _ _ _ _ _ _ _ _ _ _ _ _ _ _ _ _ _ _ _ _ _ _ _ _ _ _ _ _ _ _ _ _ _ _ _ _ _ _ _ _ _ _ _ _ _ _ _ _ _ _ _ _ _ _ _ _ _ _ _ _ _ _ _ _ _ _ _ _ _ _ _ _ _ _ _ _ _ _ _ _ _ _ _ _ _ _ _ _ _ _

__pydantic_self__ = DatabricksConnectionConfig(), data = {}, values = {}, fields_set = set()
validation_error = ValidationError(model='DatabricksConnectionConfig', errors=[{'loc': ('databricks_token',), 'msg': 'field required', 't...': 'value_error.missing'}, {'loc': ('databricks_http_path',), 'msg': 'field required', 'type': 'value_error.missing'}])

    def __init__(__pydantic_self__, **data: Any) -&gt; None:
        """
        Create a new model by parsing and validating input data from keyword arguments.

        Raises ValidationError if the input data cannot be parsed to form a valid model.
        """
        # Uses something other than `self` the first arg to allow "self" as a settable attribute
        values, fields_set, validation_error = validate_model(__pydantic_self__.__class__, data)
        if validation_error:
&gt;           raise validation_error
E           pydantic.v1.error_wrappers.ValidationError: 3 validation errors for DatabricksConnectionConfig
E           databricks_token
E             field required (type=value_error.missing)
E           databricks_host
E             field required (type=value_error.missing)
E           databricks_http_path
E             field required (type=value_error.missing)

.venv/gx_dev/lib/python3.11/site-packages/pydantic/v1/main.py:341: ValidationError</error></testcase><testcase classname="tests.integration.data_sources_and_expectations.expectations.test_expect_column_distinct_values_to_equal_set" name="test_success_complete_results[databricks]" time="0.002"><error message="failed on setup with &quot;pydantic.v1.error_wrappers.ValidationError: 3 validation errors for DatabricksConnectionConfig&#10;databricks_token&#10;  field required (type=value_error.missing)&#10;databricks_host&#10;  field required (type=value_error.missing)&#10;databricks_http_path&#10;  field required (type=value_error.missing)&quot;">&gt;       lambda: ihook(item=item, **kwds), when=when, reraise=reraise
    )

.venv/gx_dev/lib/python3.11/site-packages/flaky/flaky_pytest_plugin.py:146:
_ _ _ _ _ _ _ _ _ _ _ _ _ _ _ _ _ _ _ _ _ _ _ _ _ _ _ _ _ _ _ _ _ _ _ _ _ _ _ _ _ _ _ _ _ _ _ _ _ _ _ _ _ _ _ _ _ _ _ _ _ _ _ _ _ _ _ _ _ _ _ _ _ _ _ _ _ _ _ _ _ _ _ _ _ _ _ _ _ _ _ _ _ _ _ _ _ _ _ _ _ _ _ _ _ _ _ _ _ _ _ _ _ _
tests/integration/conftest.py:166: in batch_for_datasource
    yield _batch_setup_for_datasource.make_batch()
tests/integration/test_utils/data_source_config/sql.py:83: in make_batch
    self.make_asset()
tests/integration/test_utils/data_source_config/databricks.py:76: in make_asset
    connection_string=self.connection_string,
tests/integration/test_utils/data_source_config/databricks.py:53: in connection_string
    return self._databrics_connection_config.connection_string(self.schema)
/opt/homebrew/Cellar/python@3.11/3.11.11/Frameworks/Python.framework/Versions/3.11/lib/python3.11/functools.py:1001: in __get__
    val = self.func(instance)
tests/integration/test_utils/data_source_config/databricks.py:70: in _databrics_connection_config
    return DatabricksConnectionConfig()  # type: ignore[call-arg]  # retrieves env vars
.venv/gx_dev/lib/python3.11/site-packages/pydantic/v1/env_settings.py:40: in __init__
    super().__init__(
_ _ _ _ _ _ _ _ _ _ _ _ _ _ _ _ _ _ _ _ _ _ _ _ _ _ _ _ _ _ _ _ _ _ _ _ _ _ _ _ _ _ _ _ _ _ _ _ _ _ _ _ _ _ _ _ _ _ _ _ _ _ _ _ _ _ _ _ _ _ _ _ _ _ _ _ _ _ _ _ _ _ _ _ _ _ _ _ _ _ _ _ _ _ _ _ _ _ _ _ _ _ _ _ _ _ _ _ _ _ _ _ _ _

__pydantic_self__ = DatabricksConnectionConfig(), data = {}, values = {}, fields_set = set()
validation_error = ValidationError(model='DatabricksConnectionConfig', errors=[{'loc': ('databricks_token',), 'msg': 'field required', 't...': 'value_error.missing'}, {'loc': ('databricks_http_path',), 'msg': 'field required', 'type': 'value_error.missing'}])

    def __init__(__pydantic_self__, **data: Any) -&gt; None:
        """
        Create a new model by parsing and validating input data from keyword arguments.

        Raises ValidationError if the input data cannot be parsed to form a valid model.
        """
        # Uses something other than `self` the first arg to allow "self" as a settable attribute
        values, fields_set, validation_error = validate_model(__pydantic_self__.__class__, data)
        if validation_error:
&gt;           raise validation_error
E           pydantic.v1.error_wrappers.ValidationError: 3 validation errors for DatabricksConnectionConfig
E           databricks_token
E             field required (type=value_error.missing)
E           databricks_host
E             field required (type=value_error.missing)
E           databricks_http_path
E             field required (type=value_error.missing)

.venv/gx_dev/lib/python3.11/site-packages/pydantic/v1/main.py:341: ValidationError</error></testcase><testcase classname="tests.integration.data_sources_and_expectations.expectations.test_expect_column_distinct_values_to_equal_set" name="test_strings[databricks]" time="0.003"><error message="failed on setup with &quot;pydantic.v1.error_wrappers.ValidationError: 3 validation errors for DatabricksConnectionConfig&#10;databricks_token&#10;  field required (type=value_error.missing)&#10;databricks_host&#10;  field required (type=value_error.missing)&#10;databricks_http_path&#10;  field required (type=value_error.missing)&quot;">&gt;       lambda: ihook(item=item, **kwds), when=when, reraise=reraise
    )

.venv/gx_dev/lib/python3.11/site-packages/flaky/flaky_pytest_plugin.py:146:
_ _ _ _ _ _ _ _ _ _ _ _ _ _ _ _ _ _ _ _ _ _ _ _ _ _ _ _ _ _ _ _ _ _ _ _ _ _ _ _ _ _ _ _ _ _ _ _ _ _ _ _ _ _ _ _ _ _ _ _ _ _ _ _ _ _ _ _ _ _ _ _ _ _ _ _ _ _ _ _ _ _ _ _ _ _ _ _ _ _ _ _ _ _ _ _ _ _ _ _ _ _ _ _ _ _ _ _ _ _ _ _ _ _
tests/integration/conftest.py:166: in batch_for_datasource
    yield _batch_setup_for_datasource.make_batch()
tests/integration/test_utils/data_source_config/sql.py:83: in make_batch
    self.make_asset()
tests/integration/test_utils/data_source_config/databricks.py:76: in make_asset
    connection_string=self.connection_string,
tests/integration/test_utils/data_source_config/databricks.py:53: in connection_string
    return self._databrics_connection_config.connection_string(self.schema)
/opt/homebrew/Cellar/python@3.11/3.11.11/Frameworks/Python.framework/Versions/3.11/lib/python3.11/functools.py:1001: in __get__
    val = self.func(instance)
tests/integration/test_utils/data_source_config/databricks.py:70: in _databrics_connection_config
    return DatabricksConnectionConfig()  # type: ignore[call-arg]  # retrieves env vars
.venv/gx_dev/lib/python3.11/site-packages/pydantic/v1/env_settings.py:40: in __init__
    super().__init__(
_ _ _ _ _ _ _ _ _ _ _ _ _ _ _ _ _ _ _ _ _ _ _ _ _ _ _ _ _ _ _ _ _ _ _ _ _ _ _ _ _ _ _ _ _ _ _ _ _ _ _ _ _ _ _ _ _ _ _ _ _ _ _ _ _ _ _ _ _ _ _ _ _ _ _ _ _ _ _ _ _ _ _ _ _ _ _ _ _ _ _ _ _ _ _ _ _ _ _ _ _ _ _ _ _ _ _ _ _ _ _ _ _ _

__pydantic_self__ = DatabricksConnectionConfig(), data = {}, values = {}, fields_set = set()
validation_error = ValidationError(model='DatabricksConnectionConfig', errors=[{'loc': ('databricks_token',), 'msg': 'field required', 't...': 'value_error.missing'}, {'loc': ('databricks_http_path',), 'msg': 'field required', 'type': 'value_error.missing'}])

    def __init__(__pydantic_self__, **data: Any) -&gt; None:
        """
        Create a new model by parsing and validating input data from keyword arguments.

        Raises ValidationError if the input data cannot be parsed to form a valid model.
        """
        # Uses something other than `self` the first arg to allow "self" as a settable attribute
        values, fields_set, validation_error = validate_model(__pydantic_self__.__class__, data)
        if validation_error:
&gt;           raise validation_error
E           pydantic.v1.error_wrappers.ValidationError: 3 validation errors for DatabricksConnectionConfig
E           databricks_token
E             field required (type=value_error.missing)
E           databricks_host
E             field required (type=value_error.missing)
E           databricks_http_path
E             field required (type=value_error.missing)

.venv/gx_dev/lib/python3.11/site-packages/pydantic/v1/main.py:341: ValidationError</error></testcase><testcase classname="tests.integration.data_sources_and_expectations.expectations.test_expect_column_distinct_values_to_equal_set" name="test_dates[databricks]" time="0.003"><error message="failed on setup with &quot;pydantic.v1.error_wrappers.ValidationError: 3 validation errors for DatabricksConnectionConfig&#10;databricks_token&#10;  field required (type=value_error.missing)&#10;databricks_host&#10;  field required (type=value_error.missing)&#10;databricks_http_path&#10;  field required (type=value_error.missing)&quot;">&gt;       lambda: ihook(item=item, **kwds), when=when, reraise=reraise
    )

.venv/gx_dev/lib/python3.11/site-packages/flaky/flaky_pytest_plugin.py:146:
_ _ _ _ _ _ _ _ _ _ _ _ _ _ _ _ _ _ _ _ _ _ _ _ _ _ _ _ _ _ _ _ _ _ _ _ _ _ _ _ _ _ _ _ _ _ _ _ _ _ _ _ _ _ _ _ _ _ _ _ _ _ _ _ _ _ _ _ _ _ _ _ _ _ _ _ _ _ _ _ _ _ _ _ _ _ _ _ _ _ _ _ _ _ _ _ _ _ _ _ _ _ _ _ _ _ _ _ _ _ _ _ _ _
tests/integration/conftest.py:166: in batch_for_datasource
    yield _batch_setup_for_datasource.make_batch()
tests/integration/test_utils/data_source_config/sql.py:83: in make_batch
    self.make_asset()
tests/integration/test_utils/data_source_config/databricks.py:76: in make_asset
    connection_string=self.connection_string,
tests/integration/test_utils/data_source_config/databricks.py:53: in connection_string
    return self._databrics_connection_config.connection_string(self.schema)
/opt/homebrew/Cellar/python@3.11/3.11.11/Frameworks/Python.framework/Versions/3.11/lib/python3.11/functools.py:1001: in __get__
    val = self.func(instance)
tests/integration/test_utils/data_source_config/databricks.py:70: in _databrics_connection_config
    return DatabricksConnectionConfig()  # type: ignore[call-arg]  # retrieves env vars
.venv/gx_dev/lib/python3.11/site-packages/pydantic/v1/env_settings.py:40: in __init__
    super().__init__(
_ _ _ _ _ _ _ _ _ _ _ _ _ _ _ _ _ _ _ _ _ _ _ _ _ _ _ _ _ _ _ _ _ _ _ _ _ _ _ _ _ _ _ _ _ _ _ _ _ _ _ _ _ _ _ _ _ _ _ _ _ _ _ _ _ _ _ _ _ _ _ _ _ _ _ _ _ _ _ _ _ _ _ _ _ _ _ _ _ _ _ _ _ _ _ _ _ _ _ _ _ _ _ _ _ _ _ _ _ _ _ _ _ _

__pydantic_self__ = DatabricksConnectionConfig(), data = {}, values = {}, fields_set = set()
validation_error = ValidationError(model='DatabricksConnectionConfig', errors=[{'loc': ('databricks_token',), 'msg': 'field required', 't...': 'value_error.missing'}, {'loc': ('databricks_http_path',), 'msg': 'field required', 'type': 'value_error.missing'}])

    def __init__(__pydantic_self__, **data: Any) -&gt; None:
        """
        Create a new model by parsing and validating input data from keyword arguments.

        Raises ValidationError if the input data cannot be parsed to form a valid model.
        """
        # Uses something other than `self` the first arg to allow "self" as a settable attribute
        values, fields_set, validation_error = validate_model(__pydantic_self__.__class__, data)
        if validation_error:
&gt;           raise validation_error
E           pydantic.v1.error_wrappers.ValidationError: 3 validation errors for DatabricksConnectionConfig
E           databricks_token
E             field required (type=value_error.missing)
E           databricks_host
E             field required (type=value_error.missing)
E           databricks_http_path
E             field required (type=value_error.missing)

.venv/gx_dev/lib/python3.11/site-packages/pydantic/v1/main.py:341: ValidationError</error></testcase><testcase classname="tests.integration.data_sources_and_expectations.expectations.test_expect_column_kl_divergence_to_be_less_than" name="test_success[databricks]" time="0.002"><error message="failed on setup with &quot;pydantic.v1.error_wrappers.ValidationError: 3 validation errors for DatabricksConnectionConfig&#10;databricks_token&#10;  field required (type=value_error.missing)&#10;databricks_host&#10;  field required (type=value_error.missing)&#10;databricks_http_path&#10;  field required (type=value_error.missing)&quot;">&gt;       lambda: ihook(item=item, **kwds), when=when, reraise=reraise
    )

.venv/gx_dev/lib/python3.11/site-packages/flaky/flaky_pytest_plugin.py:146:
_ _ _ _ _ _ _ _ _ _ _ _ _ _ _ _ _ _ _ _ _ _ _ _ _ _ _ _ _ _ _ _ _ _ _ _ _ _ _ _ _ _ _ _ _ _ _ _ _ _ _ _ _ _ _ _ _ _ _ _ _ _ _ _ _ _ _ _ _ _ _ _ _ _ _ _ _ _ _ _ _ _ _ _ _ _ _ _ _ _ _ _ _ _ _ _ _ _ _ _ _ _ _ _ _ _ _ _ _ _ _ _ _ _
tests/integration/conftest.py:153: in _batch_setup_for_datasource
    batch_setup.setup()
tests/integration/test_utils/data_source_config/sql.py:126: in setup
    engine = create_engine(url=self.connection_string)
tests/integration/test_utils/data_source_config/databricks.py:53: in connection_string
    return self._databrics_connection_config.connection_string(self.schema)
/opt/homebrew/Cellar/python@3.11/3.11.11/Frameworks/Python.framework/Versions/3.11/lib/python3.11/functools.py:1001: in __get__
    val = self.func(instance)
tests/integration/test_utils/data_source_config/databricks.py:70: in _databrics_connection_config
    return DatabricksConnectionConfig()  # type: ignore[call-arg]  # retrieves env vars
.venv/gx_dev/lib/python3.11/site-packages/pydantic/v1/env_settings.py:40: in __init__
    super().__init__(
_ _ _ _ _ _ _ _ _ _ _ _ _ _ _ _ _ _ _ _ _ _ _ _ _ _ _ _ _ _ _ _ _ _ _ _ _ _ _ _ _ _ _ _ _ _ _ _ _ _ _ _ _ _ _ _ _ _ _ _ _ _ _ _ _ _ _ _ _ _ _ _ _ _ _ _ _ _ _ _ _ _ _ _ _ _ _ _ _ _ _ _ _ _ _ _ _ _ _ _ _ _ _ _ _ _ _ _ _ _ _ _ _ _

__pydantic_self__ = DatabricksConnectionConfig(), data = {}, values = {}, fields_set = set()
validation_error = ValidationError(model='DatabricksConnectionConfig', errors=[{'loc': ('databricks_token',), 'msg': 'field required', 't...': 'value_error.missing'}, {'loc': ('databricks_http_path',), 'msg': 'field required', 'type': 'value_error.missing'}])

    def __init__(__pydantic_self__, **data: Any) -&gt; None:
        """
        Create a new model by parsing and validating input data from keyword arguments.

        Raises ValidationError if the input data cannot be parsed to form a valid model.
        """
        # Uses something other than `self` the first arg to allow "self" as a settable attribute
        values, fields_set, validation_error = validate_model(__pydantic_self__.__class__, data)
        if validation_error:
&gt;           raise validation_error
E           pydantic.v1.error_wrappers.ValidationError: 3 validation errors for DatabricksConnectionConfig
E           databricks_token
E             field required (type=value_error.missing)
E           databricks_host
E             field required (type=value_error.missing)
E           databricks_http_path
E             field required (type=value_error.missing)

.venv/gx_dev/lib/python3.11/site-packages/pydantic/v1/main.py:341: ValidationError</error></testcase><testcase classname="tests.integration.data_sources_and_expectations.expectations.test_expect_column_max_to_be_between" name="test_success_complete_results[databricks]" time="0.002"><error message="failed on setup with &quot;pydantic.v1.error_wrappers.ValidationError: 3 validation errors for DatabricksConnectionConfig&#10;databricks_token&#10;  field required (type=value_error.missing)&#10;databricks_host&#10;  field required (type=value_error.missing)&#10;databricks_http_path&#10;  field required (type=value_error.missing)&quot;">&gt;       lambda: ihook(item=item, **kwds), when=when, reraise=reraise
    )

.venv/gx_dev/lib/python3.11/site-packages/flaky/flaky_pytest_plugin.py:146:
_ _ _ _ _ _ _ _ _ _ _ _ _ _ _ _ _ _ _ _ _ _ _ _ _ _ _ _ _ _ _ _ _ _ _ _ _ _ _ _ _ _ _ _ _ _ _ _ _ _ _ _ _ _ _ _ _ _ _ _ _ _ _ _ _ _ _ _ _ _ _ _ _ _ _ _ _ _ _ _ _ _ _ _ _ _ _ _ _ _ _ _ _ _ _ _ _ _ _ _ _ _ _ _ _ _ _ _ _ _ _ _ _ _
tests/integration/conftest.py:153: in _batch_setup_for_datasource
    batch_setup.setup()
tests/integration/test_utils/data_source_config/sql.py:126: in setup
    engine = create_engine(url=self.connection_string)
tests/integration/test_utils/data_source_config/databricks.py:53: in connection_string
    return self._databrics_connection_config.connection_string(self.schema)
/opt/homebrew/Cellar/python@3.11/3.11.11/Frameworks/Python.framework/Versions/3.11/lib/python3.11/functools.py:1001: in __get__
    val = self.func(instance)
tests/integration/test_utils/data_source_config/databricks.py:70: in _databrics_connection_config
    return DatabricksConnectionConfig()  # type: ignore[call-arg]  # retrieves env vars
.venv/gx_dev/lib/python3.11/site-packages/pydantic/v1/env_settings.py:40: in __init__
    super().__init__(
_ _ _ _ _ _ _ _ _ _ _ _ _ _ _ _ _ _ _ _ _ _ _ _ _ _ _ _ _ _ _ _ _ _ _ _ _ _ _ _ _ _ _ _ _ _ _ _ _ _ _ _ _ _ _ _ _ _ _ _ _ _ _ _ _ _ _ _ _ _ _ _ _ _ _ _ _ _ _ _ _ _ _ _ _ _ _ _ _ _ _ _ _ _ _ _ _ _ _ _ _ _ _ _ _ _ _ _ _ _ _ _ _ _

__pydantic_self__ = DatabricksConnectionConfig(), data = {}, values = {}, fields_set = set()
validation_error = ValidationError(model='DatabricksConnectionConfig', errors=[{'loc': ('databricks_token',), 'msg': 'field required', 't...': 'value_error.missing'}, {'loc': ('databricks_http_path',), 'msg': 'field required', 'type': 'value_error.missing'}])

    def __init__(__pydantic_self__, **data: Any) -&gt; None:
        """
        Create a new model by parsing and validating input data from keyword arguments.

        Raises ValidationError if the input data cannot be parsed to form a valid model.
        """
        # Uses something other than `self` the first arg to allow "self" as a settable attribute
        values, fields_set, validation_error = validate_model(__pydantic_self__.__class__, data)
        if validation_error:
&gt;           raise validation_error
E           pydantic.v1.error_wrappers.ValidationError: 3 validation errors for DatabricksConnectionConfig
E           databricks_token
E             field required (type=value_error.missing)
E           databricks_host
E             field required (type=value_error.missing)
E           databricks_http_path
E             field required (type=value_error.missing)

.venv/gx_dev/lib/python3.11/site-packages/pydantic/v1/main.py:341: ValidationError</error></testcase><testcase classname="tests.integration.data_sources_and_expectations.expectations.test_expect_column_max_to_be_between" name="test_dates[databricks]" time="0.003"><error message="failed on setup with &quot;pydantic.v1.error_wrappers.ValidationError: 3 validation errors for DatabricksConnectionConfig&#10;databricks_token&#10;  field required (type=value_error.missing)&#10;databricks_host&#10;  field required (type=value_error.missing)&#10;databricks_http_path&#10;  field required (type=value_error.missing)&quot;">&gt;       lambda: ihook(item=item, **kwds), when=when, reraise=reraise
    )

.venv/gx_dev/lib/python3.11/site-packages/flaky/flaky_pytest_plugin.py:146:
_ _ _ _ _ _ _ _ _ _ _ _ _ _ _ _ _ _ _ _ _ _ _ _ _ _ _ _ _ _ _ _ _ _ _ _ _ _ _ _ _ _ _ _ _ _ _ _ _ _ _ _ _ _ _ _ _ _ _ _ _ _ _ _ _ _ _ _ _ _ _ _ _ _ _ _ _ _ _ _ _ _ _ _ _ _ _ _ _ _ _ _ _ _ _ _ _ _ _ _ _ _ _ _ _ _ _ _ _ _ _ _ _ _
tests/integration/conftest.py:153: in _batch_setup_for_datasource
    batch_setup.setup()
tests/integration/test_utils/data_source_config/sql.py:126: in setup
    engine = create_engine(url=self.connection_string)
tests/integration/test_utils/data_source_config/databricks.py:53: in connection_string
    return self._databrics_connection_config.connection_string(self.schema)
/opt/homebrew/Cellar/python@3.11/3.11.11/Frameworks/Python.framework/Versions/3.11/lib/python3.11/functools.py:1001: in __get__
    val = self.func(instance)
tests/integration/test_utils/data_source_config/databricks.py:70: in _databrics_connection_config
    return DatabricksConnectionConfig()  # type: ignore[call-arg]  # retrieves env vars
.venv/gx_dev/lib/python3.11/site-packages/pydantic/v1/env_settings.py:40: in __init__
    super().__init__(
_ _ _ _ _ _ _ _ _ _ _ _ _ _ _ _ _ _ _ _ _ _ _ _ _ _ _ _ _ _ _ _ _ _ _ _ _ _ _ _ _ _ _ _ _ _ _ _ _ _ _ _ _ _ _ _ _ _ _ _ _ _ _ _ _ _ _ _ _ _ _ _ _ _ _ _ _ _ _ _ _ _ _ _ _ _ _ _ _ _ _ _ _ _ _ _ _ _ _ _ _ _ _ _ _ _ _ _ _ _ _ _ _ _

__pydantic_self__ = DatabricksConnectionConfig(), data = {}, values = {}, fields_set = set()
validation_error = ValidationError(model='DatabricksConnectionConfig', errors=[{'loc': ('databricks_token',), 'msg': 'field required', 't...': 'value_error.missing'}, {'loc': ('databricks_http_path',), 'msg': 'field required', 'type': 'value_error.missing'}])

    def __init__(__pydantic_self__, **data: Any) -&gt; None:
        """
        Create a new model by parsing and validating input data from keyword arguments.

        Raises ValidationError if the input data cannot be parsed to form a valid model.
        """
        # Uses something other than `self` the first arg to allow "self" as a settable attribute
        values, fields_set, validation_error = validate_model(__pydantic_self__.__class__, data)
        if validation_error:
&gt;           raise validation_error
E           pydantic.v1.error_wrappers.ValidationError: 3 validation errors for DatabricksConnectionConfig
E           databricks_token
E             field required (type=value_error.missing)
E           databricks_host
E             field required (type=value_error.missing)
E           databricks_http_path
E             field required (type=value_error.missing)

.venv/gx_dev/lib/python3.11/site-packages/pydantic/v1/main.py:341: ValidationError</error></testcase><testcase classname="tests.integration.data_sources_and_expectations.expectations.test_expect_column_mean_to_be_between" name="test_success_complete_results[databricks]" time="0.002"><error message="failed on setup with &quot;pydantic.v1.error_wrappers.ValidationError: 3 validation errors for DatabricksConnectionConfig&#10;databricks_token&#10;  field required (type=value_error.missing)&#10;databricks_host&#10;  field required (type=value_error.missing)&#10;databricks_http_path&#10;  field required (type=value_error.missing)&quot;">&gt;       lambda: ihook(item=item, **kwds), when=when, reraise=reraise
    )

.venv/gx_dev/lib/python3.11/site-packages/flaky/flaky_pytest_plugin.py:146:
_ _ _ _ _ _ _ _ _ _ _ _ _ _ _ _ _ _ _ _ _ _ _ _ _ _ _ _ _ _ _ _ _ _ _ _ _ _ _ _ _ _ _ _ _ _ _ _ _ _ _ _ _ _ _ _ _ _ _ _ _ _ _ _ _ _ _ _ _ _ _ _ _ _ _ _ _ _ _ _ _ _ _ _ _ _ _ _ _ _ _ _ _ _ _ _ _ _ _ _ _ _ _ _ _ _ _ _ _ _ _ _ _ _
tests/integration/conftest.py:153: in _batch_setup_for_datasource
    batch_setup.setup()
tests/integration/test_utils/data_source_config/sql.py:126: in setup
    engine = create_engine(url=self.connection_string)
tests/integration/test_utils/data_source_config/databricks.py:53: in connection_string
    return self._databrics_connection_config.connection_string(self.schema)
/opt/homebrew/Cellar/python@3.11/3.11.11/Frameworks/Python.framework/Versions/3.11/lib/python3.11/functools.py:1001: in __get__
    val = self.func(instance)
tests/integration/test_utils/data_source_config/databricks.py:70: in _databrics_connection_config
    return DatabricksConnectionConfig()  # type: ignore[call-arg]  # retrieves env vars
.venv/gx_dev/lib/python3.11/site-packages/pydantic/v1/env_settings.py:40: in __init__
    super().__init__(
_ _ _ _ _ _ _ _ _ _ _ _ _ _ _ _ _ _ _ _ _ _ _ _ _ _ _ _ _ _ _ _ _ _ _ _ _ _ _ _ _ _ _ _ _ _ _ _ _ _ _ _ _ _ _ _ _ _ _ _ _ _ _ _ _ _ _ _ _ _ _ _ _ _ _ _ _ _ _ _ _ _ _ _ _ _ _ _ _ _ _ _ _ _ _ _ _ _ _ _ _ _ _ _ _ _ _ _ _ _ _ _ _ _

__pydantic_self__ = DatabricksConnectionConfig(), data = {}, values = {}, fields_set = set()
validation_error = ValidationError(model='DatabricksConnectionConfig', errors=[{'loc': ('databricks_token',), 'msg': 'field required', 't...': 'value_error.missing'}, {'loc': ('databricks_http_path',), 'msg': 'field required', 'type': 'value_error.missing'}])

    def __init__(__pydantic_self__, **data: Any) -&gt; None:
        """
        Create a new model by parsing and validating input data from keyword arguments.

        Raises ValidationError if the input data cannot be parsed to form a valid model.
        """
        # Uses something other than `self` the first arg to allow "self" as a settable attribute
        values, fields_set, validation_error = validate_model(__pydantic_self__.__class__, data)
        if validation_error:
&gt;           raise validation_error
E           pydantic.v1.error_wrappers.ValidationError: 3 validation errors for DatabricksConnectionConfig
E           databricks_token
E             field required (type=value_error.missing)
E           databricks_host
E             field required (type=value_error.missing)
E           databricks_http_path
E             field required (type=value_error.missing)

.venv/gx_dev/lib/python3.11/site-packages/pydantic/v1/main.py:341: ValidationError</error></testcase><testcase classname="tests.integration.data_sources_and_expectations.expectations.test_expect_column_median_to_be_between" name="test_success_complete_results[databricks]" time="0.002"><error message="failed on setup with &quot;pydantic.v1.error_wrappers.ValidationError: 3 validation errors for DatabricksConnectionConfig&#10;databricks_token&#10;  field required (type=value_error.missing)&#10;databricks_host&#10;  field required (type=value_error.missing)&#10;databricks_http_path&#10;  field required (type=value_error.missing)&quot;">&gt;       lambda: ihook(item=item, **kwds), when=when, reraise=reraise
    )

.venv/gx_dev/lib/python3.11/site-packages/flaky/flaky_pytest_plugin.py:146:
_ _ _ _ _ _ _ _ _ _ _ _ _ _ _ _ _ _ _ _ _ _ _ _ _ _ _ _ _ _ _ _ _ _ _ _ _ _ _ _ _ _ _ _ _ _ _ _ _ _ _ _ _ _ _ _ _ _ _ _ _ _ _ _ _ _ _ _ _ _ _ _ _ _ _ _ _ _ _ _ _ _ _ _ _ _ _ _ _ _ _ _ _ _ _ _ _ _ _ _ _ _ _ _ _ _ _ _ _ _ _ _ _ _
tests/integration/conftest.py:153: in _batch_setup_for_datasource
    batch_setup.setup()
tests/integration/test_utils/data_source_config/sql.py:126: in setup
    engine = create_engine(url=self.connection_string)
tests/integration/test_utils/data_source_config/databricks.py:53: in connection_string
    return self._databrics_connection_config.connection_string(self.schema)
/opt/homebrew/Cellar/python@3.11/3.11.11/Frameworks/Python.framework/Versions/3.11/lib/python3.11/functools.py:1001: in __get__
    val = self.func(instance)
tests/integration/test_utils/data_source_config/databricks.py:70: in _databrics_connection_config
    return DatabricksConnectionConfig()  # type: ignore[call-arg]  # retrieves env vars
.venv/gx_dev/lib/python3.11/site-packages/pydantic/v1/env_settings.py:40: in __init__
    super().__init__(
_ _ _ _ _ _ _ _ _ _ _ _ _ _ _ _ _ _ _ _ _ _ _ _ _ _ _ _ _ _ _ _ _ _ _ _ _ _ _ _ _ _ _ _ _ _ _ _ _ _ _ _ _ _ _ _ _ _ _ _ _ _ _ _ _ _ _ _ _ _ _ _ _ _ _ _ _ _ _ _ _ _ _ _ _ _ _ _ _ _ _ _ _ _ _ _ _ _ _ _ _ _ _ _ _ _ _ _ _ _ _ _ _ _

__pydantic_self__ = DatabricksConnectionConfig(), data = {}, values = {}, fields_set = set()
validation_error = ValidationError(model='DatabricksConnectionConfig', errors=[{'loc': ('databricks_token',), 'msg': 'field required', 't...': 'value_error.missing'}, {'loc': ('databricks_http_path',), 'msg': 'field required', 'type': 'value_error.missing'}])

    def __init__(__pydantic_self__, **data: Any) -&gt; None:
        """
        Create a new model by parsing and validating input data from keyword arguments.

        Raises ValidationError if the input data cannot be parsed to form a valid model.
        """
        # Uses something other than `self` the first arg to allow "self" as a settable attribute
        values, fields_set, validation_error = validate_model(__pydantic_self__.__class__, data)
        if validation_error:
&gt;           raise validation_error
E           pydantic.v1.error_wrappers.ValidationError: 3 validation errors for DatabricksConnectionConfig
E           databricks_token
E             field required (type=value_error.missing)
E           databricks_host
E             field required (type=value_error.missing)
E           databricks_http_path
E             field required (type=value_error.missing)

.venv/gx_dev/lib/python3.11/site-packages/pydantic/v1/main.py:341: ValidationError</error></testcase><testcase classname="tests.integration.data_sources_and_expectations.expectations.test_expect_column_median_to_be_between" name="test_success_even_count[databricks]" time="0.009"><error message="failed on setup with &quot;pydantic.v1.error_wrappers.ValidationError: 3 validation errors for DatabricksConnectionConfig&#10;databricks_token&#10;  field required (type=value_error.missing)&#10;databricks_host&#10;  field required (type=value_error.missing)&#10;databricks_http_path&#10;  field required (type=value_error.missing)&quot;">&gt;       lambda: ihook(item=item, **kwds), when=when, reraise=reraise
    )

.venv/gx_dev/lib/python3.11/site-packages/flaky/flaky_pytest_plugin.py:146:
_ _ _ _ _ _ _ _ _ _ _ _ _ _ _ _ _ _ _ _ _ _ _ _ _ _ _ _ _ _ _ _ _ _ _ _ _ _ _ _ _ _ _ _ _ _ _ _ _ _ _ _ _ _ _ _ _ _ _ _ _ _ _ _ _ _ _ _ _ _ _ _ _ _ _ _ _ _ _ _ _ _ _ _ _ _ _ _ _ _ _ _ _ _ _ _ _ _ _ _ _ _ _ _ _ _ _ _ _ _ _ _ _ _
tests/integration/conftest.py:166: in batch_for_datasource
    yield _batch_setup_for_datasource.make_batch()
tests/integration/test_utils/data_source_config/sql.py:83: in make_batch
    self.make_asset()
tests/integration/test_utils/data_source_config/databricks.py:76: in make_asset
    connection_string=self.connection_string,
tests/integration/test_utils/data_source_config/databricks.py:53: in connection_string
    return self._databrics_connection_config.connection_string(self.schema)
/opt/homebrew/Cellar/python@3.11/3.11.11/Frameworks/Python.framework/Versions/3.11/lib/python3.11/functools.py:1001: in __get__
    val = self.func(instance)
tests/integration/test_utils/data_source_config/databricks.py:70: in _databrics_connection_config
    return DatabricksConnectionConfig()  # type: ignore[call-arg]  # retrieves env vars
.venv/gx_dev/lib/python3.11/site-packages/pydantic/v1/env_settings.py:40: in __init__
    super().__init__(
_ _ _ _ _ _ _ _ _ _ _ _ _ _ _ _ _ _ _ _ _ _ _ _ _ _ _ _ _ _ _ _ _ _ _ _ _ _ _ _ _ _ _ _ _ _ _ _ _ _ _ _ _ _ _ _ _ _ _ _ _ _ _ _ _ _ _ _ _ _ _ _ _ _ _ _ _ _ _ _ _ _ _ _ _ _ _ _ _ _ _ _ _ _ _ _ _ _ _ _ _ _ _ _ _ _ _ _ _ _ _ _ _ _

__pydantic_self__ = DatabricksConnectionConfig(), data = {}, values = {}, fields_set = set()
validation_error = ValidationError(model='DatabricksConnectionConfig', errors=[{'loc': ('databricks_token',), 'msg': 'field required', 't...': 'value_error.missing'}, {'loc': ('databricks_http_path',), 'msg': 'field required', 'type': 'value_error.missing'}])

    def __init__(__pydantic_self__, **data: Any) -&gt; None:
        """
        Create a new model by parsing and validating input data from keyword arguments.

        Raises ValidationError if the input data cannot be parsed to form a valid model.
        """
        # Uses something other than `self` the first arg to allow "self" as a settable attribute
        values, fields_set, validation_error = validate_model(__pydantic_self__.__class__, data)
        if validation_error:
&gt;           raise validation_error
E           pydantic.v1.error_wrappers.ValidationError: 3 validation errors for DatabricksConnectionConfig
E           databricks_token
E             field required (type=value_error.missing)
E           databricks_host
E             field required (type=value_error.missing)
E           databricks_http_path
E             field required (type=value_error.missing)

.venv/gx_dev/lib/python3.11/site-packages/pydantic/v1/main.py:341: ValidationError</error></testcase><testcase classname="tests.integration.data_sources_and_expectations.expectations.test_expect_column_min_to_be_between" name="test_success_complete_results[databricks]" time="0.002"><error message="failed on setup with &quot;pydantic.v1.error_wrappers.ValidationError: 3 validation errors for DatabricksConnectionConfig&#10;databricks_token&#10;  field required (type=value_error.missing)&#10;databricks_host&#10;  field required (type=value_error.missing)&#10;databricks_http_path&#10;  field required (type=value_error.missing)&quot;">&gt;       lambda: ihook(item=item, **kwds), when=when, reraise=reraise
    )

.venv/gx_dev/lib/python3.11/site-packages/flaky/flaky_pytest_plugin.py:146:
_ _ _ _ _ _ _ _ _ _ _ _ _ _ _ _ _ _ _ _ _ _ _ _ _ _ _ _ _ _ _ _ _ _ _ _ _ _ _ _ _ _ _ _ _ _ _ _ _ _ _ _ _ _ _ _ _ _ _ _ _ _ _ _ _ _ _ _ _ _ _ _ _ _ _ _ _ _ _ _ _ _ _ _ _ _ _ _ _ _ _ _ _ _ _ _ _ _ _ _ _ _ _ _ _ _ _ _ _ _ _ _ _ _
tests/integration/conftest.py:153: in _batch_setup_for_datasource
    batch_setup.setup()
tests/integration/test_utils/data_source_config/sql.py:126: in setup
    engine = create_engine(url=self.connection_string)
tests/integration/test_utils/data_source_config/databricks.py:53: in connection_string
    return self._databrics_connection_config.connection_string(self.schema)
/opt/homebrew/Cellar/python@3.11/3.11.11/Frameworks/Python.framework/Versions/3.11/lib/python3.11/functools.py:1001: in __get__
    val = self.func(instance)
tests/integration/test_utils/data_source_config/databricks.py:70: in _databrics_connection_config
    return DatabricksConnectionConfig()  # type: ignore[call-arg]  # retrieves env vars
.venv/gx_dev/lib/python3.11/site-packages/pydantic/v1/env_settings.py:40: in __init__
    super().__init__(
_ _ _ _ _ _ _ _ _ _ _ _ _ _ _ _ _ _ _ _ _ _ _ _ _ _ _ _ _ _ _ _ _ _ _ _ _ _ _ _ _ _ _ _ _ _ _ _ _ _ _ _ _ _ _ _ _ _ _ _ _ _ _ _ _ _ _ _ _ _ _ _ _ _ _ _ _ _ _ _ _ _ _ _ _ _ _ _ _ _ _ _ _ _ _ _ _ _ _ _ _ _ _ _ _ _ _ _ _ _ _ _ _ _

__pydantic_self__ = DatabricksConnectionConfig(), data = {}, values = {}, fields_set = set()
validation_error = ValidationError(model='DatabricksConnectionConfig', errors=[{'loc': ('databricks_token',), 'msg': 'field required', 't...': 'value_error.missing'}, {'loc': ('databricks_http_path',), 'msg': 'field required', 'type': 'value_error.missing'}])

    def __init__(__pydantic_self__, **data: Any) -&gt; None:
        """
        Create a new model by parsing and validating input data from keyword arguments.

        Raises ValidationError if the input data cannot be parsed to form a valid model.
        """
        # Uses something other than `self` the first arg to allow "self" as a settable attribute
        values, fields_set, validation_error = validate_model(__pydantic_self__.__class__, data)
        if validation_error:
&gt;           raise validation_error
E           pydantic.v1.error_wrappers.ValidationError: 3 validation errors for DatabricksConnectionConfig
E           databricks_token
E             field required (type=value_error.missing)
E           databricks_host
E             field required (type=value_error.missing)
E           databricks_http_path
E             field required (type=value_error.missing)

.venv/gx_dev/lib/python3.11/site-packages/pydantic/v1/main.py:341: ValidationError</error></testcase><testcase classname="tests.integration.data_sources_and_expectations.expectations.test_expect_column_min_to_be_between" name="test_dates[databricks]" time="0.003"><error message="failed on setup with &quot;pydantic.v1.error_wrappers.ValidationError: 3 validation errors for DatabricksConnectionConfig&#10;databricks_token&#10;  field required (type=value_error.missing)&#10;databricks_host&#10;  field required (type=value_error.missing)&#10;databricks_http_path&#10;  field required (type=value_error.missing)&quot;">&gt;       lambda: ihook(item=item, **kwds), when=when, reraise=reraise
    )

.venv/gx_dev/lib/python3.11/site-packages/flaky/flaky_pytest_plugin.py:146:
_ _ _ _ _ _ _ _ _ _ _ _ _ _ _ _ _ _ _ _ _ _ _ _ _ _ _ _ _ _ _ _ _ _ _ _ _ _ _ _ _ _ _ _ _ _ _ _ _ _ _ _ _ _ _ _ _ _ _ _ _ _ _ _ _ _ _ _ _ _ _ _ _ _ _ _ _ _ _ _ _ _ _ _ _ _ _ _ _ _ _ _ _ _ _ _ _ _ _ _ _ _ _ _ _ _ _ _ _ _ _ _ _ _
tests/integration/conftest.py:153: in _batch_setup_for_datasource
    batch_setup.setup()
tests/integration/test_utils/data_source_config/sql.py:126: in setup
    engine = create_engine(url=self.connection_string)
tests/integration/test_utils/data_source_config/databricks.py:53: in connection_string
    return self._databrics_connection_config.connection_string(self.schema)
/opt/homebrew/Cellar/python@3.11/3.11.11/Frameworks/Python.framework/Versions/3.11/lib/python3.11/functools.py:1001: in __get__
    val = self.func(instance)
tests/integration/test_utils/data_source_config/databricks.py:70: in _databrics_connection_config
    return DatabricksConnectionConfig()  # type: ignore[call-arg]  # retrieves env vars
.venv/gx_dev/lib/python3.11/site-packages/pydantic/v1/env_settings.py:40: in __init__
    super().__init__(
_ _ _ _ _ _ _ _ _ _ _ _ _ _ _ _ _ _ _ _ _ _ _ _ _ _ _ _ _ _ _ _ _ _ _ _ _ _ _ _ _ _ _ _ _ _ _ _ _ _ _ _ _ _ _ _ _ _ _ _ _ _ _ _ _ _ _ _ _ _ _ _ _ _ _ _ _ _ _ _ _ _ _ _ _ _ _ _ _ _ _ _ _ _ _ _ _ _ _ _ _ _ _ _ _ _ _ _ _ _ _ _ _ _

__pydantic_self__ = DatabricksConnectionConfig(), data = {}, values = {}, fields_set = set()
validation_error = ValidationError(model='DatabricksConnectionConfig', errors=[{'loc': ('databricks_token',), 'msg': 'field required', 't...': 'value_error.missing'}, {'loc': ('databricks_http_path',), 'msg': 'field required', 'type': 'value_error.missing'}])

    def __init__(__pydantic_self__, **data: Any) -&gt; None:
        """
        Create a new model by parsing and validating input data from keyword arguments.

        Raises ValidationError if the input data cannot be parsed to form a valid model.
        """
        # Uses something other than `self` the first arg to allow "self" as a settable attribute
        values, fields_set, validation_error = validate_model(__pydantic_self__.__class__, data)
        if validation_error:
&gt;           raise validation_error
E           pydantic.v1.error_wrappers.ValidationError: 3 validation errors for DatabricksConnectionConfig
E           databricks_token
E             field required (type=value_error.missing)
E           databricks_host
E             field required (type=value_error.missing)
E           databricks_http_path
E             field required (type=value_error.missing)

.venv/gx_dev/lib/python3.11/site-packages/pydantic/v1/main.py:341: ValidationError</error></testcase><testcase classname="tests.integration.data_sources_and_expectations.expectations.test_expect_column_most_common_value_to_be_in_set" name="test_success_complete_results[databricks]" time="0.003"><error message="failed on setup with &quot;pydantic.v1.error_wrappers.ValidationError: 3 validation errors for DatabricksConnectionConfig&#10;databricks_token&#10;  field required (type=value_error.missing)&#10;databricks_host&#10;  field required (type=value_error.missing)&#10;databricks_http_path&#10;  field required (type=value_error.missing)&quot;">&gt;       lambda: ihook(item=item, **kwds), when=when, reraise=reraise
    )

.venv/gx_dev/lib/python3.11/site-packages/flaky/flaky_pytest_plugin.py:146:
_ _ _ _ _ _ _ _ _ _ _ _ _ _ _ _ _ _ _ _ _ _ _ _ _ _ _ _ _ _ _ _ _ _ _ _ _ _ _ _ _ _ _ _ _ _ _ _ _ _ _ _ _ _ _ _ _ _ _ _ _ _ _ _ _ _ _ _ _ _ _ _ _ _ _ _ _ _ _ _ _ _ _ _ _ _ _ _ _ _ _ _ _ _ _ _ _ _ _ _ _ _ _ _ _ _ _ _ _ _ _ _ _ _
tests/integration/conftest.py:153: in _batch_setup_for_datasource
    batch_setup.setup()
tests/integration/test_utils/data_source_config/sql.py:126: in setup
    engine = create_engine(url=self.connection_string)
tests/integration/test_utils/data_source_config/databricks.py:53: in connection_string
    return self._databrics_connection_config.connection_string(self.schema)
/opt/homebrew/Cellar/python@3.11/3.11.11/Frameworks/Python.framework/Versions/3.11/lib/python3.11/functools.py:1001: in __get__
    val = self.func(instance)
tests/integration/test_utils/data_source_config/databricks.py:70: in _databrics_connection_config
    return DatabricksConnectionConfig()  # type: ignore[call-arg]  # retrieves env vars
.venv/gx_dev/lib/python3.11/site-packages/pydantic/v1/env_settings.py:40: in __init__
    super().__init__(
_ _ _ _ _ _ _ _ _ _ _ _ _ _ _ _ _ _ _ _ _ _ _ _ _ _ _ _ _ _ _ _ _ _ _ _ _ _ _ _ _ _ _ _ _ _ _ _ _ _ _ _ _ _ _ _ _ _ _ _ _ _ _ _ _ _ _ _ _ _ _ _ _ _ _ _ _ _ _ _ _ _ _ _ _ _ _ _ _ _ _ _ _ _ _ _ _ _ _ _ _ _ _ _ _ _ _ _ _ _ _ _ _ _

__pydantic_self__ = DatabricksConnectionConfig(), data = {}, values = {}, fields_set = set()
validation_error = ValidationError(model='DatabricksConnectionConfig', errors=[{'loc': ('databricks_token',), 'msg': 'field required', 't...': 'value_error.missing'}, {'loc': ('databricks_http_path',), 'msg': 'field required', 'type': 'value_error.missing'}])

    def __init__(__pydantic_self__, **data: Any) -&gt; None:
        """
        Create a new model by parsing and validating input data from keyword arguments.

        Raises ValidationError if the input data cannot be parsed to form a valid model.
        """
        # Uses something other than `self` the first arg to allow "self" as a settable attribute
        values, fields_set, validation_error = validate_model(__pydantic_self__.__class__, data)
        if validation_error:
&gt;           raise validation_error
E           pydantic.v1.error_wrappers.ValidationError: 3 validation errors for DatabricksConnectionConfig
E           databricks_token
E             field required (type=value_error.missing)
E           databricks_host
E             field required (type=value_error.missing)
E           databricks_http_path
E             field required (type=value_error.missing)

.venv/gx_dev/lib/python3.11/site-packages/pydantic/v1/main.py:341: ValidationError</error></testcase><testcase classname="tests.integration.data_sources_and_expectations.expectations.test_expect_column_most_common_value_to_be_in_set" name="test_strings[databricks]" time="0.002"><error message="failed on setup with &quot;pydantic.v1.error_wrappers.ValidationError: 3 validation errors for DatabricksConnectionConfig&#10;databricks_token&#10;  field required (type=value_error.missing)&#10;databricks_host&#10;  field required (type=value_error.missing)&#10;databricks_http_path&#10;  field required (type=value_error.missing)&quot;">&gt;       lambda: ihook(item=item, **kwds), when=when, reraise=reraise
    )

.venv/gx_dev/lib/python3.11/site-packages/flaky/flaky_pytest_plugin.py:146:
_ _ _ _ _ _ _ _ _ _ _ _ _ _ _ _ _ _ _ _ _ _ _ _ _ _ _ _ _ _ _ _ _ _ _ _ _ _ _ _ _ _ _ _ _ _ _ _ _ _ _ _ _ _ _ _ _ _ _ _ _ _ _ _ _ _ _ _ _ _ _ _ _ _ _ _ _ _ _ _ _ _ _ _ _ _ _ _ _ _ _ _ _ _ _ _ _ _ _ _ _ _ _ _ _ _ _ _ _ _ _ _ _ _
tests/integration/conftest.py:153: in _batch_setup_for_datasource
    batch_setup.setup()
tests/integration/test_utils/data_source_config/sql.py:126: in setup
    engine = create_engine(url=self.connection_string)
tests/integration/test_utils/data_source_config/databricks.py:53: in connection_string
    return self._databrics_connection_config.connection_string(self.schema)
/opt/homebrew/Cellar/python@3.11/3.11.11/Frameworks/Python.framework/Versions/3.11/lib/python3.11/functools.py:1001: in __get__
    val = self.func(instance)
tests/integration/test_utils/data_source_config/databricks.py:70: in _databrics_connection_config
    return DatabricksConnectionConfig()  # type: ignore[call-arg]  # retrieves env vars
.venv/gx_dev/lib/python3.11/site-packages/pydantic/v1/env_settings.py:40: in __init__
    super().__init__(
_ _ _ _ _ _ _ _ _ _ _ _ _ _ _ _ _ _ _ _ _ _ _ _ _ _ _ _ _ _ _ _ _ _ _ _ _ _ _ _ _ _ _ _ _ _ _ _ _ _ _ _ _ _ _ _ _ _ _ _ _ _ _ _ _ _ _ _ _ _ _ _ _ _ _ _ _ _ _ _ _ _ _ _ _ _ _ _ _ _ _ _ _ _ _ _ _ _ _ _ _ _ _ _ _ _ _ _ _ _ _ _ _ _

__pydantic_self__ = DatabricksConnectionConfig(), data = {}, values = {}, fields_set = set()
validation_error = ValidationError(model='DatabricksConnectionConfig', errors=[{'loc': ('databricks_token',), 'msg': 'field required', 't...': 'value_error.missing'}, {'loc': ('databricks_http_path',), 'msg': 'field required', 'type': 'value_error.missing'}])

    def __init__(__pydantic_self__, **data: Any) -&gt; None:
        """
        Create a new model by parsing and validating input data from keyword arguments.

        Raises ValidationError if the input data cannot be parsed to form a valid model.
        """
        # Uses something other than `self` the first arg to allow "self" as a settable attribute
        values, fields_set, validation_error = validate_model(__pydantic_self__.__class__, data)
        if validation_error:
&gt;           raise validation_error
E           pydantic.v1.error_wrappers.ValidationError: 3 validation errors for DatabricksConnectionConfig
E           databricks_token
E             field required (type=value_error.missing)
E           databricks_host
E             field required (type=value_error.missing)
E           databricks_http_path
E             field required (type=value_error.missing)

.venv/gx_dev/lib/python3.11/site-packages/pydantic/v1/main.py:341: ValidationError</error></testcase><testcase classname="tests.integration.data_sources_and_expectations.expectations.test_expect_column_pair_values_a_to_be_greater_than_b" name="test_success_complete_sql[databricks]" time="0.004"><error message="failed on setup with &quot;pydantic.v1.error_wrappers.ValidationError: 3 validation errors for DatabricksConnectionConfig&#10;databricks_token&#10;  field required (type=value_error.missing)&#10;databricks_host&#10;  field required (type=value_error.missing)&#10;databricks_http_path&#10;  field required (type=value_error.missing)&quot;">&gt;       lambda: ihook(item=item, **kwds), when=when, reraise=reraise
    )

.venv/gx_dev/lib/python3.11/site-packages/flaky/flaky_pytest_plugin.py:146:
_ _ _ _ _ _ _ _ _ _ _ _ _ _ _ _ _ _ _ _ _ _ _ _ _ _ _ _ _ _ _ _ _ _ _ _ _ _ _ _ _ _ _ _ _ _ _ _ _ _ _ _ _ _ _ _ _ _ _ _ _ _ _ _ _ _ _ _ _ _ _ _ _ _ _ _ _ _ _ _ _ _ _ _ _ _ _ _ _ _ _ _ _ _ _ _ _ _ _ _ _ _ _ _ _ _ _ _ _ _ _ _ _ _
tests/integration/conftest.py:153: in _batch_setup_for_datasource
    batch_setup.setup()
tests/integration/test_utils/data_source_config/sql.py:126: in setup
    engine = create_engine(url=self.connection_string)
tests/integration/test_utils/data_source_config/databricks.py:53: in connection_string
    return self._databrics_connection_config.connection_string(self.schema)
/opt/homebrew/Cellar/python@3.11/3.11.11/Frameworks/Python.framework/Versions/3.11/lib/python3.11/functools.py:1001: in __get__
    val = self.func(instance)
tests/integration/test_utils/data_source_config/databricks.py:70: in _databrics_connection_config
    return DatabricksConnectionConfig()  # type: ignore[call-arg]  # retrieves env vars
.venv/gx_dev/lib/python3.11/site-packages/pydantic/v1/env_settings.py:40: in __init__
    super().__init__(
_ _ _ _ _ _ _ _ _ _ _ _ _ _ _ _ _ _ _ _ _ _ _ _ _ _ _ _ _ _ _ _ _ _ _ _ _ _ _ _ _ _ _ _ _ _ _ _ _ _ _ _ _ _ _ _ _ _ _ _ _ _ _ _ _ _ _ _ _ _ _ _ _ _ _ _ _ _ _ _ _ _ _ _ _ _ _ _ _ _ _ _ _ _ _ _ _ _ _ _ _ _ _ _ _ _ _ _ _ _ _ _ _ _

__pydantic_self__ = DatabricksConnectionConfig(), data = {}, values = {}, fields_set = set()
validation_error = ValidationError(model='DatabricksConnectionConfig', errors=[{'loc': ('databricks_token',), 'msg': 'field required', 't...': 'value_error.missing'}, {'loc': ('databricks_http_path',), 'msg': 'field required', 'type': 'value_error.missing'}])

    def __init__(__pydantic_self__, **data: Any) -&gt; None:
        """
        Create a new model by parsing and validating input data from keyword arguments.

        Raises ValidationError if the input data cannot be parsed to form a valid model.
        """
        # Uses something other than `self` the first arg to allow "self" as a settable attribute
        values, fields_set, validation_error = validate_model(__pydantic_self__.__class__, data)
        if validation_error:
&gt;           raise validation_error
E           pydantic.v1.error_wrappers.ValidationError: 3 validation errors for DatabricksConnectionConfig
E           databricks_token
E             field required (type=value_error.missing)
E           databricks_host
E             field required (type=value_error.missing)
E           databricks_http_path
E             field required (type=value_error.missing)

.venv/gx_dev/lib/python3.11/site-packages/pydantic/v1/main.py:341: ValidationError</error></testcase><testcase classname="tests.integration.data_sources_and_expectations.expectations.test_expect_column_pair_values_to_be_equal" name="test_success_complete_sql[databricks]" time="0.004"><error message="failed on setup with &quot;pydantic.v1.error_wrappers.ValidationError: 3 validation errors for DatabricksConnectionConfig&#10;databricks_token&#10;  field required (type=value_error.missing)&#10;databricks_host&#10;  field required (type=value_error.missing)&#10;databricks_http_path&#10;  field required (type=value_error.missing)&quot;">&gt;       lambda: ihook(item=item, **kwds), when=when, reraise=reraise
    )

.venv/gx_dev/lib/python3.11/site-packages/flaky/flaky_pytest_plugin.py:146:
_ _ _ _ _ _ _ _ _ _ _ _ _ _ _ _ _ _ _ _ _ _ _ _ _ _ _ _ _ _ _ _ _ _ _ _ _ _ _ _ _ _ _ _ _ _ _ _ _ _ _ _ _ _ _ _ _ _ _ _ _ _ _ _ _ _ _ _ _ _ _ _ _ _ _ _ _ _ _ _ _ _ _ _ _ _ _ _ _ _ _ _ _ _ _ _ _ _ _ _ _ _ _ _ _ _ _ _ _ _ _ _ _ _
tests/integration/conftest.py:153: in _batch_setup_for_datasource
    batch_setup.setup()
tests/integration/test_utils/data_source_config/sql.py:126: in setup
    engine = create_engine(url=self.connection_string)
tests/integration/test_utils/data_source_config/databricks.py:53: in connection_string
    return self._databrics_connection_config.connection_string(self.schema)
/opt/homebrew/Cellar/python@3.11/3.11.11/Frameworks/Python.framework/Versions/3.11/lib/python3.11/functools.py:1001: in __get__
    val = self.func(instance)
tests/integration/test_utils/data_source_config/databricks.py:70: in _databrics_connection_config
    return DatabricksConnectionConfig()  # type: ignore[call-arg]  # retrieves env vars
.venv/gx_dev/lib/python3.11/site-packages/pydantic/v1/env_settings.py:40: in __init__
    super().__init__(
_ _ _ _ _ _ _ _ _ _ _ _ _ _ _ _ _ _ _ _ _ _ _ _ _ _ _ _ _ _ _ _ _ _ _ _ _ _ _ _ _ _ _ _ _ _ _ _ _ _ _ _ _ _ _ _ _ _ _ _ _ _ _ _ _ _ _ _ _ _ _ _ _ _ _ _ _ _ _ _ _ _ _ _ _ _ _ _ _ _ _ _ _ _ _ _ _ _ _ _ _ _ _ _ _ _ _ _ _ _ _ _ _ _

__pydantic_self__ = DatabricksConnectionConfig(), data = {}, values = {}, fields_set = set()
validation_error = ValidationError(model='DatabricksConnectionConfig', errors=[{'loc': ('databricks_token',), 'msg': 'field required', 't...': 'value_error.missing'}, {'loc': ('databricks_http_path',), 'msg': 'field required', 'type': 'value_error.missing'}])

    def __init__(__pydantic_self__, **data: Any) -&gt; None:
        """
        Create a new model by parsing and validating input data from keyword arguments.

        Raises ValidationError if the input data cannot be parsed to form a valid model.
        """
        # Uses something other than `self` the first arg to allow "self" as a settable attribute
        values, fields_set, validation_error = validate_model(__pydantic_self__.__class__, data)
        if validation_error:
&gt;           raise validation_error
E           pydantic.v1.error_wrappers.ValidationError: 3 validation errors for DatabricksConnectionConfig
E           databricks_token
E             field required (type=value_error.missing)
E           databricks_host
E             field required (type=value_error.missing)
E           databricks_http_path
E             field required (type=value_error.missing)

.venv/gx_dev/lib/python3.11/site-packages/pydantic/v1/main.py:341: ValidationError</error></testcase><testcase classname="tests.integration.data_sources_and_expectations.expectations.test_expect_column_proportion_of_unique_values_to_be_between" name="test_success_complete_results[databricks]" time="0.005"><error message="failed on setup with &quot;pydantic.v1.error_wrappers.ValidationError: 3 validation errors for DatabricksConnectionConfig&#10;databricks_token&#10;  field required (type=value_error.missing)&#10;databricks_host&#10;  field required (type=value_error.missing)&#10;databricks_http_path&#10;  field required (type=value_error.missing)&quot;">&gt;       lambda: ihook(item=item, **kwds), when=when, reraise=reraise
    )

.venv/gx_dev/lib/python3.11/site-packages/flaky/flaky_pytest_plugin.py:146:
_ _ _ _ _ _ _ _ _ _ _ _ _ _ _ _ _ _ _ _ _ _ _ _ _ _ _ _ _ _ _ _ _ _ _ _ _ _ _ _ _ _ _ _ _ _ _ _ _ _ _ _ _ _ _ _ _ _ _ _ _ _ _ _ _ _ _ _ _ _ _ _ _ _ _ _ _ _ _ _ _ _ _ _ _ _ _ _ _ _ _ _ _ _ _ _ _ _ _ _ _ _ _ _ _ _ _ _ _ _ _ _ _ _
tests/integration/conftest.py:153: in _batch_setup_for_datasource
    batch_setup.setup()
tests/integration/test_utils/data_source_config/sql.py:126: in setup
    engine = create_engine(url=self.connection_string)
tests/integration/test_utils/data_source_config/databricks.py:53: in connection_string
    return self._databrics_connection_config.connection_string(self.schema)
/opt/homebrew/Cellar/python@3.11/3.11.11/Frameworks/Python.framework/Versions/3.11/lib/python3.11/functools.py:1001: in __get__
    val = self.func(instance)
tests/integration/test_utils/data_source_config/databricks.py:70: in _databrics_connection_config
    return DatabricksConnectionConfig()  # type: ignore[call-arg]  # retrieves env vars
.venv/gx_dev/lib/python3.11/site-packages/pydantic/v1/env_settings.py:40: in __init__
    super().__init__(
_ _ _ _ _ _ _ _ _ _ _ _ _ _ _ _ _ _ _ _ _ _ _ _ _ _ _ _ _ _ _ _ _ _ _ _ _ _ _ _ _ _ _ _ _ _ _ _ _ _ _ _ _ _ _ _ _ _ _ _ _ _ _ _ _ _ _ _ _ _ _ _ _ _ _ _ _ _ _ _ _ _ _ _ _ _ _ _ _ _ _ _ _ _ _ _ _ _ _ _ _ _ _ _ _ _ _ _ _ _ _ _ _ _

__pydantic_self__ = DatabricksConnectionConfig(), data = {}, values = {}, fields_set = set()
validation_error = ValidationError(model='DatabricksConnectionConfig', errors=[{'loc': ('databricks_token',), 'msg': 'field required', 't...': 'value_error.missing'}, {'loc': ('databricks_http_path',), 'msg': 'field required', 'type': 'value_error.missing'}])

    def __init__(__pydantic_self__, **data: Any) -&gt; None:
        """
        Create a new model by parsing and validating input data from keyword arguments.

        Raises ValidationError if the input data cannot be parsed to form a valid model.
        """
        # Uses something other than `self` the first arg to allow "self" as a settable attribute
        values, fields_set, validation_error = validate_model(__pydantic_self__.__class__, data)
        if validation_error:
&gt;           raise validation_error
E           pydantic.v1.error_wrappers.ValidationError: 3 validation errors for DatabricksConnectionConfig
E           databricks_token
E             field required (type=value_error.missing)
E           databricks_host
E             field required (type=value_error.missing)
E           databricks_http_path
E             field required (type=value_error.missing)

.venv/gx_dev/lib/python3.11/site-packages/pydantic/v1/main.py:341: ValidationError</error></testcase><testcase classname="tests.integration.data_sources_and_expectations.expectations.test_expect_column_proportion_of_unique_values_to_be_between" name="test_strings[databricks]" time="0.011"><error message="failed on setup with &quot;pydantic.v1.error_wrappers.ValidationError: 3 validation errors for DatabricksConnectionConfig&#10;databricks_token&#10;  field required (type=value_error.missing)&#10;databricks_host&#10;  field required (type=value_error.missing)&#10;databricks_http_path&#10;  field required (type=value_error.missing)&quot;">&gt;       lambda: ihook(item=item, **kwds), when=when, reraise=reraise
    )

.venv/gx_dev/lib/python3.11/site-packages/flaky/flaky_pytest_plugin.py:146:
_ _ _ _ _ _ _ _ _ _ _ _ _ _ _ _ _ _ _ _ _ _ _ _ _ _ _ _ _ _ _ _ _ _ _ _ _ _ _ _ _ _ _ _ _ _ _ _ _ _ _ _ _ _ _ _ _ _ _ _ _ _ _ _ _ _ _ _ _ _ _ _ _ _ _ _ _ _ _ _ _ _ _ _ _ _ _ _ _ _ _ _ _ _ _ _ _ _ _ _ _ _ _ _ _ _ _ _ _ _ _ _ _ _
tests/integration/conftest.py:166: in batch_for_datasource
    yield _batch_setup_for_datasource.make_batch()
tests/integration/test_utils/data_source_config/sql.py:83: in make_batch
    self.make_asset()
tests/integration/test_utils/data_source_config/databricks.py:76: in make_asset
    connection_string=self.connection_string,
tests/integration/test_utils/data_source_config/databricks.py:53: in connection_string
    return self._databrics_connection_config.connection_string(self.schema)
/opt/homebrew/Cellar/python@3.11/3.11.11/Frameworks/Python.framework/Versions/3.11/lib/python3.11/functools.py:1001: in __get__
    val = self.func(instance)
tests/integration/test_utils/data_source_config/databricks.py:70: in _databrics_connection_config
    return DatabricksConnectionConfig()  # type: ignore[call-arg]  # retrieves env vars
.venv/gx_dev/lib/python3.11/site-packages/pydantic/v1/env_settings.py:40: in __init__
    super().__init__(
_ _ _ _ _ _ _ _ _ _ _ _ _ _ _ _ _ _ _ _ _ _ _ _ _ _ _ _ _ _ _ _ _ _ _ _ _ _ _ _ _ _ _ _ _ _ _ _ _ _ _ _ _ _ _ _ _ _ _ _ _ _ _ _ _ _ _ _ _ _ _ _ _ _ _ _ _ _ _ _ _ _ _ _ _ _ _ _ _ _ _ _ _ _ _ _ _ _ _ _ _ _ _ _ _ _ _ _ _ _ _ _ _ _

__pydantic_self__ = DatabricksConnectionConfig(), data = {}, values = {}, fields_set = set()
validation_error = ValidationError(model='DatabricksConnectionConfig', errors=[{'loc': ('databricks_token',), 'msg': 'field required', 't...': 'value_error.missing'}, {'loc': ('databricks_http_path',), 'msg': 'field required', 'type': 'value_error.missing'}])

    def __init__(__pydantic_self__, **data: Any) -&gt; None:
        """
        Create a new model by parsing and validating input data from keyword arguments.

        Raises ValidationError if the input data cannot be parsed to form a valid model.
        """
        # Uses something other than `self` the first arg to allow "self" as a settable attribute
        values, fields_set, validation_error = validate_model(__pydantic_self__.__class__, data)
        if validation_error:
&gt;           raise validation_error
E           pydantic.v1.error_wrappers.ValidationError: 3 validation errors for DatabricksConnectionConfig
E           databricks_token
E             field required (type=value_error.missing)
E           databricks_host
E             field required (type=value_error.missing)
E           databricks_http_path
E             field required (type=value_error.missing)

.venv/gx_dev/lib/python3.11/site-packages/pydantic/v1/main.py:341: ValidationError</error></testcase><testcase classname="tests.integration.data_sources_and_expectations.expectations.test_expect_column_quantile_values_to_be_between" name="test_success_complete_results[databricks]" time="0.002"><error message="failed on setup with &quot;pydantic.v1.error_wrappers.ValidationError: 3 validation errors for DatabricksConnectionConfig&#10;databricks_token&#10;  field required (type=value_error.missing)&#10;databricks_host&#10;  field required (type=value_error.missing)&#10;databricks_http_path&#10;  field required (type=value_error.missing)&quot;">&gt;       lambda: ihook(item=item, **kwds), when=when, reraise=reraise
    )

.venv/gx_dev/lib/python3.11/site-packages/flaky/flaky_pytest_plugin.py:146:
_ _ _ _ _ _ _ _ _ _ _ _ _ _ _ _ _ _ _ _ _ _ _ _ _ _ _ _ _ _ _ _ _ _ _ _ _ _ _ _ _ _ _ _ _ _ _ _ _ _ _ _ _ _ _ _ _ _ _ _ _ _ _ _ _ _ _ _ _ _ _ _ _ _ _ _ _ _ _ _ _ _ _ _ _ _ _ _ _ _ _ _ _ _ _ _ _ _ _ _ _ _ _ _ _ _ _ _ _ _ _ _ _ _
tests/integration/conftest.py:153: in _batch_setup_for_datasource
    batch_setup.setup()
tests/integration/test_utils/data_source_config/sql.py:126: in setup
    engine = create_engine(url=self.connection_string)
tests/integration/test_utils/data_source_config/databricks.py:53: in connection_string
    return self._databrics_connection_config.connection_string(self.schema)
/opt/homebrew/Cellar/python@3.11/3.11.11/Frameworks/Python.framework/Versions/3.11/lib/python3.11/functools.py:1001: in __get__
    val = self.func(instance)
tests/integration/test_utils/data_source_config/databricks.py:70: in _databrics_connection_config
    return DatabricksConnectionConfig()  # type: ignore[call-arg]  # retrieves env vars
.venv/gx_dev/lib/python3.11/site-packages/pydantic/v1/env_settings.py:40: in __init__
    super().__init__(
_ _ _ _ _ _ _ _ _ _ _ _ _ _ _ _ _ _ _ _ _ _ _ _ _ _ _ _ _ _ _ _ _ _ _ _ _ _ _ _ _ _ _ _ _ _ _ _ _ _ _ _ _ _ _ _ _ _ _ _ _ _ _ _ _ _ _ _ _ _ _ _ _ _ _ _ _ _ _ _ _ _ _ _ _ _ _ _ _ _ _ _ _ _ _ _ _ _ _ _ _ _ _ _ _ _ _ _ _ _ _ _ _ _

__pydantic_self__ = DatabricksConnectionConfig(), data = {}, values = {}, fields_set = set()
validation_error = ValidationError(model='DatabricksConnectionConfig', errors=[{'loc': ('databricks_token',), 'msg': 'field required', 't...': 'value_error.missing'}, {'loc': ('databricks_http_path',), 'msg': 'field required', 'type': 'value_error.missing'}])

    def __init__(__pydantic_self__, **data: Any) -&gt; None:
        """
        Create a new model by parsing and validating input data from keyword arguments.

        Raises ValidationError if the input data cannot be parsed to form a valid model.
        """
        # Uses something other than `self` the first arg to allow "self" as a settable attribute
        values, fields_set, validation_error = validate_model(__pydantic_self__.__class__, data)
        if validation_error:
&gt;           raise validation_error
E           pydantic.v1.error_wrappers.ValidationError: 3 validation errors for DatabricksConnectionConfig
E           databricks_token
E             field required (type=value_error.missing)
E           databricks_host
E             field required (type=value_error.missing)
E           databricks_http_path
E             field required (type=value_error.missing)

.venv/gx_dev/lib/python3.11/site-packages/pydantic/v1/main.py:341: ValidationError</error></testcase><testcase classname="tests.integration.data_sources_and_expectations.expectations.test_expect_column_stdev_to_be_between" name="test_success_complete_results[databricks]" time="0.003"><error message="failed on setup with &quot;pydantic.v1.error_wrappers.ValidationError: 3 validation errors for DatabricksConnectionConfig&#10;databricks_token&#10;  field required (type=value_error.missing)&#10;databricks_host&#10;  field required (type=value_error.missing)&#10;databricks_http_path&#10;  field required (type=value_error.missing)&quot;">&gt;       lambda: ihook(item=item, **kwds), when=when, reraise=reraise
    )

.venv/gx_dev/lib/python3.11/site-packages/flaky/flaky_pytest_plugin.py:146:
_ _ _ _ _ _ _ _ _ _ _ _ _ _ _ _ _ _ _ _ _ _ _ _ _ _ _ _ _ _ _ _ _ _ _ _ _ _ _ _ _ _ _ _ _ _ _ _ _ _ _ _ _ _ _ _ _ _ _ _ _ _ _ _ _ _ _ _ _ _ _ _ _ _ _ _ _ _ _ _ _ _ _ _ _ _ _ _ _ _ _ _ _ _ _ _ _ _ _ _ _ _ _ _ _ _ _ _ _ _ _ _ _ _
tests/integration/conftest.py:153: in _batch_setup_for_datasource
    batch_setup.setup()
tests/integration/test_utils/data_source_config/sql.py:126: in setup
    engine = create_engine(url=self.connection_string)
tests/integration/test_utils/data_source_config/databricks.py:53: in connection_string
    return self._databrics_connection_config.connection_string(self.schema)
/opt/homebrew/Cellar/python@3.11/3.11.11/Frameworks/Python.framework/Versions/3.11/lib/python3.11/functools.py:1001: in __get__
    val = self.func(instance)
tests/integration/test_utils/data_source_config/databricks.py:70: in _databrics_connection_config
    return DatabricksConnectionConfig()  # type: ignore[call-arg]  # retrieves env vars
.venv/gx_dev/lib/python3.11/site-packages/pydantic/v1/env_settings.py:40: in __init__
    super().__init__(
_ _ _ _ _ _ _ _ _ _ _ _ _ _ _ _ _ _ _ _ _ _ _ _ _ _ _ _ _ _ _ _ _ _ _ _ _ _ _ _ _ _ _ _ _ _ _ _ _ _ _ _ _ _ _ _ _ _ _ _ _ _ _ _ _ _ _ _ _ _ _ _ _ _ _ _ _ _ _ _ _ _ _ _ _ _ _ _ _ _ _ _ _ _ _ _ _ _ _ _ _ _ _ _ _ _ _ _ _ _ _ _ _ _

__pydantic_self__ = DatabricksConnectionConfig(), data = {}, values = {}, fields_set = set()
validation_error = ValidationError(model='DatabricksConnectionConfig', errors=[{'loc': ('databricks_token',), 'msg': 'field required', 't...': 'value_error.missing'}, {'loc': ('databricks_http_path',), 'msg': 'field required', 'type': 'value_error.missing'}])

    def __init__(__pydantic_self__, **data: Any) -&gt; None:
        """
        Create a new model by parsing and validating input data from keyword arguments.

        Raises ValidationError if the input data cannot be parsed to form a valid model.
        """
        # Uses something other than `self` the first arg to allow "self" as a settable attribute
        values, fields_set, validation_error = validate_model(__pydantic_self__.__class__, data)
        if validation_error:
&gt;           raise validation_error
E           pydantic.v1.error_wrappers.ValidationError: 3 validation errors for DatabricksConnectionConfig
E           databricks_token
E             field required (type=value_error.missing)
E           databricks_host
E             field required (type=value_error.missing)
E           databricks_http_path
E             field required (type=value_error.missing)

.venv/gx_dev/lib/python3.11/site-packages/pydantic/v1/main.py:341: ValidationError</error></testcase><testcase classname="tests.integration.data_sources_and_expectations.expectations.test_expect_column_sum_to_be_between" name="test_its_over_9000[databricks]" time="0.002"><error message="failed on setup with &quot;pydantic.v1.error_wrappers.ValidationError: 3 validation errors for DatabricksConnectionConfig&#10;databricks_token&#10;  field required (type=value_error.missing)&#10;databricks_host&#10;  field required (type=value_error.missing)&#10;databricks_http_path&#10;  field required (type=value_error.missing)&quot;">&gt;       lambda: ihook(item=item, **kwds), when=when, reraise=reraise
    )

.venv/gx_dev/lib/python3.11/site-packages/flaky/flaky_pytest_plugin.py:146:
_ _ _ _ _ _ _ _ _ _ _ _ _ _ _ _ _ _ _ _ _ _ _ _ _ _ _ _ _ _ _ _ _ _ _ _ _ _ _ _ _ _ _ _ _ _ _ _ _ _ _ _ _ _ _ _ _ _ _ _ _ _ _ _ _ _ _ _ _ _ _ _ _ _ _ _ _ _ _ _ _ _ _ _ _ _ _ _ _ _ _ _ _ _ _ _ _ _ _ _ _ _ _ _ _ _ _ _ _ _ _ _ _ _
tests/integration/conftest.py:153: in _batch_setup_for_datasource
    batch_setup.setup()
tests/integration/test_utils/data_source_config/sql.py:126: in setup
    engine = create_engine(url=self.connection_string)
tests/integration/test_utils/data_source_config/databricks.py:53: in connection_string
    return self._databrics_connection_config.connection_string(self.schema)
/opt/homebrew/Cellar/python@3.11/3.11.11/Frameworks/Python.framework/Versions/3.11/lib/python3.11/functools.py:1001: in __get__
    val = self.func(instance)
tests/integration/test_utils/data_source_config/databricks.py:70: in _databrics_connection_config
    return DatabricksConnectionConfig()  # type: ignore[call-arg]  # retrieves env vars
.venv/gx_dev/lib/python3.11/site-packages/pydantic/v1/env_settings.py:40: in __init__
    super().__init__(
_ _ _ _ _ _ _ _ _ _ _ _ _ _ _ _ _ _ _ _ _ _ _ _ _ _ _ _ _ _ _ _ _ _ _ _ _ _ _ _ _ _ _ _ _ _ _ _ _ _ _ _ _ _ _ _ _ _ _ _ _ _ _ _ _ _ _ _ _ _ _ _ _ _ _ _ _ _ _ _ _ _ _ _ _ _ _ _ _ _ _ _ _ _ _ _ _ _ _ _ _ _ _ _ _ _ _ _ _ _ _ _ _ _

__pydantic_self__ = DatabricksConnectionConfig(), data = {}, values = {}, fields_set = set()
validation_error = ValidationError(model='DatabricksConnectionConfig', errors=[{'loc': ('databricks_token',), 'msg': 'field required', 't...': 'value_error.missing'}, {'loc': ('databricks_http_path',), 'msg': 'field required', 'type': 'value_error.missing'}])

    def __init__(__pydantic_self__, **data: Any) -&gt; None:
        """
        Create a new model by parsing and validating input data from keyword arguments.

        Raises ValidationError if the input data cannot be parsed to form a valid model.
        """
        # Uses something other than `self` the first arg to allow "self" as a settable attribute
        values, fields_set, validation_error = validate_model(__pydantic_self__.__class__, data)
        if validation_error:
&gt;           raise validation_error
E           pydantic.v1.error_wrappers.ValidationError: 3 validation errors for DatabricksConnectionConfig
E           databricks_token
E             field required (type=value_error.missing)
E           databricks_host
E             field required (type=value_error.missing)
E           databricks_http_path
E             field required (type=value_error.missing)

.venv/gx_dev/lib/python3.11/site-packages/pydantic/v1/main.py:341: ValidationError</error></testcase><testcase classname="tests.integration.data_sources_and_expectations.expectations.test_expect_column_to_exist" name="test_success_complete[databricks]" time="0.003"><error message="failed on setup with &quot;pydantic.v1.error_wrappers.ValidationError: 3 validation errors for DatabricksConnectionConfig&#10;databricks_token&#10;  field required (type=value_error.missing)&#10;databricks_host&#10;  field required (type=value_error.missing)&#10;databricks_http_path&#10;  field required (type=value_error.missing)&quot;">&gt;       lambda: ihook(item=item, **kwds), when=when, reraise=reraise
    )

.venv/gx_dev/lib/python3.11/site-packages/flaky/flaky_pytest_plugin.py:146:
_ _ _ _ _ _ _ _ _ _ _ _ _ _ _ _ _ _ _ _ _ _ _ _ _ _ _ _ _ _ _ _ _ _ _ _ _ _ _ _ _ _ _ _ _ _ _ _ _ _ _ _ _ _ _ _ _ _ _ _ _ _ _ _ _ _ _ _ _ _ _ _ _ _ _ _ _ _ _ _ _ _ _ _ _ _ _ _ _ _ _ _ _ _ _ _ _ _ _ _ _ _ _ _ _ _ _ _ _ _ _ _ _ _
tests/integration/conftest.py:153: in _batch_setup_for_datasource
    batch_setup.setup()
tests/integration/test_utils/data_source_config/sql.py:126: in setup
    engine = create_engine(url=self.connection_string)
tests/integration/test_utils/data_source_config/databricks.py:53: in connection_string
    return self._databrics_connection_config.connection_string(self.schema)
/opt/homebrew/Cellar/python@3.11/3.11.11/Frameworks/Python.framework/Versions/3.11/lib/python3.11/functools.py:1001: in __get__
    val = self.func(instance)
tests/integration/test_utils/data_source_config/databricks.py:70: in _databrics_connection_config
    return DatabricksConnectionConfig()  # type: ignore[call-arg]  # retrieves env vars
.venv/gx_dev/lib/python3.11/site-packages/pydantic/v1/env_settings.py:40: in __init__
    super().__init__(
_ _ _ _ _ _ _ _ _ _ _ _ _ _ _ _ _ _ _ _ _ _ _ _ _ _ _ _ _ _ _ _ _ _ _ _ _ _ _ _ _ _ _ _ _ _ _ _ _ _ _ _ _ _ _ _ _ _ _ _ _ _ _ _ _ _ _ _ _ _ _ _ _ _ _ _ _ _ _ _ _ _ _ _ _ _ _ _ _ _ _ _ _ _ _ _ _ _ _ _ _ _ _ _ _ _ _ _ _ _ _ _ _ _

__pydantic_self__ = DatabricksConnectionConfig(), data = {}, values = {}, fields_set = set()
validation_error = ValidationError(model='DatabricksConnectionConfig', errors=[{'loc': ('databricks_token',), 'msg': 'field required', 't...': 'value_error.missing'}, {'loc': ('databricks_http_path',), 'msg': 'field required', 'type': 'value_error.missing'}])

    def __init__(__pydantic_self__, **data: Any) -&gt; None:
        """
        Create a new model by parsing and validating input data from keyword arguments.

        Raises ValidationError if the input data cannot be parsed to form a valid model.
        """
        # Uses something other than `self` the first arg to allow "self" as a settable attribute
        values, fields_set, validation_error = validate_model(__pydantic_self__.__class__, data)
        if validation_error:
&gt;           raise validation_error
E           pydantic.v1.error_wrappers.ValidationError: 3 validation errors for DatabricksConnectionConfig
E           databricks_token
E             field required (type=value_error.missing)
E           databricks_host
E             field required (type=value_error.missing)
E           databricks_http_path
E             field required (type=value_error.missing)

.venv/gx_dev/lib/python3.11/site-packages/pydantic/v1/main.py:341: ValidationError</error></testcase><testcase classname="tests.integration.data_sources_and_expectations.expectations.test_expect_column_unique_value_count_to_be_between" name="test_its_over_9000[databricks]" time="0.002"><error message="failed on setup with &quot;pydantic.v1.error_wrappers.ValidationError: 3 validation errors for DatabricksConnectionConfig&#10;databricks_token&#10;  field required (type=value_error.missing)&#10;databricks_host&#10;  field required (type=value_error.missing)&#10;databricks_http_path&#10;  field required (type=value_error.missing)&quot;">&gt;       lambda: ihook(item=item, **kwds), when=when, reraise=reraise
    )

.venv/gx_dev/lib/python3.11/site-packages/flaky/flaky_pytest_plugin.py:146:
_ _ _ _ _ _ _ _ _ _ _ _ _ _ _ _ _ _ _ _ _ _ _ _ _ _ _ _ _ _ _ _ _ _ _ _ _ _ _ _ _ _ _ _ _ _ _ _ _ _ _ _ _ _ _ _ _ _ _ _ _ _ _ _ _ _ _ _ _ _ _ _ _ _ _ _ _ _ _ _ _ _ _ _ _ _ _ _ _ _ _ _ _ _ _ _ _ _ _ _ _ _ _ _ _ _ _ _ _ _ _ _ _ _
tests/integration/conftest.py:153: in _batch_setup_for_datasource
    batch_setup.setup()
tests/integration/test_utils/data_source_config/sql.py:126: in setup
    engine = create_engine(url=self.connection_string)
tests/integration/test_utils/data_source_config/databricks.py:53: in connection_string
    return self._databrics_connection_config.connection_string(self.schema)
/opt/homebrew/Cellar/python@3.11/3.11.11/Frameworks/Python.framework/Versions/3.11/lib/python3.11/functools.py:1001: in __get__
    val = self.func(instance)
tests/integration/test_utils/data_source_config/databricks.py:70: in _databrics_connection_config
    return DatabricksConnectionConfig()  # type: ignore[call-arg]  # retrieves env vars
.venv/gx_dev/lib/python3.11/site-packages/pydantic/v1/env_settings.py:40: in __init__
    super().__init__(
_ _ _ _ _ _ _ _ _ _ _ _ _ _ _ _ _ _ _ _ _ _ _ _ _ _ _ _ _ _ _ _ _ _ _ _ _ _ _ _ _ _ _ _ _ _ _ _ _ _ _ _ _ _ _ _ _ _ _ _ _ _ _ _ _ _ _ _ _ _ _ _ _ _ _ _ _ _ _ _ _ _ _ _ _ _ _ _ _ _ _ _ _ _ _ _ _ _ _ _ _ _ _ _ _ _ _ _ _ _ _ _ _ _

__pydantic_self__ = DatabricksConnectionConfig(), data = {}, values = {}, fields_set = set()
validation_error = ValidationError(model='DatabricksConnectionConfig', errors=[{'loc': ('databricks_token',), 'msg': 'field required', 't...': 'value_error.missing'}, {'loc': ('databricks_http_path',), 'msg': 'field required', 'type': 'value_error.missing'}])

    def __init__(__pydantic_self__, **data: Any) -&gt; None:
        """
        Create a new model by parsing and validating input data from keyword arguments.

        Raises ValidationError if the input data cannot be parsed to form a valid model.
        """
        # Uses something other than `self` the first arg to allow "self" as a settable attribute
        values, fields_set, validation_error = validate_model(__pydantic_self__.__class__, data)
        if validation_error:
&gt;           raise validation_error
E           pydantic.v1.error_wrappers.ValidationError: 3 validation errors for DatabricksConnectionConfig
E           databricks_token
E             field required (type=value_error.missing)
E           databricks_host
E             field required (type=value_error.missing)
E           databricks_http_path
E             field required (type=value_error.missing)

.venv/gx_dev/lib/python3.11/site-packages/pydantic/v1/main.py:341: ValidationError</error></testcase><testcase classname="tests.integration.data_sources_and_expectations.expectations.test_expect_column_value_lengths_to_be_between" name="test_success_complete[databricks]" time="0.003"><error message="failed on setup with &quot;pydantic.v1.error_wrappers.ValidationError: 3 validation errors for DatabricksConnectionConfig&#10;databricks_token&#10;  field required (type=value_error.missing)&#10;databricks_host&#10;  field required (type=value_error.missing)&#10;databricks_http_path&#10;  field required (type=value_error.missing)&quot;">&gt;       lambda: ihook(item=item, **kwds), when=when, reraise=reraise
    )

.venv/gx_dev/lib/python3.11/site-packages/flaky/flaky_pytest_plugin.py:146:
_ _ _ _ _ _ _ _ _ _ _ _ _ _ _ _ _ _ _ _ _ _ _ _ _ _ _ _ _ _ _ _ _ _ _ _ _ _ _ _ _ _ _ _ _ _ _ _ _ _ _ _ _ _ _ _ _ _ _ _ _ _ _ _ _ _ _ _ _ _ _ _ _ _ _ _ _ _ _ _ _ _ _ _ _ _ _ _ _ _ _ _ _ _ _ _ _ _ _ _ _ _ _ _ _ _ _ _ _ _ _ _ _ _
tests/integration/conftest.py:153: in _batch_setup_for_datasource
    batch_setup.setup()
tests/integration/test_utils/data_source_config/sql.py:126: in setup
    engine = create_engine(url=self.connection_string)
tests/integration/test_utils/data_source_config/databricks.py:53: in connection_string
    return self._databrics_connection_config.connection_string(self.schema)
/opt/homebrew/Cellar/python@3.11/3.11.11/Frameworks/Python.framework/Versions/3.11/lib/python3.11/functools.py:1001: in __get__
    val = self.func(instance)
tests/integration/test_utils/data_source_config/databricks.py:70: in _databrics_connection_config
    return DatabricksConnectionConfig()  # type: ignore[call-arg]  # retrieves env vars
.venv/gx_dev/lib/python3.11/site-packages/pydantic/v1/env_settings.py:40: in __init__
    super().__init__(
_ _ _ _ _ _ _ _ _ _ _ _ _ _ _ _ _ _ _ _ _ _ _ _ _ _ _ _ _ _ _ _ _ _ _ _ _ _ _ _ _ _ _ _ _ _ _ _ _ _ _ _ _ _ _ _ _ _ _ _ _ _ _ _ _ _ _ _ _ _ _ _ _ _ _ _ _ _ _ _ _ _ _ _ _ _ _ _ _ _ _ _ _ _ _ _ _ _ _ _ _ _ _ _ _ _ _ _ _ _ _ _ _ _

__pydantic_self__ = DatabricksConnectionConfig(), data = {}, values = {}, fields_set = set()
validation_error = ValidationError(model='DatabricksConnectionConfig', errors=[{'loc': ('databricks_token',), 'msg': 'field required', 't...': 'value_error.missing'}, {'loc': ('databricks_http_path',), 'msg': 'field required', 'type': 'value_error.missing'}])

    def __init__(__pydantic_self__, **data: Any) -&gt; None:
        """
        Create a new model by parsing and validating input data from keyword arguments.

        Raises ValidationError if the input data cannot be parsed to form a valid model.
        """
        # Uses something other than `self` the first arg to allow "self" as a settable attribute
        values, fields_set, validation_error = validate_model(__pydantic_self__.__class__, data)
        if validation_error:
&gt;           raise validation_error
E           pydantic.v1.error_wrappers.ValidationError: 3 validation errors for DatabricksConnectionConfig
E           databricks_token
E             field required (type=value_error.missing)
E           databricks_host
E             field required (type=value_error.missing)
E           databricks_http_path
E             field required (type=value_error.missing)

.venv/gx_dev/lib/python3.11/site-packages/pydantic/v1/main.py:341: ValidationError</error></testcase><testcase classname="tests.integration.data_sources_and_expectations.expectations.test_expect_column_value_lengths_to_equal" name="test_success_complete__sql[databricks]" time="0.003"><error message="failed on setup with &quot;pydantic.v1.error_wrappers.ValidationError: 3 validation errors for DatabricksConnectionConfig&#10;databricks_token&#10;  field required (type=value_error.missing)&#10;databricks_host&#10;  field required (type=value_error.missing)&#10;databricks_http_path&#10;  field required (type=value_error.missing)&quot;">&gt;       lambda: ihook(item=item, **kwds), when=when, reraise=reraise
    )

.venv/gx_dev/lib/python3.11/site-packages/flaky/flaky_pytest_plugin.py:146:
_ _ _ _ _ _ _ _ _ _ _ _ _ _ _ _ _ _ _ _ _ _ _ _ _ _ _ _ _ _ _ _ _ _ _ _ _ _ _ _ _ _ _ _ _ _ _ _ _ _ _ _ _ _ _ _ _ _ _ _ _ _ _ _ _ _ _ _ _ _ _ _ _ _ _ _ _ _ _ _ _ _ _ _ _ _ _ _ _ _ _ _ _ _ _ _ _ _ _ _ _ _ _ _ _ _ _ _ _ _ _ _ _ _
tests/integration/conftest.py:153: in _batch_setup_for_datasource
    batch_setup.setup()
tests/integration/test_utils/data_source_config/sql.py:126: in setup
    engine = create_engine(url=self.connection_string)
tests/integration/test_utils/data_source_config/databricks.py:53: in connection_string
    return self._databrics_connection_config.connection_string(self.schema)
/opt/homebrew/Cellar/python@3.11/3.11.11/Frameworks/Python.framework/Versions/3.11/lib/python3.11/functools.py:1001: in __get__
    val = self.func(instance)
tests/integration/test_utils/data_source_config/databricks.py:70: in _databrics_connection_config
    return DatabricksConnectionConfig()  # type: ignore[call-arg]  # retrieves env vars
.venv/gx_dev/lib/python3.11/site-packages/pydantic/v1/env_settings.py:40: in __init__
    super().__init__(
_ _ _ _ _ _ _ _ _ _ _ _ _ _ _ _ _ _ _ _ _ _ _ _ _ _ _ _ _ _ _ _ _ _ _ _ _ _ _ _ _ _ _ _ _ _ _ _ _ _ _ _ _ _ _ _ _ _ _ _ _ _ _ _ _ _ _ _ _ _ _ _ _ _ _ _ _ _ _ _ _ _ _ _ _ _ _ _ _ _ _ _ _ _ _ _ _ _ _ _ _ _ _ _ _ _ _ _ _ _ _ _ _ _

__pydantic_self__ = DatabricksConnectionConfig(), data = {}, values = {}, fields_set = set()
validation_error = ValidationError(model='DatabricksConnectionConfig', errors=[{'loc': ('databricks_token',), 'msg': 'field required', 't...': 'value_error.missing'}, {'loc': ('databricks_http_path',), 'msg': 'field required', 'type': 'value_error.missing'}])

    def __init__(__pydantic_self__, **data: Any) -&gt; None:
        """
        Create a new model by parsing and validating input data from keyword arguments.

        Raises ValidationError if the input data cannot be parsed to form a valid model.
        """
        # Uses something other than `self` the first arg to allow "self" as a settable attribute
        values, fields_set, validation_error = validate_model(__pydantic_self__.__class__, data)
        if validation_error:
&gt;           raise validation_error
E           pydantic.v1.error_wrappers.ValidationError: 3 validation errors for DatabricksConnectionConfig
E           databricks_token
E             field required (type=value_error.missing)
E           databricks_host
E             field required (type=value_error.missing)
E           databricks_http_path
E             field required (type=value_error.missing)

.venv/gx_dev/lib/python3.11/site-packages/pydantic/v1/main.py:341: ValidationError</error></testcase><testcase classname="tests.integration.data_sources_and_expectations.expectations.test_expect_column_value_z_scores_to_be_less_than" name="test_success_complete__sql[databricks]" time="0.003"><error message="failed on setup with &quot;pydantic.v1.error_wrappers.ValidationError: 3 validation errors for DatabricksConnectionConfig&#10;databricks_token&#10;  field required (type=value_error.missing)&#10;databricks_host&#10;  field required (type=value_error.missing)&#10;databricks_http_path&#10;  field required (type=value_error.missing)&quot;">&gt;       lambda: ihook(item=item, **kwds), when=when, reraise=reraise
    )

.venv/gx_dev/lib/python3.11/site-packages/flaky/flaky_pytest_plugin.py:146:
_ _ _ _ _ _ _ _ _ _ _ _ _ _ _ _ _ _ _ _ _ _ _ _ _ _ _ _ _ _ _ _ _ _ _ _ _ _ _ _ _ _ _ _ _ _ _ _ _ _ _ _ _ _ _ _ _ _ _ _ _ _ _ _ _ _ _ _ _ _ _ _ _ _ _ _ _ _ _ _ _ _ _ _ _ _ _ _ _ _ _ _ _ _ _ _ _ _ _ _ _ _ _ _ _ _ _ _ _ _ _ _ _ _
tests/integration/conftest.py:153: in _batch_setup_for_datasource
    batch_setup.setup()
tests/integration/test_utils/data_source_config/sql.py:126: in setup
    engine = create_engine(url=self.connection_string)
tests/integration/test_utils/data_source_config/databricks.py:53: in connection_string
    return self._databrics_connection_config.connection_string(self.schema)
/opt/homebrew/Cellar/python@3.11/3.11.11/Frameworks/Python.framework/Versions/3.11/lib/python3.11/functools.py:1001: in __get__
    val = self.func(instance)
tests/integration/test_utils/data_source_config/databricks.py:70: in _databrics_connection_config
    return DatabricksConnectionConfig()  # type: ignore[call-arg]  # retrieves env vars
.venv/gx_dev/lib/python3.11/site-packages/pydantic/v1/env_settings.py:40: in __init__
    super().__init__(
_ _ _ _ _ _ _ _ _ _ _ _ _ _ _ _ _ _ _ _ _ _ _ _ _ _ _ _ _ _ _ _ _ _ _ _ _ _ _ _ _ _ _ _ _ _ _ _ _ _ _ _ _ _ _ _ _ _ _ _ _ _ _ _ _ _ _ _ _ _ _ _ _ _ _ _ _ _ _ _ _ _ _ _ _ _ _ _ _ _ _ _ _ _ _ _ _ _ _ _ _ _ _ _ _ _ _ _ _ _ _ _ _ _

__pydantic_self__ = DatabricksConnectionConfig(), data = {}, values = {}, fields_set = set()
validation_error = ValidationError(model='DatabricksConnectionConfig', errors=[{'loc': ('databricks_token',), 'msg': 'field required', 't...': 'value_error.missing'}, {'loc': ('databricks_http_path',), 'msg': 'field required', 'type': 'value_error.missing'}])

    def __init__(__pydantic_self__, **data: Any) -&gt; None:
        """
        Create a new model by parsing and validating input data from keyword arguments.

        Raises ValidationError if the input data cannot be parsed to form a valid model.
        """
        # Uses something other than `self` the first arg to allow "self" as a settable attribute
        values, fields_set, validation_error = validate_model(__pydantic_self__.__class__, data)
        if validation_error:
&gt;           raise validation_error
E           pydantic.v1.error_wrappers.ValidationError: 3 validation errors for DatabricksConnectionConfig
E           databricks_token
E             field required (type=value_error.missing)
E           databricks_host
E             field required (type=value_error.missing)
E           databricks_http_path
E             field required (type=value_error.missing)

.venv/gx_dev/lib/python3.11/site-packages/pydantic/v1/main.py:341: ValidationError</error></testcase><testcase classname="tests.integration.data_sources_and_expectations.expectations.test_expect_column_values_to_be_between" name="test_success_complete_sql[databricks]" time="0.003"><error message="failed on setup with &quot;pydantic.v1.error_wrappers.ValidationError: 3 validation errors for DatabricksConnectionConfig&#10;databricks_token&#10;  field required (type=value_error.missing)&#10;databricks_host&#10;  field required (type=value_error.missing)&#10;databricks_http_path&#10;  field required (type=value_error.missing)&quot;">&gt;       lambda: ihook(item=item, **kwds), when=when, reraise=reraise
    )

.venv/gx_dev/lib/python3.11/site-packages/flaky/flaky_pytest_plugin.py:146:
_ _ _ _ _ _ _ _ _ _ _ _ _ _ _ _ _ _ _ _ _ _ _ _ _ _ _ _ _ _ _ _ _ _ _ _ _ _ _ _ _ _ _ _ _ _ _ _ _ _ _ _ _ _ _ _ _ _ _ _ _ _ _ _ _ _ _ _ _ _ _ _ _ _ _ _ _ _ _ _ _ _ _ _ _ _ _ _ _ _ _ _ _ _ _ _ _ _ _ _ _ _ _ _ _ _ _ _ _ _ _ _ _ _
tests/integration/conftest.py:153: in _batch_setup_for_datasource
    batch_setup.setup()
tests/integration/test_utils/data_source_config/sql.py:126: in setup
    engine = create_engine(url=self.connection_string)
tests/integration/test_utils/data_source_config/databricks.py:53: in connection_string
    return self._databrics_connection_config.connection_string(self.schema)
/opt/homebrew/Cellar/python@3.11/3.11.11/Frameworks/Python.framework/Versions/3.11/lib/python3.11/functools.py:1001: in __get__
    val = self.func(instance)
tests/integration/test_utils/data_source_config/databricks.py:70: in _databrics_connection_config
    return DatabricksConnectionConfig()  # type: ignore[call-arg]  # retrieves env vars
.venv/gx_dev/lib/python3.11/site-packages/pydantic/v1/env_settings.py:40: in __init__
    super().__init__(
_ _ _ _ _ _ _ _ _ _ _ _ _ _ _ _ _ _ _ _ _ _ _ _ _ _ _ _ _ _ _ _ _ _ _ _ _ _ _ _ _ _ _ _ _ _ _ _ _ _ _ _ _ _ _ _ _ _ _ _ _ _ _ _ _ _ _ _ _ _ _ _ _ _ _ _ _ _ _ _ _ _ _ _ _ _ _ _ _ _ _ _ _ _ _ _ _ _ _ _ _ _ _ _ _ _ _ _ _ _ _ _ _ _

__pydantic_self__ = DatabricksConnectionConfig(), data = {}, values = {}, fields_set = set()
validation_error = ValidationError(model='DatabricksConnectionConfig', errors=[{'loc': ('databricks_token',), 'msg': 'field required', 't...': 'value_error.missing'}, {'loc': ('databricks_http_path',), 'msg': 'field required', 'type': 'value_error.missing'}])

    def __init__(__pydantic_self__, **data: Any) -&gt; None:
        """
        Create a new model by parsing and validating input data from keyword arguments.

        Raises ValidationError if the input data cannot be parsed to form a valid model.
        """
        # Uses something other than `self` the first arg to allow "self" as a settable attribute
        values, fields_set, validation_error = validate_model(__pydantic_self__.__class__, data)
        if validation_error:
&gt;           raise validation_error
E           pydantic.v1.error_wrappers.ValidationError: 3 validation errors for DatabricksConnectionConfig
E           databricks_token
E             field required (type=value_error.missing)
E           databricks_host
E             field required (type=value_error.missing)
E           databricks_http_path
E             field required (type=value_error.missing)

.venv/gx_dev/lib/python3.11/site-packages/pydantic/v1/main.py:341: ValidationError</error></testcase><testcase classname="tests.integration.data_sources_and_expectations.expectations.test_expect_column_values_to_be_in_set" name="test_success_complete_sql[databricks]" time="0.003"><error message="failed on setup with &quot;pydantic.v1.error_wrappers.ValidationError: 3 validation errors for DatabricksConnectionConfig&#10;databricks_token&#10;  field required (type=value_error.missing)&#10;databricks_host&#10;  field required (type=value_error.missing)&#10;databricks_http_path&#10;  field required (type=value_error.missing)&quot;">&gt;       lambda: ihook(item=item, **kwds), when=when, reraise=reraise
    )

.venv/gx_dev/lib/python3.11/site-packages/flaky/flaky_pytest_plugin.py:146:
_ _ _ _ _ _ _ _ _ _ _ _ _ _ _ _ _ _ _ _ _ _ _ _ _ _ _ _ _ _ _ _ _ _ _ _ _ _ _ _ _ _ _ _ _ _ _ _ _ _ _ _ _ _ _ _ _ _ _ _ _ _ _ _ _ _ _ _ _ _ _ _ _ _ _ _ _ _ _ _ _ _ _ _ _ _ _ _ _ _ _ _ _ _ _ _ _ _ _ _ _ _ _ _ _ _ _ _ _ _ _ _ _ _
tests/integration/conftest.py:153: in _batch_setup_for_datasource
    batch_setup.setup()
tests/integration/test_utils/data_source_config/sql.py:126: in setup
    engine = create_engine(url=self.connection_string)
tests/integration/test_utils/data_source_config/databricks.py:53: in connection_string
    return self._databrics_connection_config.connection_string(self.schema)
/opt/homebrew/Cellar/python@3.11/3.11.11/Frameworks/Python.framework/Versions/3.11/lib/python3.11/functools.py:1001: in __get__
    val = self.func(instance)
tests/integration/test_utils/data_source_config/databricks.py:70: in _databrics_connection_config
    return DatabricksConnectionConfig()  # type: ignore[call-arg]  # retrieves env vars
.venv/gx_dev/lib/python3.11/site-packages/pydantic/v1/env_settings.py:40: in __init__
    super().__init__(
_ _ _ _ _ _ _ _ _ _ _ _ _ _ _ _ _ _ _ _ _ _ _ _ _ _ _ _ _ _ _ _ _ _ _ _ _ _ _ _ _ _ _ _ _ _ _ _ _ _ _ _ _ _ _ _ _ _ _ _ _ _ _ _ _ _ _ _ _ _ _ _ _ _ _ _ _ _ _ _ _ _ _ _ _ _ _ _ _ _ _ _ _ _ _ _ _ _ _ _ _ _ _ _ _ _ _ _ _ _ _ _ _ _

__pydantic_self__ = DatabricksConnectionConfig(), data = {}, values = {}, fields_set = set()
validation_error = ValidationError(model='DatabricksConnectionConfig', errors=[{'loc': ('databricks_token',), 'msg': 'field required', 't...': 'value_error.missing'}, {'loc': ('databricks_http_path',), 'msg': 'field required', 'type': 'value_error.missing'}])

    def __init__(__pydantic_self__, **data: Any) -&gt; None:
        """
        Create a new model by parsing and validating input data from keyword arguments.

        Raises ValidationError if the input data cannot be parsed to form a valid model.
        """
        # Uses something other than `self` the first arg to allow "self" as a settable attribute
        values, fields_set, validation_error = validate_model(__pydantic_self__.__class__, data)
        if validation_error:
&gt;           raise validation_error
E           pydantic.v1.error_wrappers.ValidationError: 3 validation errors for DatabricksConnectionConfig
E           databricks_token
E             field required (type=value_error.missing)
E           databricks_host
E             field required (type=value_error.missing)
E           databricks_http_path
E             field required (type=value_error.missing)

.venv/gx_dev/lib/python3.11/site-packages/pydantic/v1/main.py:341: ValidationError</error></testcase><testcase classname="tests.integration.data_sources_and_expectations.expectations.test_expect_column_values_to_be_in_type_list" name="test_success_complete_databricks[databricks-STRING]" time="0.005"><error message="failed on setup with &quot;pydantic.v1.error_wrappers.ValidationError: 3 validation errors for DatabricksConnectionConfig&#10;databricks_token&#10;  field required (type=value_error.missing)&#10;databricks_host&#10;  field required (type=value_error.missing)&#10;databricks_http_path&#10;  field required (type=value_error.missing)&quot;">&gt;       lambda: ihook(item=item, **kwds), when=when, reraise=reraise
    )

.venv/gx_dev/lib/python3.11/site-packages/flaky/flaky_pytest_plugin.py:146:
_ _ _ _ _ _ _ _ _ _ _ _ _ _ _ _ _ _ _ _ _ _ _ _ _ _ _ _ _ _ _ _ _ _ _ _ _ _ _ _ _ _ _ _ _ _ _ _ _ _ _ _ _ _ _ _ _ _ _ _ _ _ _ _ _ _ _ _ _ _ _ _ _ _ _ _ _ _ _ _ _ _ _ _ _ _ _ _ _ _ _ _ _ _ _ _ _ _ _ _ _ _ _ _ _ _ _ _ _ _ _ _ _ _
tests/integration/conftest.py:153: in _batch_setup_for_datasource
    batch_setup.setup()
tests/integration/test_utils/data_source_config/sql.py:126: in setup
    engine = create_engine(url=self.connection_string)
tests/integration/test_utils/data_source_config/databricks.py:53: in connection_string
    return self._databrics_connection_config.connection_string(self.schema)
/opt/homebrew/Cellar/python@3.11/3.11.11/Frameworks/Python.framework/Versions/3.11/lib/python3.11/functools.py:1001: in __get__
    val = self.func(instance)
tests/integration/test_utils/data_source_config/databricks.py:70: in _databrics_connection_config
    return DatabricksConnectionConfig()  # type: ignore[call-arg]  # retrieves env vars
.venv/gx_dev/lib/python3.11/site-packages/pydantic/v1/env_settings.py:40: in __init__
    super().__init__(
_ _ _ _ _ _ _ _ _ _ _ _ _ _ _ _ _ _ _ _ _ _ _ _ _ _ _ _ _ _ _ _ _ _ _ _ _ _ _ _ _ _ _ _ _ _ _ _ _ _ _ _ _ _ _ _ _ _ _ _ _ _ _ _ _ _ _ _ _ _ _ _ _ _ _ _ _ _ _ _ _ _ _ _ _ _ _ _ _ _ _ _ _ _ _ _ _ _ _ _ _ _ _ _ _ _ _ _ _ _ _ _ _ _

__pydantic_self__ = DatabricksConnectionConfig(), data = {}, values = {}, fields_set = set()
validation_error = ValidationError(model='DatabricksConnectionConfig', errors=[{'loc': ('databricks_token',), 'msg': 'field required', 't...': 'value_error.missing'}, {'loc': ('databricks_http_path',), 'msg': 'field required', 'type': 'value_error.missing'}])

    def __init__(__pydantic_self__, **data: Any) -&gt; None:
        """
        Create a new model by parsing and validating input data from keyword arguments.

        Raises ValidationError if the input data cannot be parsed to form a valid model.
        """
        # Uses something other than `self` the first arg to allow "self" as a settable attribute
        values, fields_set, validation_error = validate_model(__pydantic_self__.__class__, data)
        if validation_error:
&gt;           raise validation_error
E           pydantic.v1.error_wrappers.ValidationError: 3 validation errors for DatabricksConnectionConfig
E           databricks_token
E             field required (type=value_error.missing)
E           databricks_host
E             field required (type=value_error.missing)
E           databricks_http_path
E             field required (type=value_error.missing)

.venv/gx_dev/lib/python3.11/site-packages/pydantic/v1/main.py:341: ValidationError</error></testcase><testcase classname="tests.integration.data_sources_and_expectations.expectations.test_expect_column_values_to_be_in_type_list" name="test_success_complete_databricks[databricks-TEXT]" time="0.013"><error message="failed on setup with &quot;pydantic.v1.error_wrappers.ValidationError: 3 validation errors for DatabricksConnectionConfig&#10;databricks_token&#10;  field required (type=value_error.missing)&#10;databricks_host&#10;  field required (type=value_error.missing)&#10;databricks_http_path&#10;  field required (type=value_error.missing)&quot;">&gt;       lambda: ihook(item=item, **kwds), when=when, reraise=reraise
    )

.venv/gx_dev/lib/python3.11/site-packages/flaky/flaky_pytest_plugin.py:146:
_ _ _ _ _ _ _ _ _ _ _ _ _ _ _ _ _ _ _ _ _ _ _ _ _ _ _ _ _ _ _ _ _ _ _ _ _ _ _ _ _ _ _ _ _ _ _ _ _ _ _ _ _ _ _ _ _ _ _ _ _ _ _ _ _ _ _ _ _ _ _ _ _ _ _ _ _ _ _ _ _ _ _ _ _ _ _ _ _ _ _ _ _ _ _ _ _ _ _ _ _ _ _ _ _ _ _ _ _ _ _ _ _ _
tests/integration/conftest.py:166: in batch_for_datasource
    yield _batch_setup_for_datasource.make_batch()
tests/integration/test_utils/data_source_config/sql.py:83: in make_batch
    self.make_asset()
tests/integration/test_utils/data_source_config/databricks.py:76: in make_asset
    connection_string=self.connection_string,
tests/integration/test_utils/data_source_config/databricks.py:53: in connection_string
    return self._databrics_connection_config.connection_string(self.schema)
/opt/homebrew/Cellar/python@3.11/3.11.11/Frameworks/Python.framework/Versions/3.11/lib/python3.11/functools.py:1001: in __get__
    val = self.func(instance)
tests/integration/test_utils/data_source_config/databricks.py:70: in _databrics_connection_config
    return DatabricksConnectionConfig()  # type: ignore[call-arg]  # retrieves env vars
.venv/gx_dev/lib/python3.11/site-packages/pydantic/v1/env_settings.py:40: in __init__
    super().__init__(
_ _ _ _ _ _ _ _ _ _ _ _ _ _ _ _ _ _ _ _ _ _ _ _ _ _ _ _ _ _ _ _ _ _ _ _ _ _ _ _ _ _ _ _ _ _ _ _ _ _ _ _ _ _ _ _ _ _ _ _ _ _ _ _ _ _ _ _ _ _ _ _ _ _ _ _ _ _ _ _ _ _ _ _ _ _ _ _ _ _ _ _ _ _ _ _ _ _ _ _ _ _ _ _ _ _ _ _ _ _ _ _ _ _

__pydantic_self__ = DatabricksConnectionConfig(), data = {}, values = {}, fields_set = set()
validation_error = ValidationError(model='DatabricksConnectionConfig', errors=[{'loc': ('databricks_token',), 'msg': 'field required', 't...': 'value_error.missing'}, {'loc': ('databricks_http_path',), 'msg': 'field required', 'type': 'value_error.missing'}])

    def __init__(__pydantic_self__, **data: Any) -&gt; None:
        """
        Create a new model by parsing and validating input data from keyword arguments.

        Raises ValidationError if the input data cannot be parsed to form a valid model.
        """
        # Uses something other than `self` the first arg to allow "self" as a settable attribute
        values, fields_set, validation_error = validate_model(__pydantic_self__.__class__, data)
        if validation_error:
&gt;           raise validation_error
E           pydantic.v1.error_wrappers.ValidationError: 3 validation errors for DatabricksConnectionConfig
E           databricks_token
E             field required (type=value_error.missing)
E           databricks_host
E             field required (type=value_error.missing)
E           databricks_http_path
E             field required (type=value_error.missing)

.venv/gx_dev/lib/python3.11/site-packages/pydantic/v1/main.py:341: ValidationError</error></testcase><testcase classname="tests.integration.data_sources_and_expectations.expectations.test_expect_column_values_to_be_in_type_list" name="test_success_complete_databricks[databricks-UNICODE]" time="0.005"><error message="failed on setup with &quot;pydantic.v1.error_wrappers.ValidationError: 3 validation errors for DatabricksConnectionConfig&#10;databricks_token&#10;  field required (type=value_error.missing)&#10;databricks_host&#10;  field required (type=value_error.missing)&#10;databricks_http_path&#10;  field required (type=value_error.missing)&quot;">&gt;       lambda: ihook(item=item, **kwds), when=when, reraise=reraise
    )

.venv/gx_dev/lib/python3.11/site-packages/flaky/flaky_pytest_plugin.py:146:
_ _ _ _ _ _ _ _ _ _ _ _ _ _ _ _ _ _ _ _ _ _ _ _ _ _ _ _ _ _ _ _ _ _ _ _ _ _ _ _ _ _ _ _ _ _ _ _ _ _ _ _ _ _ _ _ _ _ _ _ _ _ _ _ _ _ _ _ _ _ _ _ _ _ _ _ _ _ _ _ _ _ _ _ _ _ _ _ _ _ _ _ _ _ _ _ _ _ _ _ _ _ _ _ _ _ _ _ _ _ _ _ _ _
tests/integration/conftest.py:166: in batch_for_datasource
    yield _batch_setup_for_datasource.make_batch()
tests/integration/test_utils/data_source_config/sql.py:83: in make_batch
    self.make_asset()
tests/integration/test_utils/data_source_config/databricks.py:76: in make_asset
    connection_string=self.connection_string,
tests/integration/test_utils/data_source_config/databricks.py:53: in connection_string
    return self._databrics_connection_config.connection_string(self.schema)
/opt/homebrew/Cellar/python@3.11/3.11.11/Frameworks/Python.framework/Versions/3.11/lib/python3.11/functools.py:1001: in __get__
    val = self.func(instance)
tests/integration/test_utils/data_source_config/databricks.py:70: in _databrics_connection_config
    return DatabricksConnectionConfig()  # type: ignore[call-arg]  # retrieves env vars
.venv/gx_dev/lib/python3.11/site-packages/pydantic/v1/env_settings.py:40: in __init__
    super().__init__(
_ _ _ _ _ _ _ _ _ _ _ _ _ _ _ _ _ _ _ _ _ _ _ _ _ _ _ _ _ _ _ _ _ _ _ _ _ _ _ _ _ _ _ _ _ _ _ _ _ _ _ _ _ _ _ _ _ _ _ _ _ _ _ _ _ _ _ _ _ _ _ _ _ _ _ _ _ _ _ _ _ _ _ _ _ _ _ _ _ _ _ _ _ _ _ _ _ _ _ _ _ _ _ _ _ _ _ _ _ _ _ _ _ _

__pydantic_self__ = DatabricksConnectionConfig(), data = {}, values = {}, fields_set = set()
validation_error = ValidationError(model='DatabricksConnectionConfig', errors=[{'loc': ('databricks_token',), 'msg': 'field required', 't...': 'value_error.missing'}, {'loc': ('databricks_http_path',), 'msg': 'field required', 'type': 'value_error.missing'}])

    def __init__(__pydantic_self__, **data: Any) -&gt; None:
        """
        Create a new model by parsing and validating input data from keyword arguments.

        Raises ValidationError if the input data cannot be parsed to form a valid model.
        """
        # Uses something other than `self` the first arg to allow "self" as a settable attribute
        values, fields_set, validation_error = validate_model(__pydantic_self__.__class__, data)
        if validation_error:
&gt;           raise validation_error
E           pydantic.v1.error_wrappers.ValidationError: 3 validation errors for DatabricksConnectionConfig
E           databricks_token
E             field required (type=value_error.missing)
E           databricks_host
E             field required (type=value_error.missing)
E           databricks_http_path
E             field required (type=value_error.missing)

.venv/gx_dev/lib/python3.11/site-packages/pydantic/v1/main.py:341: ValidationError</error></testcase><testcase classname="tests.integration.data_sources_and_expectations.expectations.test_expect_column_values_to_be_in_type_list" name="test_success_complete_databricks[databricks-UNICODE_TEXT]" time="0.005"><error message="failed on setup with &quot;pydantic.v1.error_wrappers.ValidationError: 3 validation errors for DatabricksConnectionConfig&#10;databricks_token&#10;  field required (type=value_error.missing)&#10;databricks_host&#10;  field required (type=value_error.missing)&#10;databricks_http_path&#10;  field required (type=value_error.missing)&quot;">&gt;       lambda: ihook(item=item, **kwds), when=when, reraise=reraise
    )

.venv/gx_dev/lib/python3.11/site-packages/flaky/flaky_pytest_plugin.py:146:
_ _ _ _ _ _ _ _ _ _ _ _ _ _ _ _ _ _ _ _ _ _ _ _ _ _ _ _ _ _ _ _ _ _ _ _ _ _ _ _ _ _ _ _ _ _ _ _ _ _ _ _ _ _ _ _ _ _ _ _ _ _ _ _ _ _ _ _ _ _ _ _ _ _ _ _ _ _ _ _ _ _ _ _ _ _ _ _ _ _ _ _ _ _ _ _ _ _ _ _ _ _ _ _ _ _ _ _ _ _ _ _ _ _
tests/integration/conftest.py:166: in batch_for_datasource
    yield _batch_setup_for_datasource.make_batch()
tests/integration/test_utils/data_source_config/sql.py:83: in make_batch
    self.make_asset()
tests/integration/test_utils/data_source_config/databricks.py:76: in make_asset
    connection_string=self.connection_string,
tests/integration/test_utils/data_source_config/databricks.py:53: in connection_string
    return self._databrics_connection_config.connection_string(self.schema)
/opt/homebrew/Cellar/python@3.11/3.11.11/Frameworks/Python.framework/Versions/3.11/lib/python3.11/functools.py:1001: in __get__
    val = self.func(instance)
tests/integration/test_utils/data_source_config/databricks.py:70: in _databrics_connection_config
    return DatabricksConnectionConfig()  # type: ignore[call-arg]  # retrieves env vars
.venv/gx_dev/lib/python3.11/site-packages/pydantic/v1/env_settings.py:40: in __init__
    super().__init__(
_ _ _ _ _ _ _ _ _ _ _ _ _ _ _ _ _ _ _ _ _ _ _ _ _ _ _ _ _ _ _ _ _ _ _ _ _ _ _ _ _ _ _ _ _ _ _ _ _ _ _ _ _ _ _ _ _ _ _ _ _ _ _ _ _ _ _ _ _ _ _ _ _ _ _ _ _ _ _ _ _ _ _ _ _ _ _ _ _ _ _ _ _ _ _ _ _ _ _ _ _ _ _ _ _ _ _ _ _ _ _ _ _ _

__pydantic_self__ = DatabricksConnectionConfig(), data = {}, values = {}, fields_set = set()
validation_error = ValidationError(model='DatabricksConnectionConfig', errors=[{'loc': ('databricks_token',), 'msg': 'field required', 't...': 'value_error.missing'}, {'loc': ('databricks_http_path',), 'msg': 'field required', 'type': 'value_error.missing'}])

    def __init__(__pydantic_self__, **data: Any) -&gt; None:
        """
        Create a new model by parsing and validating input data from keyword arguments.

        Raises ValidationError if the input data cannot be parsed to form a valid model.
        """
        # Uses something other than `self` the first arg to allow "self" as a settable attribute
        values, fields_set, validation_error = validate_model(__pydantic_self__.__class__, data)
        if validation_error:
&gt;           raise validation_error
E           pydantic.v1.error_wrappers.ValidationError: 3 validation errors for DatabricksConnectionConfig
E           databricks_token
E             field required (type=value_error.missing)
E           databricks_host
E             field required (type=value_error.missing)
E           databricks_http_path
E             field required (type=value_error.missing)

.venv/gx_dev/lib/python3.11/site-packages/pydantic/v1/main.py:341: ValidationError</error></testcase><testcase classname="tests.integration.data_sources_and_expectations.expectations.test_expect_column_values_to_be_in_type_list" name="test_success_complete_databricks[databricks-BOOLEAN]" time="0.005"><error message="failed on setup with &quot;pydantic.v1.error_wrappers.ValidationError: 3 validation errors for DatabricksConnectionConfig&#10;databricks_token&#10;  field required (type=value_error.missing)&#10;databricks_host&#10;  field required (type=value_error.missing)&#10;databricks_http_path&#10;  field required (type=value_error.missing)&quot;">&gt;       lambda: ihook(item=item, **kwds), when=when, reraise=reraise
    )

.venv/gx_dev/lib/python3.11/site-packages/flaky/flaky_pytest_plugin.py:146:
_ _ _ _ _ _ _ _ _ _ _ _ _ _ _ _ _ _ _ _ _ _ _ _ _ _ _ _ _ _ _ _ _ _ _ _ _ _ _ _ _ _ _ _ _ _ _ _ _ _ _ _ _ _ _ _ _ _ _ _ _ _ _ _ _ _ _ _ _ _ _ _ _ _ _ _ _ _ _ _ _ _ _ _ _ _ _ _ _ _ _ _ _ _ _ _ _ _ _ _ _ _ _ _ _ _ _ _ _ _ _ _ _ _
tests/integration/conftest.py:166: in batch_for_datasource
    yield _batch_setup_for_datasource.make_batch()
tests/integration/test_utils/data_source_config/sql.py:83: in make_batch
    self.make_asset()
tests/integration/test_utils/data_source_config/databricks.py:76: in make_asset
    connection_string=self.connection_string,
tests/integration/test_utils/data_source_config/databricks.py:53: in connection_string
    return self._databrics_connection_config.connection_string(self.schema)
/opt/homebrew/Cellar/python@3.11/3.11.11/Frameworks/Python.framework/Versions/3.11/lib/python3.11/functools.py:1001: in __get__
    val = self.func(instance)
tests/integration/test_utils/data_source_config/databricks.py:70: in _databrics_connection_config
    return DatabricksConnectionConfig()  # type: ignore[call-arg]  # retrieves env vars
.venv/gx_dev/lib/python3.11/site-packages/pydantic/v1/env_settings.py:40: in __init__
    super().__init__(
_ _ _ _ _ _ _ _ _ _ _ _ _ _ _ _ _ _ _ _ _ _ _ _ _ _ _ _ _ _ _ _ _ _ _ _ _ _ _ _ _ _ _ _ _ _ _ _ _ _ _ _ _ _ _ _ _ _ _ _ _ _ _ _ _ _ _ _ _ _ _ _ _ _ _ _ _ _ _ _ _ _ _ _ _ _ _ _ _ _ _ _ _ _ _ _ _ _ _ _ _ _ _ _ _ _ _ _ _ _ _ _ _ _

__pydantic_self__ = DatabricksConnectionConfig(), data = {}, values = {}, fields_set = set()
validation_error = ValidationError(model='DatabricksConnectionConfig', errors=[{'loc': ('databricks_token',), 'msg': 'field required', 't...': 'value_error.missing'}, {'loc': ('databricks_http_path',), 'msg': 'field required', 'type': 'value_error.missing'}])

    def __init__(__pydantic_self__, **data: Any) -&gt; None:
        """
        Create a new model by parsing and validating input data from keyword arguments.

        Raises ValidationError if the input data cannot be parsed to form a valid model.
        """
        # Uses something other than `self` the first arg to allow "self" as a settable attribute
        values, fields_set, validation_error = validate_model(__pydantic_self__.__class__, data)
        if validation_error:
&gt;           raise validation_error
E           pydantic.v1.error_wrappers.ValidationError: 3 validation errors for DatabricksConnectionConfig
E           databricks_token
E             field required (type=value_error.missing)
E           databricks_host
E             field required (type=value_error.missing)
E           databricks_http_path
E             field required (type=value_error.missing)

.venv/gx_dev/lib/python3.11/site-packages/pydantic/v1/main.py:341: ValidationError</error></testcase><testcase classname="tests.integration.data_sources_and_expectations.expectations.test_expect_column_values_to_be_in_type_list" name="test_success_complete_databricks[databricks-DECIMAL0]" time="0.007"><error message="failed on setup with &quot;pydantic.v1.error_wrappers.ValidationError: 3 validation errors for DatabricksConnectionConfig&#10;databricks_token&#10;  field required (type=value_error.missing)&#10;databricks_host&#10;  field required (type=value_error.missing)&#10;databricks_http_path&#10;  field required (type=value_error.missing)&quot;">&gt;       lambda: ihook(item=item, **kwds), when=when, reraise=reraise
    )

.venv/gx_dev/lib/python3.11/site-packages/flaky/flaky_pytest_plugin.py:146:
_ _ _ _ _ _ _ _ _ _ _ _ _ _ _ _ _ _ _ _ _ _ _ _ _ _ _ _ _ _ _ _ _ _ _ _ _ _ _ _ _ _ _ _ _ _ _ _ _ _ _ _ _ _ _ _ _ _ _ _ _ _ _ _ _ _ _ _ _ _ _ _ _ _ _ _ _ _ _ _ _ _ _ _ _ _ _ _ _ _ _ _ _ _ _ _ _ _ _ _ _ _ _ _ _ _ _ _ _ _ _ _ _ _
tests/integration/conftest.py:166: in batch_for_datasource
    yield _batch_setup_for_datasource.make_batch()
tests/integration/test_utils/data_source_config/sql.py:83: in make_batch
    self.make_asset()
tests/integration/test_utils/data_source_config/databricks.py:76: in make_asset
    connection_string=self.connection_string,
tests/integration/test_utils/data_source_config/databricks.py:53: in connection_string
    return self._databrics_connection_config.connection_string(self.schema)
/opt/homebrew/Cellar/python@3.11/3.11.11/Frameworks/Python.framework/Versions/3.11/lib/python3.11/functools.py:1001: in __get__
    val = self.func(instance)
tests/integration/test_utils/data_source_config/databricks.py:70: in _databrics_connection_config
    return DatabricksConnectionConfig()  # type: ignore[call-arg]  # retrieves env vars
.venv/gx_dev/lib/python3.11/site-packages/pydantic/v1/env_settings.py:40: in __init__
    super().__init__(
_ _ _ _ _ _ _ _ _ _ _ _ _ _ _ _ _ _ _ _ _ _ _ _ _ _ _ _ _ _ _ _ _ _ _ _ _ _ _ _ _ _ _ _ _ _ _ _ _ _ _ _ _ _ _ _ _ _ _ _ _ _ _ _ _ _ _ _ _ _ _ _ _ _ _ _ _ _ _ _ _ _ _ _ _ _ _ _ _ _ _ _ _ _ _ _ _ _ _ _ _ _ _ _ _ _ _ _ _ _ _ _ _ _

__pydantic_self__ = DatabricksConnectionConfig(), data = {}, values = {}, fields_set = set()
validation_error = ValidationError(model='DatabricksConnectionConfig', errors=[{'loc': ('databricks_token',), 'msg': 'field required', 't...': 'value_error.missing'}, {'loc': ('databricks_http_path',), 'msg': 'field required', 'type': 'value_error.missing'}])

    def __init__(__pydantic_self__, **data: Any) -&gt; None:
        """
        Create a new model by parsing and validating input data from keyword arguments.

        Raises ValidationError if the input data cannot be parsed to form a valid model.
        """
        # Uses something other than `self` the first arg to allow "self" as a settable attribute
        values, fields_set, validation_error = validate_model(__pydantic_self__.__class__, data)
        if validation_error:
&gt;           raise validation_error
E           pydantic.v1.error_wrappers.ValidationError: 3 validation errors for DatabricksConnectionConfig
E           databricks_token
E             field required (type=value_error.missing)
E           databricks_host
E             field required (type=value_error.missing)
E           databricks_http_path
E             field required (type=value_error.missing)

.venv/gx_dev/lib/python3.11/site-packages/pydantic/v1/main.py:341: ValidationError</error></testcase><testcase classname="tests.integration.data_sources_and_expectations.expectations.test_expect_column_values_to_be_in_type_list" name="test_success_complete_databricks[databricks-DATE]" time="0.007"><error message="failed on setup with &quot;pydantic.v1.error_wrappers.ValidationError: 3 validation errors for DatabricksConnectionConfig&#10;databricks_token&#10;  field required (type=value_error.missing)&#10;databricks_host&#10;  field required (type=value_error.missing)&#10;databricks_http_path&#10;  field required (type=value_error.missing)&quot;">&gt;       lambda: ihook(item=item, **kwds), when=when, reraise=reraise
    )

.venv/gx_dev/lib/python3.11/site-packages/flaky/flaky_pytest_plugin.py:146:
_ _ _ _ _ _ _ _ _ _ _ _ _ _ _ _ _ _ _ _ _ _ _ _ _ _ _ _ _ _ _ _ _ _ _ _ _ _ _ _ _ _ _ _ _ _ _ _ _ _ _ _ _ _ _ _ _ _ _ _ _ _ _ _ _ _ _ _ _ _ _ _ _ _ _ _ _ _ _ _ _ _ _ _ _ _ _ _ _ _ _ _ _ _ _ _ _ _ _ _ _ _ _ _ _ _ _ _ _ _ _ _ _ _
tests/integration/conftest.py:166: in batch_for_datasource
    yield _batch_setup_for_datasource.make_batch()
tests/integration/test_utils/data_source_config/sql.py:83: in make_batch
    self.make_asset()
tests/integration/test_utils/data_source_config/databricks.py:76: in make_asset
    connection_string=self.connection_string,
tests/integration/test_utils/data_source_config/databricks.py:53: in connection_string
    return self._databrics_connection_config.connection_string(self.schema)
/opt/homebrew/Cellar/python@3.11/3.11.11/Frameworks/Python.framework/Versions/3.11/lib/python3.11/functools.py:1001: in __get__
    val = self.func(instance)
tests/integration/test_utils/data_source_config/databricks.py:70: in _databrics_connection_config
    return DatabricksConnectionConfig()  # type: ignore[call-arg]  # retrieves env vars
.venv/gx_dev/lib/python3.11/site-packages/pydantic/v1/env_settings.py:40: in __init__
    super().__init__(
_ _ _ _ _ _ _ _ _ _ _ _ _ _ _ _ _ _ _ _ _ _ _ _ _ _ _ _ _ _ _ _ _ _ _ _ _ _ _ _ _ _ _ _ _ _ _ _ _ _ _ _ _ _ _ _ _ _ _ _ _ _ _ _ _ _ _ _ _ _ _ _ _ _ _ _ _ _ _ _ _ _ _ _ _ _ _ _ _ _ _ _ _ _ _ _ _ _ _ _ _ _ _ _ _ _ _ _ _ _ _ _ _ _

__pydantic_self__ = DatabricksConnectionConfig(), data = {}, values = {}, fields_set = set()
validation_error = ValidationError(model='DatabricksConnectionConfig', errors=[{'loc': ('databricks_token',), 'msg': 'field required', 't...': 'value_error.missing'}, {'loc': ('databricks_http_path',), 'msg': 'field required', 'type': 'value_error.missing'}])

    def __init__(__pydantic_self__, **data: Any) -&gt; None:
        """
        Create a new model by parsing and validating input data from keyword arguments.

        Raises ValidationError if the input data cannot be parsed to form a valid model.
        """
        # Uses something other than `self` the first arg to allow "self" as a settable attribute
        values, fields_set, validation_error = validate_model(__pydantic_self__.__class__, data)
        if validation_error:
&gt;           raise validation_error
E           pydantic.v1.error_wrappers.ValidationError: 3 validation errors for DatabricksConnectionConfig
E           databricks_token
E             field required (type=value_error.missing)
E           databricks_host
E             field required (type=value_error.missing)
E           databricks_http_path
E             field required (type=value_error.missing)

.venv/gx_dev/lib/python3.11/site-packages/pydantic/v1/main.py:341: ValidationError</error></testcase><testcase classname="tests.integration.data_sources_and_expectations.expectations.test_expect_column_values_to_be_in_type_list" name="test_success_complete_databricks[databricks-TIMESTAMP]" time="0.006"><error message="failed on setup with &quot;pydantic.v1.error_wrappers.ValidationError: 3 validation errors for DatabricksConnectionConfig&#10;databricks_token&#10;  field required (type=value_error.missing)&#10;databricks_host&#10;  field required (type=value_error.missing)&#10;databricks_http_path&#10;  field required (type=value_error.missing)&quot;">&gt;       lambda: ihook(item=item, **kwds), when=when, reraise=reraise
    )

.venv/gx_dev/lib/python3.11/site-packages/flaky/flaky_pytest_plugin.py:146:
_ _ _ _ _ _ _ _ _ _ _ _ _ _ _ _ _ _ _ _ _ _ _ _ _ _ _ _ _ _ _ _ _ _ _ _ _ _ _ _ _ _ _ _ _ _ _ _ _ _ _ _ _ _ _ _ _ _ _ _ _ _ _ _ _ _ _ _ _ _ _ _ _ _ _ _ _ _ _ _ _ _ _ _ _ _ _ _ _ _ _ _ _ _ _ _ _ _ _ _ _ _ _ _ _ _ _ _ _ _ _ _ _ _
tests/integration/conftest.py:166: in batch_for_datasource
    yield _batch_setup_for_datasource.make_batch()
tests/integration/test_utils/data_source_config/sql.py:83: in make_batch
    self.make_asset()
tests/integration/test_utils/data_source_config/databricks.py:76: in make_asset
    connection_string=self.connection_string,
tests/integration/test_utils/data_source_config/databricks.py:53: in connection_string
    return self._databrics_connection_config.connection_string(self.schema)
/opt/homebrew/Cellar/python@3.11/3.11.11/Frameworks/Python.framework/Versions/3.11/lib/python3.11/functools.py:1001: in __get__
    val = self.func(instance)
tests/integration/test_utils/data_source_config/databricks.py:70: in _databrics_connection_config
    return DatabricksConnectionConfig()  # type: ignore[call-arg]  # retrieves env vars
.venv/gx_dev/lib/python3.11/site-packages/pydantic/v1/env_settings.py:40: in __init__
    super().__init__(
_ _ _ _ _ _ _ _ _ _ _ _ _ _ _ _ _ _ _ _ _ _ _ _ _ _ _ _ _ _ _ _ _ _ _ _ _ _ _ _ _ _ _ _ _ _ _ _ _ _ _ _ _ _ _ _ _ _ _ _ _ _ _ _ _ _ _ _ _ _ _ _ _ _ _ _ _ _ _ _ _ _ _ _ _ _ _ _ _ _ _ _ _ _ _ _ _ _ _ _ _ _ _ _ _ _ _ _ _ _ _ _ _ _

__pydantic_self__ = DatabricksConnectionConfig(), data = {}, values = {}, fields_set = set()
validation_error = ValidationError(model='DatabricksConnectionConfig', errors=[{'loc': ('databricks_token',), 'msg': 'field required', 't...': 'value_error.missing'}, {'loc': ('databricks_http_path',), 'msg': 'field required', 'type': 'value_error.missing'}])

    def __init__(__pydantic_self__, **data: Any) -&gt; None:
        """
        Create a new model by parsing and validating input data from keyword arguments.

        Raises ValidationError if the input data cannot be parsed to form a valid model.
        """
        # Uses something other than `self` the first arg to allow "self" as a settable attribute
        values, fields_set, validation_error = validate_model(__pydantic_self__.__class__, data)
        if validation_error:
&gt;           raise validation_error
E           pydantic.v1.error_wrappers.ValidationError: 3 validation errors for DatabricksConnectionConfig
E           databricks_token
E             field required (type=value_error.missing)
E           databricks_host
E             field required (type=value_error.missing)
E           databricks_http_path
E             field required (type=value_error.missing)

.venv/gx_dev/lib/python3.11/site-packages/pydantic/v1/main.py:341: ValidationError</error></testcase><testcase classname="tests.integration.data_sources_and_expectations.expectations.test_expect_column_values_to_be_in_type_list" name="test_success_complete_databricks[databricks-TIMESTAMP_NTZ]" time="0.005"><error message="failed on setup with &quot;pydantic.v1.error_wrappers.ValidationError: 3 validation errors for DatabricksConnectionConfig&#10;databricks_token&#10;  field required (type=value_error.missing)&#10;databricks_host&#10;  field required (type=value_error.missing)&#10;databricks_http_path&#10;  field required (type=value_error.missing)&quot;">&gt;       lambda: ihook(item=item, **kwds), when=when, reraise=reraise
    )

.venv/gx_dev/lib/python3.11/site-packages/flaky/flaky_pytest_plugin.py:146:
_ _ _ _ _ _ _ _ _ _ _ _ _ _ _ _ _ _ _ _ _ _ _ _ _ _ _ _ _ _ _ _ _ _ _ _ _ _ _ _ _ _ _ _ _ _ _ _ _ _ _ _ _ _ _ _ _ _ _ _ _ _ _ _ _ _ _ _ _ _ _ _ _ _ _ _ _ _ _ _ _ _ _ _ _ _ _ _ _ _ _ _ _ _ _ _ _ _ _ _ _ _ _ _ _ _ _ _ _ _ _ _ _ _
tests/integration/conftest.py:166: in batch_for_datasource
    yield _batch_setup_for_datasource.make_batch()
tests/integration/test_utils/data_source_config/sql.py:83: in make_batch
    self.make_asset()
tests/integration/test_utils/data_source_config/databricks.py:76: in make_asset
    connection_string=self.connection_string,
tests/integration/test_utils/data_source_config/databricks.py:53: in connection_string
    return self._databrics_connection_config.connection_string(self.schema)
/opt/homebrew/Cellar/python@3.11/3.11.11/Frameworks/Python.framework/Versions/3.11/lib/python3.11/functools.py:1001: in __get__
    val = self.func(instance)
tests/integration/test_utils/data_source_config/databricks.py:70: in _databrics_connection_config
    return DatabricksConnectionConfig()  # type: ignore[call-arg]  # retrieves env vars
.venv/gx_dev/lib/python3.11/site-packages/pydantic/v1/env_settings.py:40: in __init__
    super().__init__(
_ _ _ _ _ _ _ _ _ _ _ _ _ _ _ _ _ _ _ _ _ _ _ _ _ _ _ _ _ _ _ _ _ _ _ _ _ _ _ _ _ _ _ _ _ _ _ _ _ _ _ _ _ _ _ _ _ _ _ _ _ _ _ _ _ _ _ _ _ _ _ _ _ _ _ _ _ _ _ _ _ _ _ _ _ _ _ _ _ _ _ _ _ _ _ _ _ _ _ _ _ _ _ _ _ _ _ _ _ _ _ _ _ _

__pydantic_self__ = DatabricksConnectionConfig(), data = {}, values = {}, fields_set = set()
validation_error = ValidationError(model='DatabricksConnectionConfig', errors=[{'loc': ('databricks_token',), 'msg': 'field required', 't...': 'value_error.missing'}, {'loc': ('databricks_http_path',), 'msg': 'field required', 'type': 'value_error.missing'}])

    def __init__(__pydantic_self__, **data: Any) -&gt; None:
        """
        Create a new model by parsing and validating input data from keyword arguments.

        Raises ValidationError if the input data cannot be parsed to form a valid model.
        """
        # Uses something other than `self` the first arg to allow "self" as a settable attribute
        values, fields_set, validation_error = validate_model(__pydantic_self__.__class__, data)
        if validation_error:
&gt;           raise validation_error
E           pydantic.v1.error_wrappers.ValidationError: 3 validation errors for DatabricksConnectionConfig
E           databricks_token
E             field required (type=value_error.missing)
E           databricks_host
E             field required (type=value_error.missing)
E           databricks_http_path
E             field required (type=value_error.missing)

.venv/gx_dev/lib/python3.11/site-packages/pydantic/v1/main.py:341: ValidationError</error></testcase><testcase classname="tests.integration.data_sources_and_expectations.expectations.test_expect_column_values_to_be_in_type_list" name="test_success_complete_databricks[databricks-FLOAT]" time="0.005"><error message="failed on setup with &quot;pydantic.v1.error_wrappers.ValidationError: 3 validation errors for DatabricksConnectionConfig&#10;databricks_token&#10;  field required (type=value_error.missing)&#10;databricks_host&#10;  field required (type=value_error.missing)&#10;databricks_http_path&#10;  field required (type=value_error.missing)&quot;">&gt;       lambda: ihook(item=item, **kwds), when=when, reraise=reraise
    )

.venv/gx_dev/lib/python3.11/site-packages/flaky/flaky_pytest_plugin.py:146:
_ _ _ _ _ _ _ _ _ _ _ _ _ _ _ _ _ _ _ _ _ _ _ _ _ _ _ _ _ _ _ _ _ _ _ _ _ _ _ _ _ _ _ _ _ _ _ _ _ _ _ _ _ _ _ _ _ _ _ _ _ _ _ _ _ _ _ _ _ _ _ _ _ _ _ _ _ _ _ _ _ _ _ _ _ _ _ _ _ _ _ _ _ _ _ _ _ _ _ _ _ _ _ _ _ _ _ _ _ _ _ _ _ _
tests/integration/conftest.py:166: in batch_for_datasource
    yield _batch_setup_for_datasource.make_batch()
tests/integration/test_utils/data_source_config/sql.py:83: in make_batch
    self.make_asset()
tests/integration/test_utils/data_source_config/databricks.py:76: in make_asset
    connection_string=self.connection_string,
tests/integration/test_utils/data_source_config/databricks.py:53: in connection_string
    return self._databrics_connection_config.connection_string(self.schema)
/opt/homebrew/Cellar/python@3.11/3.11.11/Frameworks/Python.framework/Versions/3.11/lib/python3.11/functools.py:1001: in __get__
    val = self.func(instance)
tests/integration/test_utils/data_source_config/databricks.py:70: in _databrics_connection_config
    return DatabricksConnectionConfig()  # type: ignore[call-arg]  # retrieves env vars
.venv/gx_dev/lib/python3.11/site-packages/pydantic/v1/env_settings.py:40: in __init__
    super().__init__(
_ _ _ _ _ _ _ _ _ _ _ _ _ _ _ _ _ _ _ _ _ _ _ _ _ _ _ _ _ _ _ _ _ _ _ _ _ _ _ _ _ _ _ _ _ _ _ _ _ _ _ _ _ _ _ _ _ _ _ _ _ _ _ _ _ _ _ _ _ _ _ _ _ _ _ _ _ _ _ _ _ _ _ _ _ _ _ _ _ _ _ _ _ _ _ _ _ _ _ _ _ _ _ _ _ _ _ _ _ _ _ _ _ _

__pydantic_self__ = DatabricksConnectionConfig(), data = {}, values = {}, fields_set = set()
validation_error = ValidationError(model='DatabricksConnectionConfig', errors=[{'loc': ('databricks_token',), 'msg': 'field required', 't...': 'value_error.missing'}, {'loc': ('databricks_http_path',), 'msg': 'field required', 'type': 'value_error.missing'}])

    def __init__(__pydantic_self__, **data: Any) -&gt; None:
        """
        Create a new model by parsing and validating input data from keyword arguments.

        Raises ValidationError if the input data cannot be parsed to form a valid model.
        """
        # Uses something other than `self` the first arg to allow "self" as a settable attribute
        values, fields_set, validation_error = validate_model(__pydantic_self__.__class__, data)
        if validation_error:
&gt;           raise validation_error
E           pydantic.v1.error_wrappers.ValidationError: 3 validation errors for DatabricksConnectionConfig
E           databricks_token
E             field required (type=value_error.missing)
E           databricks_host
E             field required (type=value_error.missing)
E           databricks_http_path
E             field required (type=value_error.missing)

.venv/gx_dev/lib/python3.11/site-packages/pydantic/v1/main.py:341: ValidationError</error></testcase><testcase classname="tests.integration.data_sources_and_expectations.expectations.test_expect_column_values_to_be_in_type_list" name="test_success_complete_databricks[databricks-INT]" time="0.005"><error message="failed on setup with &quot;pydantic.v1.error_wrappers.ValidationError: 3 validation errors for DatabricksConnectionConfig&#10;databricks_token&#10;  field required (type=value_error.missing)&#10;databricks_host&#10;  field required (type=value_error.missing)&#10;databricks_http_path&#10;  field required (type=value_error.missing)&quot;">&gt;       lambda: ihook(item=item, **kwds), when=when, reraise=reraise
    )

.venv/gx_dev/lib/python3.11/site-packages/flaky/flaky_pytest_plugin.py:146:
_ _ _ _ _ _ _ _ _ _ _ _ _ _ _ _ _ _ _ _ _ _ _ _ _ _ _ _ _ _ _ _ _ _ _ _ _ _ _ _ _ _ _ _ _ _ _ _ _ _ _ _ _ _ _ _ _ _ _ _ _ _ _ _ _ _ _ _ _ _ _ _ _ _ _ _ _ _ _ _ _ _ _ _ _ _ _ _ _ _ _ _ _ _ _ _ _ _ _ _ _ _ _ _ _ _ _ _ _ _ _ _ _ _
tests/integration/conftest.py:166: in batch_for_datasource
    yield _batch_setup_for_datasource.make_batch()
tests/integration/test_utils/data_source_config/sql.py:83: in make_batch
    self.make_asset()
tests/integration/test_utils/data_source_config/databricks.py:76: in make_asset
    connection_string=self.connection_string,
tests/integration/test_utils/data_source_config/databricks.py:53: in connection_string
    return self._databrics_connection_config.connection_string(self.schema)
/opt/homebrew/Cellar/python@3.11/3.11.11/Frameworks/Python.framework/Versions/3.11/lib/python3.11/functools.py:1001: in __get__
    val = self.func(instance)
tests/integration/test_utils/data_source_config/databricks.py:70: in _databrics_connection_config
    return DatabricksConnectionConfig()  # type: ignore[call-arg]  # retrieves env vars
.venv/gx_dev/lib/python3.11/site-packages/pydantic/v1/env_settings.py:40: in __init__
    super().__init__(
_ _ _ _ _ _ _ _ _ _ _ _ _ _ _ _ _ _ _ _ _ _ _ _ _ _ _ _ _ _ _ _ _ _ _ _ _ _ _ _ _ _ _ _ _ _ _ _ _ _ _ _ _ _ _ _ _ _ _ _ _ _ _ _ _ _ _ _ _ _ _ _ _ _ _ _ _ _ _ _ _ _ _ _ _ _ _ _ _ _ _ _ _ _ _ _ _ _ _ _ _ _ _ _ _ _ _ _ _ _ _ _ _ _

__pydantic_self__ = DatabricksConnectionConfig(), data = {}, values = {}, fields_set = set()
validation_error = ValidationError(model='DatabricksConnectionConfig', errors=[{'loc': ('databricks_token',), 'msg': 'field required', 't...': 'value_error.missing'}, {'loc': ('databricks_http_path',), 'msg': 'field required', 'type': 'value_error.missing'}])

    def __init__(__pydantic_self__, **data: Any) -&gt; None:
        """
        Create a new model by parsing and validating input data from keyword arguments.

        Raises ValidationError if the input data cannot be parsed to form a valid model.
        """
        # Uses something other than `self` the first arg to allow "self" as a settable attribute
        values, fields_set, validation_error = validate_model(__pydantic_self__.__class__, data)
        if validation_error:
&gt;           raise validation_error
E           pydantic.v1.error_wrappers.ValidationError: 3 validation errors for DatabricksConnectionConfig
E           databricks_token
E             field required (type=value_error.missing)
E           databricks_host
E             field required (type=value_error.missing)
E           databricks_http_path
E             field required (type=value_error.missing)

.venv/gx_dev/lib/python3.11/site-packages/pydantic/v1/main.py:341: ValidationError</error></testcase><testcase classname="tests.integration.data_sources_and_expectations.expectations.test_expect_column_values_to_be_in_type_list" name="test_success_complete_databricks[databricks-TINYINT]" time="0.005"><error message="failed on setup with &quot;pydantic.v1.error_wrappers.ValidationError: 3 validation errors for DatabricksConnectionConfig&#10;databricks_token&#10;  field required (type=value_error.missing)&#10;databricks_host&#10;  field required (type=value_error.missing)&#10;databricks_http_path&#10;  field required (type=value_error.missing)&quot;">&gt;       lambda: ihook(item=item, **kwds), when=when, reraise=reraise
    )

.venv/gx_dev/lib/python3.11/site-packages/flaky/flaky_pytest_plugin.py:146:
_ _ _ _ _ _ _ _ _ _ _ _ _ _ _ _ _ _ _ _ _ _ _ _ _ _ _ _ _ _ _ _ _ _ _ _ _ _ _ _ _ _ _ _ _ _ _ _ _ _ _ _ _ _ _ _ _ _ _ _ _ _ _ _ _ _ _ _ _ _ _ _ _ _ _ _ _ _ _ _ _ _ _ _ _ _ _ _ _ _ _ _ _ _ _ _ _ _ _ _ _ _ _ _ _ _ _ _ _ _ _ _ _ _
tests/integration/conftest.py:166: in batch_for_datasource
    yield _batch_setup_for_datasource.make_batch()
tests/integration/test_utils/data_source_config/sql.py:83: in make_batch
    self.make_asset()
tests/integration/test_utils/data_source_config/databricks.py:76: in make_asset
    connection_string=self.connection_string,
tests/integration/test_utils/data_source_config/databricks.py:53: in connection_string
    return self._databrics_connection_config.connection_string(self.schema)
/opt/homebrew/Cellar/python@3.11/3.11.11/Frameworks/Python.framework/Versions/3.11/lib/python3.11/functools.py:1001: in __get__
    val = self.func(instance)
tests/integration/test_utils/data_source_config/databricks.py:70: in _databrics_connection_config
    return DatabricksConnectionConfig()  # type: ignore[call-arg]  # retrieves env vars
.venv/gx_dev/lib/python3.11/site-packages/pydantic/v1/env_settings.py:40: in __init__
    super().__init__(
_ _ _ _ _ _ _ _ _ _ _ _ _ _ _ _ _ _ _ _ _ _ _ _ _ _ _ _ _ _ _ _ _ _ _ _ _ _ _ _ _ _ _ _ _ _ _ _ _ _ _ _ _ _ _ _ _ _ _ _ _ _ _ _ _ _ _ _ _ _ _ _ _ _ _ _ _ _ _ _ _ _ _ _ _ _ _ _ _ _ _ _ _ _ _ _ _ _ _ _ _ _ _ _ _ _ _ _ _ _ _ _ _ _

__pydantic_self__ = DatabricksConnectionConfig(), data = {}, values = {}, fields_set = set()
validation_error = ValidationError(model='DatabricksConnectionConfig', errors=[{'loc': ('databricks_token',), 'msg': 'field required', 't...': 'value_error.missing'}, {'loc': ('databricks_http_path',), 'msg': 'field required', 'type': 'value_error.missing'}])

    def __init__(__pydantic_self__, **data: Any) -&gt; None:
        """
        Create a new model by parsing and validating input data from keyword arguments.

        Raises ValidationError if the input data cannot be parsed to form a valid model.
        """
        # Uses something other than `self` the first arg to allow "self" as a settable attribute
        values, fields_set, validation_error = validate_model(__pydantic_self__.__class__, data)
        if validation_error:
&gt;           raise validation_error
E           pydantic.v1.error_wrappers.ValidationError: 3 validation errors for DatabricksConnectionConfig
E           databricks_token
E             field required (type=value_error.missing)
E           databricks_host
E             field required (type=value_error.missing)
E           databricks_http_path
E             field required (type=value_error.missing)

.venv/gx_dev/lib/python3.11/site-packages/pydantic/v1/main.py:341: ValidationError</error></testcase><testcase classname="tests.integration.data_sources_and_expectations.expectations.test_expect_column_values_to_be_in_type_list" name="test_success_complete_databricks[databricks-DECIMAL1]" time="0.005"><error message="failed on setup with &quot;pydantic.v1.error_wrappers.ValidationError: 3 validation errors for DatabricksConnectionConfig&#10;databricks_token&#10;  field required (type=value_error.missing)&#10;databricks_host&#10;  field required (type=value_error.missing)&#10;databricks_http_path&#10;  field required (type=value_error.missing)&quot;">&gt;       lambda: ihook(item=item, **kwds), when=when, reraise=reraise
    )

.venv/gx_dev/lib/python3.11/site-packages/flaky/flaky_pytest_plugin.py:146:
_ _ _ _ _ _ _ _ _ _ _ _ _ _ _ _ _ _ _ _ _ _ _ _ _ _ _ _ _ _ _ _ _ _ _ _ _ _ _ _ _ _ _ _ _ _ _ _ _ _ _ _ _ _ _ _ _ _ _ _ _ _ _ _ _ _ _ _ _ _ _ _ _ _ _ _ _ _ _ _ _ _ _ _ _ _ _ _ _ _ _ _ _ _ _ _ _ _ _ _ _ _ _ _ _ _ _ _ _ _ _ _ _ _
tests/integration/conftest.py:166: in batch_for_datasource
    yield _batch_setup_for_datasource.make_batch()
tests/integration/test_utils/data_source_config/sql.py:83: in make_batch
    self.make_asset()
tests/integration/test_utils/data_source_config/databricks.py:76: in make_asset
    connection_string=self.connection_string,
tests/integration/test_utils/data_source_config/databricks.py:53: in connection_string
    return self._databrics_connection_config.connection_string(self.schema)
/opt/homebrew/Cellar/python@3.11/3.11.11/Frameworks/Python.framework/Versions/3.11/lib/python3.11/functools.py:1001: in __get__
    val = self.func(instance)
tests/integration/test_utils/data_source_config/databricks.py:70: in _databrics_connection_config
    return DatabricksConnectionConfig()  # type: ignore[call-arg]  # retrieves env vars
.venv/gx_dev/lib/python3.11/site-packages/pydantic/v1/env_settings.py:40: in __init__
    super().__init__(
_ _ _ _ _ _ _ _ _ _ _ _ _ _ _ _ _ _ _ _ _ _ _ _ _ _ _ _ _ _ _ _ _ _ _ _ _ _ _ _ _ _ _ _ _ _ _ _ _ _ _ _ _ _ _ _ _ _ _ _ _ _ _ _ _ _ _ _ _ _ _ _ _ _ _ _ _ _ _ _ _ _ _ _ _ _ _ _ _ _ _ _ _ _ _ _ _ _ _ _ _ _ _ _ _ _ _ _ _ _ _ _ _ _

__pydantic_self__ = DatabricksConnectionConfig(), data = {}, values = {}, fields_set = set()
validation_error = ValidationError(model='DatabricksConnectionConfig', errors=[{'loc': ('databricks_token',), 'msg': 'field required', 't...': 'value_error.missing'}, {'loc': ('databricks_http_path',), 'msg': 'field required', 'type': 'value_error.missing'}])

    def __init__(__pydantic_self__, **data: Any) -&gt; None:
        """
        Create a new model by parsing and validating input data from keyword arguments.

        Raises ValidationError if the input data cannot be parsed to form a valid model.
        """
        # Uses something other than `self` the first arg to allow "self" as a settable attribute
        values, fields_set, validation_error = validate_model(__pydantic_self__.__class__, data)
        if validation_error:
&gt;           raise validation_error
E           pydantic.v1.error_wrappers.ValidationError: 3 validation errors for DatabricksConnectionConfig
E           databricks_token
E             field required (type=value_error.missing)
E           databricks_host
E             field required (type=value_error.missing)
E           databricks_http_path
E             field required (type=value_error.missing)

.venv/gx_dev/lib/python3.11/site-packages/pydantic/v1/main.py:341: ValidationError</error></testcase><testcase classname="tests.integration.data_sources_and_expectations.expectations.test_expect_column_values_to_be_in_type_list" name="test_success_complete_databricks_double_type_only[databricks-DOUBLE]" time="0.003"><error message="failed on setup with &quot;pydantic.v1.error_wrappers.ValidationError: 3 validation errors for DatabricksConnectionConfig&#10;databricks_token&#10;  field required (type=value_error.missing)&#10;databricks_host&#10;  field required (type=value_error.missing)&#10;databricks_http_path&#10;  field required (type=value_error.missing)&quot;">&gt;       lambda: ihook(item=item, **kwds), when=when, reraise=reraise
    )

.venv/gx_dev/lib/python3.11/site-packages/flaky/flaky_pytest_plugin.py:146:
_ _ _ _ _ _ _ _ _ _ _ _ _ _ _ _ _ _ _ _ _ _ _ _ _ _ _ _ _ _ _ _ _ _ _ _ _ _ _ _ _ _ _ _ _ _ _ _ _ _ _ _ _ _ _ _ _ _ _ _ _ _ _ _ _ _ _ _ _ _ _ _ _ _ _ _ _ _ _ _ _ _ _ _ _ _ _ _ _ _ _ _ _ _ _ _ _ _ _ _ _ _ _ _ _ _ _ _ _ _ _ _ _ _
tests/integration/conftest.py:153: in _batch_setup_for_datasource
    batch_setup.setup()
tests/integration/test_utils/data_source_config/sql.py:126: in setup
    engine = create_engine(url=self.connection_string)
tests/integration/test_utils/data_source_config/databricks.py:53: in connection_string
    return self._databrics_connection_config.connection_string(self.schema)
/opt/homebrew/Cellar/python@3.11/3.11.11/Frameworks/Python.framework/Versions/3.11/lib/python3.11/functools.py:1001: in __get__
    val = self.func(instance)
tests/integration/test_utils/data_source_config/databricks.py:70: in _databrics_connection_config
    return DatabricksConnectionConfig()  # type: ignore[call-arg]  # retrieves env vars
.venv/gx_dev/lib/python3.11/site-packages/pydantic/v1/env_settings.py:40: in __init__
    super().__init__(
_ _ _ _ _ _ _ _ _ _ _ _ _ _ _ _ _ _ _ _ _ _ _ _ _ _ _ _ _ _ _ _ _ _ _ _ _ _ _ _ _ _ _ _ _ _ _ _ _ _ _ _ _ _ _ _ _ _ _ _ _ _ _ _ _ _ _ _ _ _ _ _ _ _ _ _ _ _ _ _ _ _ _ _ _ _ _ _ _ _ _ _ _ _ _ _ _ _ _ _ _ _ _ _ _ _ _ _ _ _ _ _ _ _

__pydantic_self__ = DatabricksConnectionConfig(), data = {}, values = {}, fields_set = set()
validation_error = ValidationError(model='DatabricksConnectionConfig', errors=[{'loc': ('databricks_token',), 'msg': 'field required', 't...': 'value_error.missing'}, {'loc': ('databricks_http_path',), 'msg': 'field required', 'type': 'value_error.missing'}])

    def __init__(__pydantic_self__, **data: Any) -&gt; None:
        """
        Create a new model by parsing and validating input data from keyword arguments.

        Raises ValidationError if the input data cannot be parsed to form a valid model.
        """
        # Uses something other than `self` the first arg to allow "self" as a settable attribute
        values, fields_set, validation_error = validate_model(__pydantic_self__.__class__, data)
        if validation_error:
&gt;           raise validation_error
E           pydantic.v1.error_wrappers.ValidationError: 3 validation errors for DatabricksConnectionConfig
E           databricks_token
E             field required (type=value_error.missing)
E           databricks_host
E             field required (type=value_error.missing)
E           databricks_http_path
E             field required (type=value_error.missing)

.venv/gx_dev/lib/python3.11/site-packages/pydantic/v1/main.py:341: ValidationError</error></testcase><testcase classname="tests.integration.data_sources_and_expectations.expectations.test_expect_column_values_to_be_null" name="test_success_complete_sql[databricks]" time="0.003"><error message="failed on setup with &quot;pydantic.v1.error_wrappers.ValidationError: 3 validation errors for DatabricksConnectionConfig&#10;databricks_token&#10;  field required (type=value_error.missing)&#10;databricks_host&#10;  field required (type=value_error.missing)&#10;databricks_http_path&#10;  field required (type=value_error.missing)&quot;">&gt;       lambda: ihook(item=item, **kwds), when=when, reraise=reraise
    )

.venv/gx_dev/lib/python3.11/site-packages/flaky/flaky_pytest_plugin.py:146:
_ _ _ _ _ _ _ _ _ _ _ _ _ _ _ _ _ _ _ _ _ _ _ _ _ _ _ _ _ _ _ _ _ _ _ _ _ _ _ _ _ _ _ _ _ _ _ _ _ _ _ _ _ _ _ _ _ _ _ _ _ _ _ _ _ _ _ _ _ _ _ _ _ _ _ _ _ _ _ _ _ _ _ _ _ _ _ _ _ _ _ _ _ _ _ _ _ _ _ _ _ _ _ _ _ _ _ _ _ _ _ _ _ _
tests/integration/conftest.py:153: in _batch_setup_for_datasource
    batch_setup.setup()
tests/integration/test_utils/data_source_config/sql.py:126: in setup
    engine = create_engine(url=self.connection_string)
tests/integration/test_utils/data_source_config/databricks.py:53: in connection_string
    return self._databrics_connection_config.connection_string(self.schema)
/opt/homebrew/Cellar/python@3.11/3.11.11/Frameworks/Python.framework/Versions/3.11/lib/python3.11/functools.py:1001: in __get__
    val = self.func(instance)
tests/integration/test_utils/data_source_config/databricks.py:70: in _databrics_connection_config
    return DatabricksConnectionConfig()  # type: ignore[call-arg]  # retrieves env vars
.venv/gx_dev/lib/python3.11/site-packages/pydantic/v1/env_settings.py:40: in __init__
    super().__init__(
_ _ _ _ _ _ _ _ _ _ _ _ _ _ _ _ _ _ _ _ _ _ _ _ _ _ _ _ _ _ _ _ _ _ _ _ _ _ _ _ _ _ _ _ _ _ _ _ _ _ _ _ _ _ _ _ _ _ _ _ _ _ _ _ _ _ _ _ _ _ _ _ _ _ _ _ _ _ _ _ _ _ _ _ _ _ _ _ _ _ _ _ _ _ _ _ _ _ _ _ _ _ _ _ _ _ _ _ _ _ _ _ _ _

__pydantic_self__ = DatabricksConnectionConfig(), data = {}, values = {}, fields_set = set()
validation_error = ValidationError(model='DatabricksConnectionConfig', errors=[{'loc': ('databricks_token',), 'msg': 'field required', 't...': 'value_error.missing'}, {'loc': ('databricks_http_path',), 'msg': 'field required', 'type': 'value_error.missing'}])

    def __init__(__pydantic_self__, **data: Any) -&gt; None:
        """
        Create a new model by parsing and validating input data from keyword arguments.

        Raises ValidationError if the input data cannot be parsed to form a valid model.
        """
        # Uses something other than `self` the first arg to allow "self" as a settable attribute
        values, fields_set, validation_error = validate_model(__pydantic_self__.__class__, data)
        if validation_error:
&gt;           raise validation_error
E           pydantic.v1.error_wrappers.ValidationError: 3 validation errors for DatabricksConnectionConfig
E           databricks_token
E             field required (type=value_error.missing)
E           databricks_host
E             field required (type=value_error.missing)
E           databricks_http_path
E             field required (type=value_error.missing)

.venv/gx_dev/lib/python3.11/site-packages/pydantic/v1/main.py:341: ValidationError</error></testcase><testcase classname="tests.integration.data_sources_and_expectations.expectations.test_expect_column_values_to_be_of_type" name="test_success_for_type__Integer[databricks]" time="0.003"><error message="failed on setup with &quot;pydantic.v1.error_wrappers.ValidationError: 3 validation errors for DatabricksConnectionConfig&#10;databricks_token&#10;  field required (type=value_error.missing)&#10;databricks_host&#10;  field required (type=value_error.missing)&#10;databricks_http_path&#10;  field required (type=value_error.missing)&quot;">&gt;       lambda: ihook(item=item, **kwds), when=when, reraise=reraise
    )

.venv/gx_dev/lib/python3.11/site-packages/flaky/flaky_pytest_plugin.py:146:
_ _ _ _ _ _ _ _ _ _ _ _ _ _ _ _ _ _ _ _ _ _ _ _ _ _ _ _ _ _ _ _ _ _ _ _ _ _ _ _ _ _ _ _ _ _ _ _ _ _ _ _ _ _ _ _ _ _ _ _ _ _ _ _ _ _ _ _ _ _ _ _ _ _ _ _ _ _ _ _ _ _ _ _ _ _ _ _ _ _ _ _ _ _ _ _ _ _ _ _ _ _ _ _ _ _ _ _ _ _ _ _ _ _
tests/integration/conftest.py:153: in _batch_setup_for_datasource
    batch_setup.setup()
tests/integration/test_utils/data_source_config/sql.py:126: in setup
    engine = create_engine(url=self.connection_string)
tests/integration/test_utils/data_source_config/databricks.py:53: in connection_string
    return self._databrics_connection_config.connection_string(self.schema)
/opt/homebrew/Cellar/python@3.11/3.11.11/Frameworks/Python.framework/Versions/3.11/lib/python3.11/functools.py:1001: in __get__
    val = self.func(instance)
tests/integration/test_utils/data_source_config/databricks.py:70: in _databrics_connection_config
    return DatabricksConnectionConfig()  # type: ignore[call-arg]  # retrieves env vars
.venv/gx_dev/lib/python3.11/site-packages/pydantic/v1/env_settings.py:40: in __init__
    super().__init__(
_ _ _ _ _ _ _ _ _ _ _ _ _ _ _ _ _ _ _ _ _ _ _ _ _ _ _ _ _ _ _ _ _ _ _ _ _ _ _ _ _ _ _ _ _ _ _ _ _ _ _ _ _ _ _ _ _ _ _ _ _ _ _ _ _ _ _ _ _ _ _ _ _ _ _ _ _ _ _ _ _ _ _ _ _ _ _ _ _ _ _ _ _ _ _ _ _ _ _ _ _ _ _ _ _ _ _ _ _ _ _ _ _ _

__pydantic_self__ = DatabricksConnectionConfig(), data = {}, values = {}, fields_set = set()
validation_error = ValidationError(model='DatabricksConnectionConfig', errors=[{'loc': ('databricks_token',), 'msg': 'field required', 't...': 'value_error.missing'}, {'loc': ('databricks_http_path',), 'msg': 'field required', 'type': 'value_error.missing'}])

    def __init__(__pydantic_self__, **data: Any) -&gt; None:
        """
        Create a new model by parsing and validating input data from keyword arguments.

        Raises ValidationError if the input data cannot be parsed to form a valid model.
        """
        # Uses something other than `self` the first arg to allow "self" as a settable attribute
        values, fields_set, validation_error = validate_model(__pydantic_self__.__class__, data)
        if validation_error:
&gt;           raise validation_error
E           pydantic.v1.error_wrappers.ValidationError: 3 validation errors for DatabricksConnectionConfig
E           databricks_token
E             field required (type=value_error.missing)
E           databricks_host
E             field required (type=value_error.missing)
E           databricks_http_path
E             field required (type=value_error.missing)

.venv/gx_dev/lib/python3.11/site-packages/pydantic/v1/main.py:341: ValidationError</error></testcase><testcase classname="tests.integration.data_sources_and_expectations.expectations.test_expect_column_values_to_be_unique" name="test_success_complete_sql[databricks]" time="0.004"><error message="failed on setup with &quot;pydantic.v1.error_wrappers.ValidationError: 3 validation errors for DatabricksConnectionConfig&#10;databricks_token&#10;  field required (type=value_error.missing)&#10;databricks_host&#10;  field required (type=value_error.missing)&#10;databricks_http_path&#10;  field required (type=value_error.missing)&quot;">&gt;       lambda: ihook(item=item, **kwds), when=when, reraise=reraise
    )

.venv/gx_dev/lib/python3.11/site-packages/flaky/flaky_pytest_plugin.py:146:
_ _ _ _ _ _ _ _ _ _ _ _ _ _ _ _ _ _ _ _ _ _ _ _ _ _ _ _ _ _ _ _ _ _ _ _ _ _ _ _ _ _ _ _ _ _ _ _ _ _ _ _ _ _ _ _ _ _ _ _ _ _ _ _ _ _ _ _ _ _ _ _ _ _ _ _ _ _ _ _ _ _ _ _ _ _ _ _ _ _ _ _ _ _ _ _ _ _ _ _ _ _ _ _ _ _ _ _ _ _ _ _ _ _
tests/integration/conftest.py:153: in _batch_setup_for_datasource
    batch_setup.setup()
tests/integration/test_utils/data_source_config/sql.py:126: in setup
    engine = create_engine(url=self.connection_string)
tests/integration/test_utils/data_source_config/databricks.py:53: in connection_string
    return self._databrics_connection_config.connection_string(self.schema)
/opt/homebrew/Cellar/python@3.11/3.11.11/Frameworks/Python.framework/Versions/3.11/lib/python3.11/functools.py:1001: in __get__
    val = self.func(instance)
tests/integration/test_utils/data_source_config/databricks.py:70: in _databrics_connection_config
    return DatabricksConnectionConfig()  # type: ignore[call-arg]  # retrieves env vars
.venv/gx_dev/lib/python3.11/site-packages/pydantic/v1/env_settings.py:40: in __init__
    super().__init__(
_ _ _ _ _ _ _ _ _ _ _ _ _ _ _ _ _ _ _ _ _ _ _ _ _ _ _ _ _ _ _ _ _ _ _ _ _ _ _ _ _ _ _ _ _ _ _ _ _ _ _ _ _ _ _ _ _ _ _ _ _ _ _ _ _ _ _ _ _ _ _ _ _ _ _ _ _ _ _ _ _ _ _ _ _ _ _ _ _ _ _ _ _ _ _ _ _ _ _ _ _ _ _ _ _ _ _ _ _ _ _ _ _ _

__pydantic_self__ = DatabricksConnectionConfig(), data = {}, values = {}, fields_set = set()
validation_error = ValidationError(model='DatabricksConnectionConfig', errors=[{'loc': ('databricks_token',), 'msg': 'field required', 't...': 'value_error.missing'}, {'loc': ('databricks_http_path',), 'msg': 'field required', 'type': 'value_error.missing'}])

    def __init__(__pydantic_self__, **data: Any) -&gt; None:
        """
        Create a new model by parsing and validating input data from keyword arguments.

        Raises ValidationError if the input data cannot be parsed to form a valid model.
        """
        # Uses something other than `self` the first arg to allow "self" as a settable attribute
        values, fields_set, validation_error = validate_model(__pydantic_self__.__class__, data)
        if validation_error:
&gt;           raise validation_error
E           pydantic.v1.error_wrappers.ValidationError: 3 validation errors for DatabricksConnectionConfig
E           databricks_token
E             field required (type=value_error.missing)
E           databricks_host
E             field required (type=value_error.missing)
E           databricks_http_path
E             field required (type=value_error.missing)

.venv/gx_dev/lib/python3.11/site-packages/pydantic/v1/main.py:341: ValidationError</error></testcase><testcase classname="tests.integration.data_sources_and_expectations.expectations.test_expect_column_values_to_not_be_in_set" name="test_success_complete_sql[databricks]" time="0.003"><error message="failed on setup with &quot;pydantic.v1.error_wrappers.ValidationError: 3 validation errors for DatabricksConnectionConfig&#10;databricks_token&#10;  field required (type=value_error.missing)&#10;databricks_host&#10;  field required (type=value_error.missing)&#10;databricks_http_path&#10;  field required (type=value_error.missing)&quot;">&gt;       lambda: ihook(item=item, **kwds), when=when, reraise=reraise
    )

.venv/gx_dev/lib/python3.11/site-packages/flaky/flaky_pytest_plugin.py:146:
_ _ _ _ _ _ _ _ _ _ _ _ _ _ _ _ _ _ _ _ _ _ _ _ _ _ _ _ _ _ _ _ _ _ _ _ _ _ _ _ _ _ _ _ _ _ _ _ _ _ _ _ _ _ _ _ _ _ _ _ _ _ _ _ _ _ _ _ _ _ _ _ _ _ _ _ _ _ _ _ _ _ _ _ _ _ _ _ _ _ _ _ _ _ _ _ _ _ _ _ _ _ _ _ _ _ _ _ _ _ _ _ _ _
tests/integration/conftest.py:153: in _batch_setup_for_datasource
    batch_setup.setup()
tests/integration/test_utils/data_source_config/sql.py:126: in setup
    engine = create_engine(url=self.connection_string)
tests/integration/test_utils/data_source_config/databricks.py:53: in connection_string
    return self._databrics_connection_config.connection_string(self.schema)
/opt/homebrew/Cellar/python@3.11/3.11.11/Frameworks/Python.framework/Versions/3.11/lib/python3.11/functools.py:1001: in __get__
    val = self.func(instance)
tests/integration/test_utils/data_source_config/databricks.py:70: in _databrics_connection_config
    return DatabricksConnectionConfig()  # type: ignore[call-arg]  # retrieves env vars
.venv/gx_dev/lib/python3.11/site-packages/pydantic/v1/env_settings.py:40: in __init__
    super().__init__(
_ _ _ _ _ _ _ _ _ _ _ _ _ _ _ _ _ _ _ _ _ _ _ _ _ _ _ _ _ _ _ _ _ _ _ _ _ _ _ _ _ _ _ _ _ _ _ _ _ _ _ _ _ _ _ _ _ _ _ _ _ _ _ _ _ _ _ _ _ _ _ _ _ _ _ _ _ _ _ _ _ _ _ _ _ _ _ _ _ _ _ _ _ _ _ _ _ _ _ _ _ _ _ _ _ _ _ _ _ _ _ _ _ _

__pydantic_self__ = DatabricksConnectionConfig(), data = {}, values = {}, fields_set = set()
validation_error = ValidationError(model='DatabricksConnectionConfig', errors=[{'loc': ('databricks_token',), 'msg': 'field required', 't...': 'value_error.missing'}, {'loc': ('databricks_http_path',), 'msg': 'field required', 'type': 'value_error.missing'}])

    def __init__(__pydantic_self__, **data: Any) -&gt; None:
        """
        Create a new model by parsing and validating input data from keyword arguments.

        Raises ValidationError if the input data cannot be parsed to form a valid model.
        """
        # Uses something other than `self` the first arg to allow "self" as a settable attribute
        values, fields_set, validation_error = validate_model(__pydantic_self__.__class__, data)
        if validation_error:
&gt;           raise validation_error
E           pydantic.v1.error_wrappers.ValidationError: 3 validation errors for DatabricksConnectionConfig
E           databricks_token
E             field required (type=value_error.missing)
E           databricks_host
E             field required (type=value_error.missing)
E           databricks_http_path
E             field required (type=value_error.missing)

.venv/gx_dev/lib/python3.11/site-packages/pydantic/v1/main.py:341: ValidationError</error></testcase><testcase classname="tests.integration.data_sources_and_expectations.expectations.test_expect_column_values_to_not_be_null" name="test_failure_complete_sql[databricks]" time="0.003"><error message="failed on setup with &quot;pydantic.v1.error_wrappers.ValidationError: 3 validation errors for DatabricksConnectionConfig&#10;databricks_token&#10;  field required (type=value_error.missing)&#10;databricks_host&#10;  field required (type=value_error.missing)&#10;databricks_http_path&#10;  field required (type=value_error.missing)&quot;">&gt;       lambda: ihook(item=item, **kwds), when=when, reraise=reraise
    )

.venv/gx_dev/lib/python3.11/site-packages/flaky/flaky_pytest_plugin.py:146:
_ _ _ _ _ _ _ _ _ _ _ _ _ _ _ _ _ _ _ _ _ _ _ _ _ _ _ _ _ _ _ _ _ _ _ _ _ _ _ _ _ _ _ _ _ _ _ _ _ _ _ _ _ _ _ _ _ _ _ _ _ _ _ _ _ _ _ _ _ _ _ _ _ _ _ _ _ _ _ _ _ _ _ _ _ _ _ _ _ _ _ _ _ _ _ _ _ _ _ _ _ _ _ _ _ _ _ _ _ _ _ _ _ _
tests/integration/conftest.py:153: in _batch_setup_for_datasource
    batch_setup.setup()
tests/integration/test_utils/data_source_config/sql.py:126: in setup
    engine = create_engine(url=self.connection_string)
tests/integration/test_utils/data_source_config/databricks.py:53: in connection_string
    return self._databrics_connection_config.connection_string(self.schema)
/opt/homebrew/Cellar/python@3.11/3.11.11/Frameworks/Python.framework/Versions/3.11/lib/python3.11/functools.py:1001: in __get__
    val = self.func(instance)
tests/integration/test_utils/data_source_config/databricks.py:70: in _databrics_connection_config
    return DatabricksConnectionConfig()  # type: ignore[call-arg]  # retrieves env vars
.venv/gx_dev/lib/python3.11/site-packages/pydantic/v1/env_settings.py:40: in __init__
    super().__init__(
_ _ _ _ _ _ _ _ _ _ _ _ _ _ _ _ _ _ _ _ _ _ _ _ _ _ _ _ _ _ _ _ _ _ _ _ _ _ _ _ _ _ _ _ _ _ _ _ _ _ _ _ _ _ _ _ _ _ _ _ _ _ _ _ _ _ _ _ _ _ _ _ _ _ _ _ _ _ _ _ _ _ _ _ _ _ _ _ _ _ _ _ _ _ _ _ _ _ _ _ _ _ _ _ _ _ _ _ _ _ _ _ _ _

__pydantic_self__ = DatabricksConnectionConfig(), data = {}, values = {}, fields_set = set()
validation_error = ValidationError(model='DatabricksConnectionConfig', errors=[{'loc': ('databricks_token',), 'msg': 'field required', 't...': 'value_error.missing'}, {'loc': ('databricks_http_path',), 'msg': 'field required', 'type': 'value_error.missing'}])

    def __init__(__pydantic_self__, **data: Any) -&gt; None:
        """
        Create a new model by parsing and validating input data from keyword arguments.

        Raises ValidationError if the input data cannot be parsed to form a valid model.
        """
        # Uses something other than `self` the first arg to allow "self" as a settable attribute
        values, fields_set, validation_error = validate_model(__pydantic_self__.__class__, data)
        if validation_error:
&gt;           raise validation_error
E           pydantic.v1.error_wrappers.ValidationError: 3 validation errors for DatabricksConnectionConfig
E           databricks_token
E             field required (type=value_error.missing)
E           databricks_host
E             field required (type=value_error.missing)
E           databricks_http_path
E             field required (type=value_error.missing)

.venv/gx_dev/lib/python3.11/site-packages/pydantic/v1/main.py:341: ValidationError</error></testcase><testcase classname="tests.integration.data_sources_and_expectations.expectations.test_expect_column_values_to_not_match_like_pattern.TestNormalSql" name="test_success[databricks-no_matches]" time="0.003"><error message="failed on setup with &quot;pydantic.v1.error_wrappers.ValidationError: 3 validation errors for DatabricksConnectionConfig&#10;databricks_token&#10;  field required (type=value_error.missing)&#10;databricks_host&#10;  field required (type=value_error.missing)&#10;databricks_http_path&#10;  field required (type=value_error.missing)&quot;">&gt;       lambda: ihook(item=item, **kwds), when=when, reraise=reraise
    )

.venv/gx_dev/lib/python3.11/site-packages/flaky/flaky_pytest_plugin.py:146:
_ _ _ _ _ _ _ _ _ _ _ _ _ _ _ _ _ _ _ _ _ _ _ _ _ _ _ _ _ _ _ _ _ _ _ _ _ _ _ _ _ _ _ _ _ _ _ _ _ _ _ _ _ _ _ _ _ _ _ _ _ _ _ _ _ _ _ _ _ _ _ _ _ _ _ _ _ _ _ _ _ _ _ _ _ _ _ _ _ _ _ _ _ _ _ _ _ _ _ _ _ _ _ _ _ _ _ _ _ _ _ _ _ _
tests/integration/conftest.py:153: in _batch_setup_for_datasource
    batch_setup.setup()
tests/integration/test_utils/data_source_config/sql.py:126: in setup
    engine = create_engine(url=self.connection_string)
tests/integration/test_utils/data_source_config/databricks.py:53: in connection_string
    return self._databrics_connection_config.connection_string(self.schema)
/opt/homebrew/Cellar/python@3.11/3.11.11/Frameworks/Python.framework/Versions/3.11/lib/python3.11/functools.py:1001: in __get__
    val = self.func(instance)
tests/integration/test_utils/data_source_config/databricks.py:70: in _databrics_connection_config
    return DatabricksConnectionConfig()  # type: ignore[call-arg]  # retrieves env vars
.venv/gx_dev/lib/python3.11/site-packages/pydantic/v1/env_settings.py:40: in __init__
    super().__init__(
_ _ _ _ _ _ _ _ _ _ _ _ _ _ _ _ _ _ _ _ _ _ _ _ _ _ _ _ _ _ _ _ _ _ _ _ _ _ _ _ _ _ _ _ _ _ _ _ _ _ _ _ _ _ _ _ _ _ _ _ _ _ _ _ _ _ _ _ _ _ _ _ _ _ _ _ _ _ _ _ _ _ _ _ _ _ _ _ _ _ _ _ _ _ _ _ _ _ _ _ _ _ _ _ _ _ _ _ _ _ _ _ _ _

__pydantic_self__ = DatabricksConnectionConfig(), data = {}, values = {}, fields_set = set()
validation_error = ValidationError(model='DatabricksConnectionConfig', errors=[{'loc': ('databricks_token',), 'msg': 'field required', 't...': 'value_error.missing'}, {'loc': ('databricks_http_path',), 'msg': 'field required', 'type': 'value_error.missing'}])

    def __init__(__pydantic_self__, **data: Any) -&gt; None:
        """
        Create a new model by parsing and validating input data from keyword arguments.

        Raises ValidationError if the input data cannot be parsed to form a valid model.
        """
        # Uses something other than `self` the first arg to allow "self" as a settable attribute
        values, fields_set, validation_error = validate_model(__pydantic_self__.__class__, data)
        if validation_error:
&gt;           raise validation_error
E           pydantic.v1.error_wrappers.ValidationError: 3 validation errors for DatabricksConnectionConfig
E           databricks_token
E             field required (type=value_error.missing)
E           databricks_host
E             field required (type=value_error.missing)
E           databricks_http_path
E             field required (type=value_error.missing)

.venv/gx_dev/lib/python3.11/site-packages/pydantic/v1/main.py:341: ValidationError</error></testcase><testcase classname="tests.integration.data_sources_and_expectations.expectations.test_expect_column_values_to_not_match_like_pattern.TestNormalSql" name="test_success[databricks-too_many_underscores]" time="0.010"><error message="failed on setup with &quot;pydantic.v1.error_wrappers.ValidationError: 3 validation errors for DatabricksConnectionConfig&#10;databricks_token&#10;  field required (type=value_error.missing)&#10;databricks_host&#10;  field required (type=value_error.missing)&#10;databricks_http_path&#10;  field required (type=value_error.missing)&quot;">&gt;       lambda: ihook(item=item, **kwds), when=when, reraise=reraise
    )

.venv/gx_dev/lib/python3.11/site-packages/flaky/flaky_pytest_plugin.py:146:
_ _ _ _ _ _ _ _ _ _ _ _ _ _ _ _ _ _ _ _ _ _ _ _ _ _ _ _ _ _ _ _ _ _ _ _ _ _ _ _ _ _ _ _ _ _ _ _ _ _ _ _ _ _ _ _ _ _ _ _ _ _ _ _ _ _ _ _ _ _ _ _ _ _ _ _ _ _ _ _ _ _ _ _ _ _ _ _ _ _ _ _ _ _ _ _ _ _ _ _ _ _ _ _ _ _ _ _ _ _ _ _ _ _
tests/integration/conftest.py:166: in batch_for_datasource
    yield _batch_setup_for_datasource.make_batch()
tests/integration/test_utils/data_source_config/sql.py:83: in make_batch
    self.make_asset()
tests/integration/test_utils/data_source_config/databricks.py:76: in make_asset
    connection_string=self.connection_string,
tests/integration/test_utils/data_source_config/databricks.py:53: in connection_string
    return self._databrics_connection_config.connection_string(self.schema)
/opt/homebrew/Cellar/python@3.11/3.11.11/Frameworks/Python.framework/Versions/3.11/lib/python3.11/functools.py:1001: in __get__
    val = self.func(instance)
tests/integration/test_utils/data_source_config/databricks.py:70: in _databrics_connection_config
    return DatabricksConnectionConfig()  # type: ignore[call-arg]  # retrieves env vars
.venv/gx_dev/lib/python3.11/site-packages/pydantic/v1/env_settings.py:40: in __init__
    super().__init__(
_ _ _ _ _ _ _ _ _ _ _ _ _ _ _ _ _ _ _ _ _ _ _ _ _ _ _ _ _ _ _ _ _ _ _ _ _ _ _ _ _ _ _ _ _ _ _ _ _ _ _ _ _ _ _ _ _ _ _ _ _ _ _ _ _ _ _ _ _ _ _ _ _ _ _ _ _ _ _ _ _ _ _ _ _ _ _ _ _ _ _ _ _ _ _ _ _ _ _ _ _ _ _ _ _ _ _ _ _ _ _ _ _ _

__pydantic_self__ = DatabricksConnectionConfig(), data = {}, values = {}, fields_set = set()
validation_error = ValidationError(model='DatabricksConnectionConfig', errors=[{'loc': ('databricks_token',), 'msg': 'field required', 't...': 'value_error.missing'}, {'loc': ('databricks_http_path',), 'msg': 'field required', 'type': 'value_error.missing'}])

    def __init__(__pydantic_self__, **data: Any) -&gt; None:
        """
        Create a new model by parsing and validating input data from keyword arguments.

        Raises ValidationError if the input data cannot be parsed to form a valid model.
        """
        # Uses something other than `self` the first arg to allow "self" as a settable attribute
        values, fields_set, validation_error = validate_model(__pydantic_self__.__class__, data)
        if validation_error:
&gt;           raise validation_error
E           pydantic.v1.error_wrappers.ValidationError: 3 validation errors for DatabricksConnectionConfig
E           databricks_token
E             field required (type=value_error.missing)
E           databricks_host
E             field required (type=value_error.missing)
E           databricks_http_path
E             field required (type=value_error.missing)

.venv/gx_dev/lib/python3.11/site-packages/pydantic/v1/main.py:341: ValidationError</error></testcase><testcase classname="tests.integration.data_sources_and_expectations.expectations.test_expect_column_values_to_not_match_like_pattern.TestNormalSql" name="test_success[databricks-mostly]" time="0.003"><error message="failed on setup with &quot;pydantic.v1.error_wrappers.ValidationError: 3 validation errors for DatabricksConnectionConfig&#10;databricks_token&#10;  field required (type=value_error.missing)&#10;databricks_host&#10;  field required (type=value_error.missing)&#10;databricks_http_path&#10;  field required (type=value_error.missing)&quot;">&gt;       lambda: ihook(item=item, **kwds), when=when, reraise=reraise
    )

.venv/gx_dev/lib/python3.11/site-packages/flaky/flaky_pytest_plugin.py:146:
_ _ _ _ _ _ _ _ _ _ _ _ _ _ _ _ _ _ _ _ _ _ _ _ _ _ _ _ _ _ _ _ _ _ _ _ _ _ _ _ _ _ _ _ _ _ _ _ _ _ _ _ _ _ _ _ _ _ _ _ _ _ _ _ _ _ _ _ _ _ _ _ _ _ _ _ _ _ _ _ _ _ _ _ _ _ _ _ _ _ _ _ _ _ _ _ _ _ _ _ _ _ _ _ _ _ _ _ _ _ _ _ _ _
tests/integration/conftest.py:166: in batch_for_datasource
    yield _batch_setup_for_datasource.make_batch()
tests/integration/test_utils/data_source_config/sql.py:83: in make_batch
    self.make_asset()
tests/integration/test_utils/data_source_config/databricks.py:76: in make_asset
    connection_string=self.connection_string,
tests/integration/test_utils/data_source_config/databricks.py:53: in connection_string
    return self._databrics_connection_config.connection_string(self.schema)
/opt/homebrew/Cellar/python@3.11/3.11.11/Frameworks/Python.framework/Versions/3.11/lib/python3.11/functools.py:1001: in __get__
    val = self.func(instance)
tests/integration/test_utils/data_source_config/databricks.py:70: in _databrics_connection_config
    return DatabricksConnectionConfig()  # type: ignore[call-arg]  # retrieves env vars
.venv/gx_dev/lib/python3.11/site-packages/pydantic/v1/env_settings.py:40: in __init__
    super().__init__(
_ _ _ _ _ _ _ _ _ _ _ _ _ _ _ _ _ _ _ _ _ _ _ _ _ _ _ _ _ _ _ _ _ _ _ _ _ _ _ _ _ _ _ _ _ _ _ _ _ _ _ _ _ _ _ _ _ _ _ _ _ _ _ _ _ _ _ _ _ _ _ _ _ _ _ _ _ _ _ _ _ _ _ _ _ _ _ _ _ _ _ _ _ _ _ _ _ _ _ _ _ _ _ _ _ _ _ _ _ _ _ _ _ _

__pydantic_self__ = DatabricksConnectionConfig(), data = {}, values = {}, fields_set = set()
validation_error = ValidationError(model='DatabricksConnectionConfig', errors=[{'loc': ('databricks_token',), 'msg': 'field required', 't...': 'value_error.missing'}, {'loc': ('databricks_http_path',), 'msg': 'field required', 'type': 'value_error.missing'}])

    def __init__(__pydantic_self__, **data: Any) -&gt; None:
        """
        Create a new model by parsing and validating input data from keyword arguments.

        Raises ValidationError if the input data cannot be parsed to form a valid model.
        """
        # Uses something other than `self` the first arg to allow "self" as a settable attribute
        values, fields_set, validation_error = validate_model(__pydantic_self__.__class__, data)
        if validation_error:
&gt;           raise validation_error
E           pydantic.v1.error_wrappers.ValidationError: 3 validation errors for DatabricksConnectionConfig
E           databricks_token
E             field required (type=value_error.missing)
E           databricks_host
E             field required (type=value_error.missing)
E           databricks_http_path
E             field required (type=value_error.missing)

.venv/gx_dev/lib/python3.11/site-packages/pydantic/v1/main.py:341: ValidationError</error></testcase><testcase classname="tests.integration.data_sources_and_expectations.expectations.test_expect_column_values_to_not_match_like_pattern.TestNormalSql" name="test_failure[databricks-all_matches]" time="0.003"><error message="failed on setup with &quot;pydantic.v1.error_wrappers.ValidationError: 3 validation errors for DatabricksConnectionConfig&#10;databricks_token&#10;  field required (type=value_error.missing)&#10;databricks_host&#10;  field required (type=value_error.missing)&#10;databricks_http_path&#10;  field required (type=value_error.missing)&quot;">&gt;       lambda: ihook(item=item, **kwds), when=when, reraise=reraise
    )

.venv/gx_dev/lib/python3.11/site-packages/flaky/flaky_pytest_plugin.py:146:
_ _ _ _ _ _ _ _ _ _ _ _ _ _ _ _ _ _ _ _ _ _ _ _ _ _ _ _ _ _ _ _ _ _ _ _ _ _ _ _ _ _ _ _ _ _ _ _ _ _ _ _ _ _ _ _ _ _ _ _ _ _ _ _ _ _ _ _ _ _ _ _ _ _ _ _ _ _ _ _ _ _ _ _ _ _ _ _ _ _ _ _ _ _ _ _ _ _ _ _ _ _ _ _ _ _ _ _ _ _ _ _ _ _
tests/integration/conftest.py:166: in batch_for_datasource
    yield _batch_setup_for_datasource.make_batch()
tests/integration/test_utils/data_source_config/sql.py:83: in make_batch
    self.make_asset()
tests/integration/test_utils/data_source_config/databricks.py:76: in make_asset
    connection_string=self.connection_string,
tests/integration/test_utils/data_source_config/databricks.py:53: in connection_string
    return self._databrics_connection_config.connection_string(self.schema)
/opt/homebrew/Cellar/python@3.11/3.11.11/Frameworks/Python.framework/Versions/3.11/lib/python3.11/functools.py:1001: in __get__
    val = self.func(instance)
tests/integration/test_utils/data_source_config/databricks.py:70: in _databrics_connection_config
    return DatabricksConnectionConfig()  # type: ignore[call-arg]  # retrieves env vars
.venv/gx_dev/lib/python3.11/site-packages/pydantic/v1/env_settings.py:40: in __init__
    super().__init__(
_ _ _ _ _ _ _ _ _ _ _ _ _ _ _ _ _ _ _ _ _ _ _ _ _ _ _ _ _ _ _ _ _ _ _ _ _ _ _ _ _ _ _ _ _ _ _ _ _ _ _ _ _ _ _ _ _ _ _ _ _ _ _ _ _ _ _ _ _ _ _ _ _ _ _ _ _ _ _ _ _ _ _ _ _ _ _ _ _ _ _ _ _ _ _ _ _ _ _ _ _ _ _ _ _ _ _ _ _ _ _ _ _ _

__pydantic_self__ = DatabricksConnectionConfig(), data = {}, values = {}, fields_set = set()
validation_error = ValidationError(model='DatabricksConnectionConfig', errors=[{'loc': ('databricks_token',), 'msg': 'field required', 't...': 'value_error.missing'}, {'loc': ('databricks_http_path',), 'msg': 'field required', 'type': 'value_error.missing'}])

    def __init__(__pydantic_self__, **data: Any) -&gt; None:
        """
        Create a new model by parsing and validating input data from keyword arguments.

        Raises ValidationError if the input data cannot be parsed to form a valid model.
        """
        # Uses something other than `self` the first arg to allow "self" as a settable attribute
        values, fields_set, validation_error = validate_model(__pydantic_self__.__class__, data)
        if validation_error:
&gt;           raise validation_error
E           pydantic.v1.error_wrappers.ValidationError: 3 validation errors for DatabricksConnectionConfig
E           databricks_token
E             field required (type=value_error.missing)
E           databricks_host
E             field required (type=value_error.missing)
E           databricks_http_path
E             field required (type=value_error.missing)

.venv/gx_dev/lib/python3.11/site-packages/pydantic/v1/main.py:341: ValidationError</error></testcase><testcase classname="tests.integration.data_sources_and_expectations.expectations.test_expect_column_values_to_not_match_like_pattern.TestNormalSql" name="test_failure[databricks-underscores_match]" time="0.003"><error message="failed on setup with &quot;pydantic.v1.error_wrappers.ValidationError: 3 validation errors for DatabricksConnectionConfig&#10;databricks_token&#10;  field required (type=value_error.missing)&#10;databricks_host&#10;  field required (type=value_error.missing)&#10;databricks_http_path&#10;  field required (type=value_error.missing)&quot;">&gt;       lambda: ihook(item=item, **kwds), when=when, reraise=reraise
    )

.venv/gx_dev/lib/python3.11/site-packages/flaky/flaky_pytest_plugin.py:146:
_ _ _ _ _ _ _ _ _ _ _ _ _ _ _ _ _ _ _ _ _ _ _ _ _ _ _ _ _ _ _ _ _ _ _ _ _ _ _ _ _ _ _ _ _ _ _ _ _ _ _ _ _ _ _ _ _ _ _ _ _ _ _ _ _ _ _ _ _ _ _ _ _ _ _ _ _ _ _ _ _ _ _ _ _ _ _ _ _ _ _ _ _ _ _ _ _ _ _ _ _ _ _ _ _ _ _ _ _ _ _ _ _ _
tests/integration/conftest.py:166: in batch_for_datasource
    yield _batch_setup_for_datasource.make_batch()
tests/integration/test_utils/data_source_config/sql.py:83: in make_batch
    self.make_asset()
tests/integration/test_utils/data_source_config/databricks.py:76: in make_asset
    connection_string=self.connection_string,
tests/integration/test_utils/data_source_config/databricks.py:53: in connection_string
    return self._databrics_connection_config.connection_string(self.schema)
/opt/homebrew/Cellar/python@3.11/3.11.11/Frameworks/Python.framework/Versions/3.11/lib/python3.11/functools.py:1001: in __get__
    val = self.func(instance)
tests/integration/test_utils/data_source_config/databricks.py:70: in _databrics_connection_config
    return DatabricksConnectionConfig()  # type: ignore[call-arg]  # retrieves env vars
.venv/gx_dev/lib/python3.11/site-packages/pydantic/v1/env_settings.py:40: in __init__
    super().__init__(
_ _ _ _ _ _ _ _ _ _ _ _ _ _ _ _ _ _ _ _ _ _ _ _ _ _ _ _ _ _ _ _ _ _ _ _ _ _ _ _ _ _ _ _ _ _ _ _ _ _ _ _ _ _ _ _ _ _ _ _ _ _ _ _ _ _ _ _ _ _ _ _ _ _ _ _ _ _ _ _ _ _ _ _ _ _ _ _ _ _ _ _ _ _ _ _ _ _ _ _ _ _ _ _ _ _ _ _ _ _ _ _ _ _

__pydantic_self__ = DatabricksConnectionConfig(), data = {}, values = {}, fields_set = set()
validation_error = ValidationError(model='DatabricksConnectionConfig', errors=[{'loc': ('databricks_token',), 'msg': 'field required', 't...': 'value_error.missing'}, {'loc': ('databricks_http_path',), 'msg': 'field required', 'type': 'value_error.missing'}])

    def __init__(__pydantic_self__, **data: Any) -&gt; None:
        """
        Create a new model by parsing and validating input data from keyword arguments.

        Raises ValidationError if the input data cannot be parsed to form a valid model.
        """
        # Uses something other than `self` the first arg to allow "self" as a settable attribute
        values, fields_set, validation_error = validate_model(__pydantic_self__.__class__, data)
        if validation_error:
&gt;           raise validation_error
E           pydantic.v1.error_wrappers.ValidationError: 3 validation errors for DatabricksConnectionConfig
E           databricks_token
E             field required (type=value_error.missing)
E           databricks_host
E             field required (type=value_error.missing)
E           databricks_http_path
E             field required (type=value_error.missing)

.venv/gx_dev/lib/python3.11/site-packages/pydantic/v1/main.py:341: ValidationError</error></testcase><testcase classname="tests.integration.data_sources_and_expectations.expectations.test_expect_column_values_to_not_match_like_pattern.TestNormalSql" name="test_failure[databricks-mostly_threshold_not_met]" time="0.003"><error message="failed on setup with &quot;pydantic.v1.error_wrappers.ValidationError: 3 validation errors for DatabricksConnectionConfig&#10;databricks_token&#10;  field required (type=value_error.missing)&#10;databricks_host&#10;  field required (type=value_error.missing)&#10;databricks_http_path&#10;  field required (type=value_error.missing)&quot;">&gt;       lambda: ihook(item=item, **kwds), when=when, reraise=reraise
    )

.venv/gx_dev/lib/python3.11/site-packages/flaky/flaky_pytest_plugin.py:146:
_ _ _ _ _ _ _ _ _ _ _ _ _ _ _ _ _ _ _ _ _ _ _ _ _ _ _ _ _ _ _ _ _ _ _ _ _ _ _ _ _ _ _ _ _ _ _ _ _ _ _ _ _ _ _ _ _ _ _ _ _ _ _ _ _ _ _ _ _ _ _ _ _ _ _ _ _ _ _ _ _ _ _ _ _ _ _ _ _ _ _ _ _ _ _ _ _ _ _ _ _ _ _ _ _ _ _ _ _ _ _ _ _ _
tests/integration/conftest.py:166: in batch_for_datasource
    yield _batch_setup_for_datasource.make_batch()
tests/integration/test_utils/data_source_config/sql.py:83: in make_batch
    self.make_asset()
tests/integration/test_utils/data_source_config/databricks.py:76: in make_asset
    connection_string=self.connection_string,
tests/integration/test_utils/data_source_config/databricks.py:53: in connection_string
    return self._databrics_connection_config.connection_string(self.schema)
/opt/homebrew/Cellar/python@3.11/3.11.11/Frameworks/Python.framework/Versions/3.11/lib/python3.11/functools.py:1001: in __get__
    val = self.func(instance)
tests/integration/test_utils/data_source_config/databricks.py:70: in _databrics_connection_config
    return DatabricksConnectionConfig()  # type: ignore[call-arg]  # retrieves env vars
.venv/gx_dev/lib/python3.11/site-packages/pydantic/v1/env_settings.py:40: in __init__
    super().__init__(
_ _ _ _ _ _ _ _ _ _ _ _ _ _ _ _ _ _ _ _ _ _ _ _ _ _ _ _ _ _ _ _ _ _ _ _ _ _ _ _ _ _ _ _ _ _ _ _ _ _ _ _ _ _ _ _ _ _ _ _ _ _ _ _ _ _ _ _ _ _ _ _ _ _ _ _ _ _ _ _ _ _ _ _ _ _ _ _ _ _ _ _ _ _ _ _ _ _ _ _ _ _ _ _ _ _ _ _ _ _ _ _ _ _

__pydantic_self__ = DatabricksConnectionConfig(), data = {}, values = {}, fields_set = set()
validation_error = ValidationError(model='DatabricksConnectionConfig', errors=[{'loc': ('databricks_token',), 'msg': 'field required', 't...': 'value_error.missing'}, {'loc': ('databricks_http_path',), 'msg': 'field required', 'type': 'value_error.missing'}])

    def __init__(__pydantic_self__, **data: Any) -&gt; None:
        """
        Create a new model by parsing and validating input data from keyword arguments.

        Raises ValidationError if the input data cannot be parsed to form a valid model.
        """
        # Uses something other than `self` the first arg to allow "self" as a settable attribute
        values, fields_set, validation_error = validate_model(__pydantic_self__.__class__, data)
        if validation_error:
&gt;           raise validation_error
E           pydantic.v1.error_wrappers.ValidationError: 3 validation errors for DatabricksConnectionConfig
E           databricks_token
E             field required (type=value_error.missing)
E           databricks_host
E             field required (type=value_error.missing)
E           databricks_http_path
E             field required (type=value_error.missing)

.venv/gx_dev/lib/python3.11/site-packages/pydantic/v1/main.py:341: ValidationError</error></testcase><testcase classname="tests.integration.data_sources_and_expectations.expectations.test_expect_column_values_to_not_match_regex.TestNormalSql" name="test_success[databricks-expectation0]" time="0.003"><error message="failed on setup with &quot;pydantic.v1.error_wrappers.ValidationError: 3 validation errors for DatabricksConnectionConfig&#10;databricks_token&#10;  field required (type=value_error.missing)&#10;databricks_host&#10;  field required (type=value_error.missing)&#10;databricks_http_path&#10;  field required (type=value_error.missing)&quot;">&gt;       lambda: ihook(item=item, **kwds), when=when, reraise=reraise
    )

.venv/gx_dev/lib/python3.11/site-packages/flaky/flaky_pytest_plugin.py:146:
_ _ _ _ _ _ _ _ _ _ _ _ _ _ _ _ _ _ _ _ _ _ _ _ _ _ _ _ _ _ _ _ _ _ _ _ _ _ _ _ _ _ _ _ _ _ _ _ _ _ _ _ _ _ _ _ _ _ _ _ _ _ _ _ _ _ _ _ _ _ _ _ _ _ _ _ _ _ _ _ _ _ _ _ _ _ _ _ _ _ _ _ _ _ _ _ _ _ _ _ _ _ _ _ _ _ _ _ _ _ _ _ _ _
tests/integration/conftest.py:166: in batch_for_datasource
    yield _batch_setup_for_datasource.make_batch()
tests/integration/test_utils/data_source_config/sql.py:83: in make_batch
    self.make_asset()
tests/integration/test_utils/data_source_config/databricks.py:76: in make_asset
    connection_string=self.connection_string,
tests/integration/test_utils/data_source_config/databricks.py:53: in connection_string
    return self._databrics_connection_config.connection_string(self.schema)
/opt/homebrew/Cellar/python@3.11/3.11.11/Frameworks/Python.framework/Versions/3.11/lib/python3.11/functools.py:1001: in __get__
    val = self.func(instance)
tests/integration/test_utils/data_source_config/databricks.py:70: in _databrics_connection_config
    return DatabricksConnectionConfig()  # type: ignore[call-arg]  # retrieves env vars
.venv/gx_dev/lib/python3.11/site-packages/pydantic/v1/env_settings.py:40: in __init__
    super().__init__(
_ _ _ _ _ _ _ _ _ _ _ _ _ _ _ _ _ _ _ _ _ _ _ _ _ _ _ _ _ _ _ _ _ _ _ _ _ _ _ _ _ _ _ _ _ _ _ _ _ _ _ _ _ _ _ _ _ _ _ _ _ _ _ _ _ _ _ _ _ _ _ _ _ _ _ _ _ _ _ _ _ _ _ _ _ _ _ _ _ _ _ _ _ _ _ _ _ _ _ _ _ _ _ _ _ _ _ _ _ _ _ _ _ _

__pydantic_self__ = DatabricksConnectionConfig(), data = {}, values = {}, fields_set = set()
validation_error = ValidationError(model='DatabricksConnectionConfig', errors=[{'loc': ('databricks_token',), 'msg': 'field required', 't...': 'value_error.missing'}, {'loc': ('databricks_http_path',), 'msg': 'field required', 'type': 'value_error.missing'}])

    def __init__(__pydantic_self__, **data: Any) -&gt; None:
        """
        Create a new model by parsing and validating input data from keyword arguments.

        Raises ValidationError if the input data cannot be parsed to form a valid model.
        """
        # Uses something other than `self` the first arg to allow "self" as a settable attribute
        values, fields_set, validation_error = validate_model(__pydantic_self__.__class__, data)
        if validation_error:
&gt;           raise validation_error
E           pydantic.v1.error_wrappers.ValidationError: 3 validation errors for DatabricksConnectionConfig
E           databricks_token
E             field required (type=value_error.missing)
E           databricks_host
E             field required (type=value_error.missing)
E           databricks_http_path
E             field required (type=value_error.missing)

.venv/gx_dev/lib/python3.11/site-packages/pydantic/v1/main.py:341: ValidationError</error></testcase><testcase classname="tests.integration.data_sources_and_expectations.expectations.test_expect_column_values_to_not_match_regex.TestNormalSql" name="test_success[databricks-expectation1]" time="0.004"><error message="failed on setup with &quot;pydantic.v1.error_wrappers.ValidationError: 3 validation errors for DatabricksConnectionConfig&#10;databricks_token&#10;  field required (type=value_error.missing)&#10;databricks_host&#10;  field required (type=value_error.missing)&#10;databricks_http_path&#10;  field required (type=value_error.missing)&quot;">&gt;       lambda: ihook(item=item, **kwds), when=when, reraise=reraise
    )

.venv/gx_dev/lib/python3.11/site-packages/flaky/flaky_pytest_plugin.py:146:
_ _ _ _ _ _ _ _ _ _ _ _ _ _ _ _ _ _ _ _ _ _ _ _ _ _ _ _ _ _ _ _ _ _ _ _ _ _ _ _ _ _ _ _ _ _ _ _ _ _ _ _ _ _ _ _ _ _ _ _ _ _ _ _ _ _ _ _ _ _ _ _ _ _ _ _ _ _ _ _ _ _ _ _ _ _ _ _ _ _ _ _ _ _ _ _ _ _ _ _ _ _ _ _ _ _ _ _ _ _ _ _ _ _
tests/integration/conftest.py:166: in batch_for_datasource
    yield _batch_setup_for_datasource.make_batch()
tests/integration/test_utils/data_source_config/sql.py:83: in make_batch
    self.make_asset()
tests/integration/test_utils/data_source_config/databricks.py:76: in make_asset
    connection_string=self.connection_string,
tests/integration/test_utils/data_source_config/databricks.py:53: in connection_string
    return self._databrics_connection_config.connection_string(self.schema)
/opt/homebrew/Cellar/python@3.11/3.11.11/Frameworks/Python.framework/Versions/3.11/lib/python3.11/functools.py:1001: in __get__
    val = self.func(instance)
tests/integration/test_utils/data_source_config/databricks.py:70: in _databrics_connection_config
    return DatabricksConnectionConfig()  # type: ignore[call-arg]  # retrieves env vars
.venv/gx_dev/lib/python3.11/site-packages/pydantic/v1/env_settings.py:40: in __init__
    super().__init__(
_ _ _ _ _ _ _ _ _ _ _ _ _ _ _ _ _ _ _ _ _ _ _ _ _ _ _ _ _ _ _ _ _ _ _ _ _ _ _ _ _ _ _ _ _ _ _ _ _ _ _ _ _ _ _ _ _ _ _ _ _ _ _ _ _ _ _ _ _ _ _ _ _ _ _ _ _ _ _ _ _ _ _ _ _ _ _ _ _ _ _ _ _ _ _ _ _ _ _ _ _ _ _ _ _ _ _ _ _ _ _ _ _ _

__pydantic_self__ = DatabricksConnectionConfig(), data = {}, values = {}, fields_set = set()
validation_error = ValidationError(model='DatabricksConnectionConfig', errors=[{'loc': ('databricks_token',), 'msg': 'field required', 't...': 'value_error.missing'}, {'loc': ('databricks_http_path',), 'msg': 'field required', 'type': 'value_error.missing'}])

    def __init__(__pydantic_self__, **data: Any) -&gt; None:
        """
        Create a new model by parsing and validating input data from keyword arguments.

        Raises ValidationError if the input data cannot be parsed to form a valid model.
        """
        # Uses something other than `self` the first arg to allow "self" as a settable attribute
        values, fields_set, validation_error = validate_model(__pydantic_self__.__class__, data)
        if validation_error:
&gt;           raise validation_error
E           pydantic.v1.error_wrappers.ValidationError: 3 validation errors for DatabricksConnectionConfig
E           databricks_token
E             field required (type=value_error.missing)
E           databricks_host
E             field required (type=value_error.missing)
E           databricks_http_path
E             field required (type=value_error.missing)

.venv/gx_dev/lib/python3.11/site-packages/pydantic/v1/main.py:341: ValidationError</error></testcase><testcase classname="tests.integration.data_sources_and_expectations.expectations.test_expect_column_values_to_not_match_regex.TestNormalSql" name="test_success[databricks-mostly]" time="0.003"><error message="failed on setup with &quot;pydantic.v1.error_wrappers.ValidationError: 3 validation errors for DatabricksConnectionConfig&#10;databricks_token&#10;  field required (type=value_error.missing)&#10;databricks_host&#10;  field required (type=value_error.missing)&#10;databricks_http_path&#10;  field required (type=value_error.missing)&quot;">&gt;       lambda: ihook(item=item, **kwds), when=when, reraise=reraise
    )

.venv/gx_dev/lib/python3.11/site-packages/flaky/flaky_pytest_plugin.py:146:
_ _ _ _ _ _ _ _ _ _ _ _ _ _ _ _ _ _ _ _ _ _ _ _ _ _ _ _ _ _ _ _ _ _ _ _ _ _ _ _ _ _ _ _ _ _ _ _ _ _ _ _ _ _ _ _ _ _ _ _ _ _ _ _ _ _ _ _ _ _ _ _ _ _ _ _ _ _ _ _ _ _ _ _ _ _ _ _ _ _ _ _ _ _ _ _ _ _ _ _ _ _ _ _ _ _ _ _ _ _ _ _ _ _
tests/integration/conftest.py:166: in batch_for_datasource
    yield _batch_setup_for_datasource.make_batch()
tests/integration/test_utils/data_source_config/sql.py:83: in make_batch
    self.make_asset()
tests/integration/test_utils/data_source_config/databricks.py:76: in make_asset
    connection_string=self.connection_string,
tests/integration/test_utils/data_source_config/databricks.py:53: in connection_string
    return self._databrics_connection_config.connection_string(self.schema)
/opt/homebrew/Cellar/python@3.11/3.11.11/Frameworks/Python.framework/Versions/3.11/lib/python3.11/functools.py:1001: in __get__
    val = self.func(instance)
tests/integration/test_utils/data_source_config/databricks.py:70: in _databrics_connection_config
    return DatabricksConnectionConfig()  # type: ignore[call-arg]  # retrieves env vars
.venv/gx_dev/lib/python3.11/site-packages/pydantic/v1/env_settings.py:40: in __init__
    super().__init__(
_ _ _ _ _ _ _ _ _ _ _ _ _ _ _ _ _ _ _ _ _ _ _ _ _ _ _ _ _ _ _ _ _ _ _ _ _ _ _ _ _ _ _ _ _ _ _ _ _ _ _ _ _ _ _ _ _ _ _ _ _ _ _ _ _ _ _ _ _ _ _ _ _ _ _ _ _ _ _ _ _ _ _ _ _ _ _ _ _ _ _ _ _ _ _ _ _ _ _ _ _ _ _ _ _ _ _ _ _ _ _ _ _ _

__pydantic_self__ = DatabricksConnectionConfig(), data = {}, values = {}, fields_set = set()
validation_error = ValidationError(model='DatabricksConnectionConfig', errors=[{'loc': ('databricks_token',), 'msg': 'field required', 't...': 'value_error.missing'}, {'loc': ('databricks_http_path',), 'msg': 'field required', 'type': 'value_error.missing'}])

    def __init__(__pydantic_self__, **data: Any) -&gt; None:
        """
        Create a new model by parsing and validating input data from keyword arguments.

        Raises ValidationError if the input data cannot be parsed to form a valid model.
        """
        # Uses something other than `self` the first arg to allow "self" as a settable attribute
        values, fields_set, validation_error = validate_model(__pydantic_self__.__class__, data)
        if validation_error:
&gt;           raise validation_error
E           pydantic.v1.error_wrappers.ValidationError: 3 validation errors for DatabricksConnectionConfig
E           databricks_token
E             field required (type=value_error.missing)
E           databricks_host
E             field required (type=value_error.missing)
E           databricks_http_path
E             field required (type=value_error.missing)

.venv/gx_dev/lib/python3.11/site-packages/pydantic/v1/main.py:341: ValidationError</error></testcase><testcase classname="tests.integration.data_sources_and_expectations.expectations.test_expect_column_values_to_not_match_regex.TestNormalSql" name="test_failure[databricks-all_matches]" time="0.003"><error message="failed on setup with &quot;pydantic.v1.error_wrappers.ValidationError: 3 validation errors for DatabricksConnectionConfig&#10;databricks_token&#10;  field required (type=value_error.missing)&#10;databricks_host&#10;  field required (type=value_error.missing)&#10;databricks_http_path&#10;  field required (type=value_error.missing)&quot;">&gt;       lambda: ihook(item=item, **kwds), when=when, reraise=reraise
    )

.venv/gx_dev/lib/python3.11/site-packages/flaky/flaky_pytest_plugin.py:146:
_ _ _ _ _ _ _ _ _ _ _ _ _ _ _ _ _ _ _ _ _ _ _ _ _ _ _ _ _ _ _ _ _ _ _ _ _ _ _ _ _ _ _ _ _ _ _ _ _ _ _ _ _ _ _ _ _ _ _ _ _ _ _ _ _ _ _ _ _ _ _ _ _ _ _ _ _ _ _ _ _ _ _ _ _ _ _ _ _ _ _ _ _ _ _ _ _ _ _ _ _ _ _ _ _ _ _ _ _ _ _ _ _ _
tests/integration/conftest.py:166: in batch_for_datasource
    yield _batch_setup_for_datasource.make_batch()
tests/integration/test_utils/data_source_config/sql.py:83: in make_batch
    self.make_asset()
tests/integration/test_utils/data_source_config/databricks.py:76: in make_asset
    connection_string=self.connection_string,
tests/integration/test_utils/data_source_config/databricks.py:53: in connection_string
    return self._databrics_connection_config.connection_string(self.schema)
/opt/homebrew/Cellar/python@3.11/3.11.11/Frameworks/Python.framework/Versions/3.11/lib/python3.11/functools.py:1001: in __get__
    val = self.func(instance)
tests/integration/test_utils/data_source_config/databricks.py:70: in _databrics_connection_config
    return DatabricksConnectionConfig()  # type: ignore[call-arg]  # retrieves env vars
.venv/gx_dev/lib/python3.11/site-packages/pydantic/v1/env_settings.py:40: in __init__
    super().__init__(
_ _ _ _ _ _ _ _ _ _ _ _ _ _ _ _ _ _ _ _ _ _ _ _ _ _ _ _ _ _ _ _ _ _ _ _ _ _ _ _ _ _ _ _ _ _ _ _ _ _ _ _ _ _ _ _ _ _ _ _ _ _ _ _ _ _ _ _ _ _ _ _ _ _ _ _ _ _ _ _ _ _ _ _ _ _ _ _ _ _ _ _ _ _ _ _ _ _ _ _ _ _ _ _ _ _ _ _ _ _ _ _ _ _

__pydantic_self__ = DatabricksConnectionConfig(), data = {}, values = {}, fields_set = set()
validation_error = ValidationError(model='DatabricksConnectionConfig', errors=[{'loc': ('databricks_token',), 'msg': 'field required', 't...': 'value_error.missing'}, {'loc': ('databricks_http_path',), 'msg': 'field required', 'type': 'value_error.missing'}])

    def __init__(__pydantic_self__, **data: Any) -&gt; None:
        """
        Create a new model by parsing and validating input data from keyword arguments.

        Raises ValidationError if the input data cannot be parsed to form a valid model.
        """
        # Uses something other than `self` the first arg to allow "self" as a settable attribute
        values, fields_set, validation_error = validate_model(__pydantic_self__.__class__, data)
        if validation_error:
&gt;           raise validation_error
E           pydantic.v1.error_wrappers.ValidationError: 3 validation errors for DatabricksConnectionConfig
E           databricks_token
E             field required (type=value_error.missing)
E           databricks_host
E             field required (type=value_error.missing)
E           databricks_http_path
E             field required (type=value_error.missing)

.venv/gx_dev/lib/python3.11/site-packages/pydantic/v1/main.py:341: ValidationError</error></testcase><testcase classname="tests.integration.data_sources_and_expectations.expectations.test_expect_column_values_to_not_match_regex.TestNormalSql" name="test_failure[databricks-mostly_threshold_not_met]" time="0.005"><error message="failed on setup with &quot;pydantic.v1.error_wrappers.ValidationError: 3 validation errors for DatabricksConnectionConfig&#10;databricks_token&#10;  field required (type=value_error.missing)&#10;databricks_host&#10;  field required (type=value_error.missing)&#10;databricks_http_path&#10;  field required (type=value_error.missing)&quot;">&gt;       lambda: ihook(item=item, **kwds), when=when, reraise=reraise
    )

.venv/gx_dev/lib/python3.11/site-packages/flaky/flaky_pytest_plugin.py:146:
_ _ _ _ _ _ _ _ _ _ _ _ _ _ _ _ _ _ _ _ _ _ _ _ _ _ _ _ _ _ _ _ _ _ _ _ _ _ _ _ _ _ _ _ _ _ _ _ _ _ _ _ _ _ _ _ _ _ _ _ _ _ _ _ _ _ _ _ _ _ _ _ _ _ _ _ _ _ _ _ _ _ _ _ _ _ _ _ _ _ _ _ _ _ _ _ _ _ _ _ _ _ _ _ _ _ _ _ _ _ _ _ _ _
tests/integration/conftest.py:166: in batch_for_datasource
    yield _batch_setup_for_datasource.make_batch()
tests/integration/test_utils/data_source_config/sql.py:83: in make_batch
    self.make_asset()
tests/integration/test_utils/data_source_config/databricks.py:76: in make_asset
    connection_string=self.connection_string,
tests/integration/test_utils/data_source_config/databricks.py:53: in connection_string
    return self._databrics_connection_config.connection_string(self.schema)
/opt/homebrew/Cellar/python@3.11/3.11.11/Frameworks/Python.framework/Versions/3.11/lib/python3.11/functools.py:1001: in __get__
    val = self.func(instance)
tests/integration/test_utils/data_source_config/databricks.py:70: in _databrics_connection_config
    return DatabricksConnectionConfig()  # type: ignore[call-arg]  # retrieves env vars
.venv/gx_dev/lib/python3.11/site-packages/pydantic/v1/env_settings.py:40: in __init__
    super().__init__(
_ _ _ _ _ _ _ _ _ _ _ _ _ _ _ _ _ _ _ _ _ _ _ _ _ _ _ _ _ _ _ _ _ _ _ _ _ _ _ _ _ _ _ _ _ _ _ _ _ _ _ _ _ _ _ _ _ _ _ _ _ _ _ _ _ _ _ _ _ _ _ _ _ _ _ _ _ _ _ _ _ _ _ _ _ _ _ _ _ _ _ _ _ _ _ _ _ _ _ _ _ _ _ _ _ _ _ _ _ _ _ _ _ _

__pydantic_self__ = DatabricksConnectionConfig(), data = {}, values = {}, fields_set = set()
validation_error = ValidationError(model='DatabricksConnectionConfig', errors=[{'loc': ('databricks_token',), 'msg': 'field required', 't...': 'value_error.missing'}, {'loc': ('databricks_http_path',), 'msg': 'field required', 'type': 'value_error.missing'}])

    def __init__(__pydantic_self__, **data: Any) -&gt; None:
        """
        Create a new model by parsing and validating input data from keyword arguments.

        Raises ValidationError if the input data cannot be parsed to form a valid model.
        """
        # Uses something other than `self` the first arg to allow "self" as a settable attribute
        values, fields_set, validation_error = validate_model(__pydantic_self__.__class__, data)
        if validation_error:
&gt;           raise validation_error
E           pydantic.v1.error_wrappers.ValidationError: 3 validation errors for DatabricksConnectionConfig
E           databricks_token
E             field required (type=value_error.missing)
E           databricks_host
E             field required (type=value_error.missing)
E           databricks_http_path
E             field required (type=value_error.missing)

.venv/gx_dev/lib/python3.11/site-packages/pydantic/v1/main.py:341: ValidationError</error></testcase><testcase classname="tests.integration.data_sources_and_expectations.expectations.test_expect_column_values_to_not_match_regex.TestNormalSql" name="test_failure[databricks-empty_regex]" time="0.006"><error message="failed on setup with &quot;pydantic.v1.error_wrappers.ValidationError: 3 validation errors for DatabricksConnectionConfig&#10;databricks_token&#10;  field required (type=value_error.missing)&#10;databricks_host&#10;  field required (type=value_error.missing)&#10;databricks_http_path&#10;  field required (type=value_error.missing)&quot;">&gt;       lambda: ihook(item=item, **kwds), when=when, reraise=reraise
    )

.venv/gx_dev/lib/python3.11/site-packages/flaky/flaky_pytest_plugin.py:146:
_ _ _ _ _ _ _ _ _ _ _ _ _ _ _ _ _ _ _ _ _ _ _ _ _ _ _ _ _ _ _ _ _ _ _ _ _ _ _ _ _ _ _ _ _ _ _ _ _ _ _ _ _ _ _ _ _ _ _ _ _ _ _ _ _ _ _ _ _ _ _ _ _ _ _ _ _ _ _ _ _ _ _ _ _ _ _ _ _ _ _ _ _ _ _ _ _ _ _ _ _ _ _ _ _ _ _ _ _ _ _ _ _ _
tests/integration/conftest.py:166: in batch_for_datasource
    yield _batch_setup_for_datasource.make_batch()
tests/integration/test_utils/data_source_config/sql.py:83: in make_batch
    self.make_asset()
tests/integration/test_utils/data_source_config/databricks.py:76: in make_asset
    connection_string=self.connection_string,
tests/integration/test_utils/data_source_config/databricks.py:53: in connection_string
    return self._databrics_connection_config.connection_string(self.schema)
/opt/homebrew/Cellar/python@3.11/3.11.11/Frameworks/Python.framework/Versions/3.11/lib/python3.11/functools.py:1001: in __get__
    val = self.func(instance)
tests/integration/test_utils/data_source_config/databricks.py:70: in _databrics_connection_config
    return DatabricksConnectionConfig()  # type: ignore[call-arg]  # retrieves env vars
.venv/gx_dev/lib/python3.11/site-packages/pydantic/v1/env_settings.py:40: in __init__
    super().__init__(
_ _ _ _ _ _ _ _ _ _ _ _ _ _ _ _ _ _ _ _ _ _ _ _ _ _ _ _ _ _ _ _ _ _ _ _ _ _ _ _ _ _ _ _ _ _ _ _ _ _ _ _ _ _ _ _ _ _ _ _ _ _ _ _ _ _ _ _ _ _ _ _ _ _ _ _ _ _ _ _ _ _ _ _ _ _ _ _ _ _ _ _ _ _ _ _ _ _ _ _ _ _ _ _ _ _ _ _ _ _ _ _ _ _

__pydantic_self__ = DatabricksConnectionConfig(), data = {}, values = {}, fields_set = set()
validation_error = ValidationError(model='DatabricksConnectionConfig', errors=[{'loc': ('databricks_token',), 'msg': 'field required', 't...': 'value_error.missing'}, {'loc': ('databricks_http_path',), 'msg': 'field required', 'type': 'value_error.missing'}])

    def __init__(__pydantic_self__, **data: Any) -&gt; None:
        """
        Create a new model by parsing and validating input data from keyword arguments.

        Raises ValidationError if the input data cannot be parsed to form a valid model.
        """
        # Uses something other than `self` the first arg to allow "self" as a settable attribute
        values, fields_set, validation_error = validate_model(__pydantic_self__.__class__, data)
        if validation_error:
&gt;           raise validation_error
E           pydantic.v1.error_wrappers.ValidationError: 3 validation errors for DatabricksConnectionConfig
E           databricks_token
E             field required (type=value_error.missing)
E           databricks_host
E             field required (type=value_error.missing)
E           databricks_http_path
E             field required (type=value_error.missing)

.venv/gx_dev/lib/python3.11/site-packages/pydantic/v1/main.py:341: ValidationError</error></testcase><testcase classname="tests.integration.data_sources_and_expectations.expectations.test_expect_column_values_to_not_match_regex_list" name="test_golden_path[databricks]" time="0.004"><error message="failed on setup with &quot;pydantic.v1.error_wrappers.ValidationError: 3 validation errors for DatabricksConnectionConfig&#10;databricks_token&#10;  field required (type=value_error.missing)&#10;databricks_host&#10;  field required (type=value_error.missing)&#10;databricks_http_path&#10;  field required (type=value_error.missing)&quot;">&gt;       lambda: ihook(item=item, **kwds), when=when, reraise=reraise
    )

.venv/gx_dev/lib/python3.11/site-packages/flaky/flaky_pytest_plugin.py:146:
_ _ _ _ _ _ _ _ _ _ _ _ _ _ _ _ _ _ _ _ _ _ _ _ _ _ _ _ _ _ _ _ _ _ _ _ _ _ _ _ _ _ _ _ _ _ _ _ _ _ _ _ _ _ _ _ _ _ _ _ _ _ _ _ _ _ _ _ _ _ _ _ _ _ _ _ _ _ _ _ _ _ _ _ _ _ _ _ _ _ _ _ _ _ _ _ _ _ _ _ _ _ _ _ _ _ _ _ _ _ _ _ _ _
tests/integration/conftest.py:166: in batch_for_datasource
    yield _batch_setup_for_datasource.make_batch()
tests/integration/test_utils/data_source_config/sql.py:83: in make_batch
    self.make_asset()
tests/integration/test_utils/data_source_config/databricks.py:76: in make_asset
    connection_string=self.connection_string,
tests/integration/test_utils/data_source_config/databricks.py:53: in connection_string
    return self._databrics_connection_config.connection_string(self.schema)
/opt/homebrew/Cellar/python@3.11/3.11.11/Frameworks/Python.framework/Versions/3.11/lib/python3.11/functools.py:1001: in __get__
    val = self.func(instance)
tests/integration/test_utils/data_source_config/databricks.py:70: in _databrics_connection_config
    return DatabricksConnectionConfig()  # type: ignore[call-arg]  # retrieves env vars
.venv/gx_dev/lib/python3.11/site-packages/pydantic/v1/env_settings.py:40: in __init__
    super().__init__(
_ _ _ _ _ _ _ _ _ _ _ _ _ _ _ _ _ _ _ _ _ _ _ _ _ _ _ _ _ _ _ _ _ _ _ _ _ _ _ _ _ _ _ _ _ _ _ _ _ _ _ _ _ _ _ _ _ _ _ _ _ _ _ _ _ _ _ _ _ _ _ _ _ _ _ _ _ _ _ _ _ _ _ _ _ _ _ _ _ _ _ _ _ _ _ _ _ _ _ _ _ _ _ _ _ _ _ _ _ _ _ _ _ _

__pydantic_self__ = DatabricksConnectionConfig(), data = {}, values = {}, fields_set = set()
validation_error = ValidationError(model='DatabricksConnectionConfig', errors=[{'loc': ('databricks_token',), 'msg': 'field required', 't...': 'value_error.missing'}, {'loc': ('databricks_http_path',), 'msg': 'field required', 'type': 'value_error.missing'}])

    def __init__(__pydantic_self__, **data: Any) -&gt; None:
        """
        Create a new model by parsing and validating input data from keyword arguments.

        Raises ValidationError if the input data cannot be parsed to form a valid model.
        """
        # Uses something other than `self` the first arg to allow "self" as a settable attribute
        values, fields_set, validation_error = validate_model(__pydantic_self__.__class__, data)
        if validation_error:
&gt;           raise validation_error
E           pydantic.v1.error_wrappers.ValidationError: 3 validation errors for DatabricksConnectionConfig
E           databricks_token
E             field required (type=value_error.missing)
E           databricks_host
E             field required (type=value_error.missing)
E           databricks_http_path
E             field required (type=value_error.missing)

.venv/gx_dev/lib/python3.11/site-packages/pydantic/v1/main.py:341: ValidationError</error></testcase><testcase classname="tests.integration.data_sources_and_expectations.expectations.test_expect_compound_column_values_to_be_unique" name="test_golden_path[databricks]" time="0.003"><error message="failed on setup with &quot;pydantic.v1.error_wrappers.ValidationError: 3 validation errors for DatabricksConnectionConfig&#10;databricks_token&#10;  field required (type=value_error.missing)&#10;databricks_host&#10;  field required (type=value_error.missing)&#10;databricks_http_path&#10;  field required (type=value_error.missing)&quot;">&gt;       lambda: ihook(item=item, **kwds), when=when, reraise=reraise
    )

.venv/gx_dev/lib/python3.11/site-packages/flaky/flaky_pytest_plugin.py:146:
_ _ _ _ _ _ _ _ _ _ _ _ _ _ _ _ _ _ _ _ _ _ _ _ _ _ _ _ _ _ _ _ _ _ _ _ _ _ _ _ _ _ _ _ _ _ _ _ _ _ _ _ _ _ _ _ _ _ _ _ _ _ _ _ _ _ _ _ _ _ _ _ _ _ _ _ _ _ _ _ _ _ _ _ _ _ _ _ _ _ _ _ _ _ _ _ _ _ _ _ _ _ _ _ _ _ _ _ _ _ _ _ _ _
tests/integration/conftest.py:153: in _batch_setup_for_datasource
    batch_setup.setup()
tests/integration/test_utils/data_source_config/sql.py:126: in setup
    engine = create_engine(url=self.connection_string)
tests/integration/test_utils/data_source_config/databricks.py:53: in connection_string
    return self._databrics_connection_config.connection_string(self.schema)
/opt/homebrew/Cellar/python@3.11/3.11.11/Frameworks/Python.framework/Versions/3.11/lib/python3.11/functools.py:1001: in __get__
    val = self.func(instance)
tests/integration/test_utils/data_source_config/databricks.py:70: in _databrics_connection_config
    return DatabricksConnectionConfig()  # type: ignore[call-arg]  # retrieves env vars
.venv/gx_dev/lib/python3.11/site-packages/pydantic/v1/env_settings.py:40: in __init__
    super().__init__(
_ _ _ _ _ _ _ _ _ _ _ _ _ _ _ _ _ _ _ _ _ _ _ _ _ _ _ _ _ _ _ _ _ _ _ _ _ _ _ _ _ _ _ _ _ _ _ _ _ _ _ _ _ _ _ _ _ _ _ _ _ _ _ _ _ _ _ _ _ _ _ _ _ _ _ _ _ _ _ _ _ _ _ _ _ _ _ _ _ _ _ _ _ _ _ _ _ _ _ _ _ _ _ _ _ _ _ _ _ _ _ _ _ _

__pydantic_self__ = DatabricksConnectionConfig(), data = {}, values = {}, fields_set = set()
validation_error = ValidationError(model='DatabricksConnectionConfig', errors=[{'loc': ('databricks_token',), 'msg': 'field required', 't...': 'value_error.missing'}, {'loc': ('databricks_http_path',), 'msg': 'field required', 'type': 'value_error.missing'}])

    def __init__(__pydantic_self__, **data: Any) -&gt; None:
        """
        Create a new model by parsing and validating input data from keyword arguments.

        Raises ValidationError if the input data cannot be parsed to form a valid model.
        """
        # Uses something other than `self` the first arg to allow "self" as a settable attribute
        values, fields_set, validation_error = validate_model(__pydantic_self__.__class__, data)
        if validation_error:
&gt;           raise validation_error
E           pydantic.v1.error_wrappers.ValidationError: 3 validation errors for DatabricksConnectionConfig
E           databricks_token
E             field required (type=value_error.missing)
E           databricks_host
E             field required (type=value_error.missing)
E           databricks_http_path
E             field required (type=value_error.missing)

.venv/gx_dev/lib/python3.11/site-packages/pydantic/v1/main.py:341: ValidationError</error></testcase><testcase classname="tests.integration.data_sources_and_expectations.expectations.test_expect_multicolumn_sum_to_equal" name="test_golden_path[databricks]" time="0.002"><error message="failed on setup with &quot;pydantic.v1.error_wrappers.ValidationError: 3 validation errors for DatabricksConnectionConfig&#10;databricks_token&#10;  field required (type=value_error.missing)&#10;databricks_host&#10;  field required (type=value_error.missing)&#10;databricks_http_path&#10;  field required (type=value_error.missing)&quot;">&gt;       lambda: ihook(item=item, **kwds), when=when, reraise=reraise
    )

.venv/gx_dev/lib/python3.11/site-packages/flaky/flaky_pytest_plugin.py:146:
_ _ _ _ _ _ _ _ _ _ _ _ _ _ _ _ _ _ _ _ _ _ _ _ _ _ _ _ _ _ _ _ _ _ _ _ _ _ _ _ _ _ _ _ _ _ _ _ _ _ _ _ _ _ _ _ _ _ _ _ _ _ _ _ _ _ _ _ _ _ _ _ _ _ _ _ _ _ _ _ _ _ _ _ _ _ _ _ _ _ _ _ _ _ _ _ _ _ _ _ _ _ _ _ _ _ _ _ _ _ _ _ _ _
tests/integration/conftest.py:153: in _batch_setup_for_datasource
    batch_setup.setup()
tests/integration/test_utils/data_source_config/sql.py:126: in setup
    engine = create_engine(url=self.connection_string)
tests/integration/test_utils/data_source_config/databricks.py:53: in connection_string
    return self._databrics_connection_config.connection_string(self.schema)
/opt/homebrew/Cellar/python@3.11/3.11.11/Frameworks/Python.framework/Versions/3.11/lib/python3.11/functools.py:1001: in __get__
    val = self.func(instance)
tests/integration/test_utils/data_source_config/databricks.py:70: in _databrics_connection_config
    return DatabricksConnectionConfig()  # type: ignore[call-arg]  # retrieves env vars
.venv/gx_dev/lib/python3.11/site-packages/pydantic/v1/env_settings.py:40: in __init__
    super().__init__(
_ _ _ _ _ _ _ _ _ _ _ _ _ _ _ _ _ _ _ _ _ _ _ _ _ _ _ _ _ _ _ _ _ _ _ _ _ _ _ _ _ _ _ _ _ _ _ _ _ _ _ _ _ _ _ _ _ _ _ _ _ _ _ _ _ _ _ _ _ _ _ _ _ _ _ _ _ _ _ _ _ _ _ _ _ _ _ _ _ _ _ _ _ _ _ _ _ _ _ _ _ _ _ _ _ _ _ _ _ _ _ _ _ _

__pydantic_self__ = DatabricksConnectionConfig(), data = {}, values = {}, fields_set = set()
validation_error = ValidationError(model='DatabricksConnectionConfig', errors=[{'loc': ('databricks_token',), 'msg': 'field required', 't...': 'value_error.missing'}, {'loc': ('databricks_http_path',), 'msg': 'field required', 'type': 'value_error.missing'}])

    def __init__(__pydantic_self__, **data: Any) -&gt; None:
        """
        Create a new model by parsing and validating input data from keyword arguments.

        Raises ValidationError if the input data cannot be parsed to form a valid model.
        """
        # Uses something other than `self` the first arg to allow "self" as a settable attribute
        values, fields_set, validation_error = validate_model(__pydantic_self__.__class__, data)
        if validation_error:
&gt;           raise validation_error
E           pydantic.v1.error_wrappers.ValidationError: 3 validation errors for DatabricksConnectionConfig
E           databricks_token
E             field required (type=value_error.missing)
E           databricks_host
E             field required (type=value_error.missing)
E           databricks_http_path
E             field required (type=value_error.missing)

.venv/gx_dev/lib/python3.11/site-packages/pydantic/v1/main.py:341: ValidationError</error></testcase><testcase classname="tests.integration.data_sources_and_expectations.expectations.test_expect_select_column_values_to_be_unique_within_record" name="test_golden_path[databricks]" time="0.003"><error message="failed on setup with &quot;pydantic.v1.error_wrappers.ValidationError: 3 validation errors for DatabricksConnectionConfig&#10;databricks_token&#10;  field required (type=value_error.missing)&#10;databricks_host&#10;  field required (type=value_error.missing)&#10;databricks_http_path&#10;  field required (type=value_error.missing)&quot;">&gt;       lambda: ihook(item=item, **kwds), when=when, reraise=reraise
    )

.venv/gx_dev/lib/python3.11/site-packages/flaky/flaky_pytest_plugin.py:146:
_ _ _ _ _ _ _ _ _ _ _ _ _ _ _ _ _ _ _ _ _ _ _ _ _ _ _ _ _ _ _ _ _ _ _ _ _ _ _ _ _ _ _ _ _ _ _ _ _ _ _ _ _ _ _ _ _ _ _ _ _ _ _ _ _ _ _ _ _ _ _ _ _ _ _ _ _ _ _ _ _ _ _ _ _ _ _ _ _ _ _ _ _ _ _ _ _ _ _ _ _ _ _ _ _ _ _ _ _ _ _ _ _ _
tests/integration/conftest.py:153: in _batch_setup_for_datasource
    batch_setup.setup()
tests/integration/test_utils/data_source_config/sql.py:126: in setup
    engine = create_engine(url=self.connection_string)
tests/integration/test_utils/data_source_config/databricks.py:53: in connection_string
    return self._databrics_connection_config.connection_string(self.schema)
/opt/homebrew/Cellar/python@3.11/3.11.11/Frameworks/Python.framework/Versions/3.11/lib/python3.11/functools.py:1001: in __get__
    val = self.func(instance)
tests/integration/test_utils/data_source_config/databricks.py:70: in _databrics_connection_config
    return DatabricksConnectionConfig()  # type: ignore[call-arg]  # retrieves env vars
.venv/gx_dev/lib/python3.11/site-packages/pydantic/v1/env_settings.py:40: in __init__
    super().__init__(
_ _ _ _ _ _ _ _ _ _ _ _ _ _ _ _ _ _ _ _ _ _ _ _ _ _ _ _ _ _ _ _ _ _ _ _ _ _ _ _ _ _ _ _ _ _ _ _ _ _ _ _ _ _ _ _ _ _ _ _ _ _ _ _ _ _ _ _ _ _ _ _ _ _ _ _ _ _ _ _ _ _ _ _ _ _ _ _ _ _ _ _ _ _ _ _ _ _ _ _ _ _ _ _ _ _ _ _ _ _ _ _ _ _

__pydantic_self__ = DatabricksConnectionConfig(), data = {}, values = {}, fields_set = set()
validation_error = ValidationError(model='DatabricksConnectionConfig', errors=[{'loc': ('databricks_token',), 'msg': 'field required', 't...': 'value_error.missing'}, {'loc': ('databricks_http_path',), 'msg': 'field required', 'type': 'value_error.missing'}])

    def __init__(__pydantic_self__, **data: Any) -&gt; None:
        """
        Create a new model by parsing and validating input data from keyword arguments.

        Raises ValidationError if the input data cannot be parsed to form a valid model.
        """
        # Uses something other than `self` the first arg to allow "self" as a settable attribute
        values, fields_set, validation_error = validate_model(__pydantic_self__.__class__, data)
        if validation_error:
&gt;           raise validation_error
E           pydantic.v1.error_wrappers.ValidationError: 3 validation errors for DatabricksConnectionConfig
E           databricks_token
E             field required (type=value_error.missing)
E           databricks_host
E             field required (type=value_error.missing)
E           databricks_http_path
E             field required (type=value_error.missing)

.venv/gx_dev/lib/python3.11/site-packages/pydantic/v1/main.py:341: ValidationError</error></testcase><testcase classname="tests.integration.data_sources_and_expectations.expectations.test_expect_table_column_count_to_be_between" name="test_golden_path[databricks]" time="0.011"><error message="failed on setup with &quot;pydantic.v1.error_wrappers.ValidationError: 3 validation errors for DatabricksConnectionConfig&#10;databricks_token&#10;  field required (type=value_error.missing)&#10;databricks_host&#10;  field required (type=value_error.missing)&#10;databricks_http_path&#10;  field required (type=value_error.missing)&quot;">&gt;       lambda: ihook(item=item, **kwds), when=when, reraise=reraise
    )

.venv/gx_dev/lib/python3.11/site-packages/flaky/flaky_pytest_plugin.py:146:
_ _ _ _ _ _ _ _ _ _ _ _ _ _ _ _ _ _ _ _ _ _ _ _ _ _ _ _ _ _ _ _ _ _ _ _ _ _ _ _ _ _ _ _ _ _ _ _ _ _ _ _ _ _ _ _ _ _ _ _ _ _ _ _ _ _ _ _ _ _ _ _ _ _ _ _ _ _ _ _ _ _ _ _ _ _ _ _ _ _ _ _ _ _ _ _ _ _ _ _ _ _ _ _ _ _ _ _ _ _ _ _ _ _
tests/integration/conftest.py:166: in batch_for_datasource
    yield _batch_setup_for_datasource.make_batch()
tests/integration/test_utils/data_source_config/sql.py:83: in make_batch
    self.make_asset()
tests/integration/test_utils/data_source_config/databricks.py:76: in make_asset
    connection_string=self.connection_string,
tests/integration/test_utils/data_source_config/databricks.py:53: in connection_string
    return self._databrics_connection_config.connection_string(self.schema)
/opt/homebrew/Cellar/python@3.11/3.11.11/Frameworks/Python.framework/Versions/3.11/lib/python3.11/functools.py:1001: in __get__
    val = self.func(instance)
tests/integration/test_utils/data_source_config/databricks.py:70: in _databrics_connection_config
    return DatabricksConnectionConfig()  # type: ignore[call-arg]  # retrieves env vars
.venv/gx_dev/lib/python3.11/site-packages/pydantic/v1/env_settings.py:40: in __init__
    super().__init__(
_ _ _ _ _ _ _ _ _ _ _ _ _ _ _ _ _ _ _ _ _ _ _ _ _ _ _ _ _ _ _ _ _ _ _ _ _ _ _ _ _ _ _ _ _ _ _ _ _ _ _ _ _ _ _ _ _ _ _ _ _ _ _ _ _ _ _ _ _ _ _ _ _ _ _ _ _ _ _ _ _ _ _ _ _ _ _ _ _ _ _ _ _ _ _ _ _ _ _ _ _ _ _ _ _ _ _ _ _ _ _ _ _ _

__pydantic_self__ = DatabricksConnectionConfig(), data = {}, values = {}, fields_set = set()
validation_error = ValidationError(model='DatabricksConnectionConfig', errors=[{'loc': ('databricks_token',), 'msg': 'field required', 't...': 'value_error.missing'}, {'loc': ('databricks_http_path',), 'msg': 'field required', 'type': 'value_error.missing'}])

    def __init__(__pydantic_self__, **data: Any) -&gt; None:
        """
        Create a new model by parsing and validating input data from keyword arguments.

        Raises ValidationError if the input data cannot be parsed to form a valid model.
        """
        # Uses something other than `self` the first arg to allow "self" as a settable attribute
        values, fields_set, validation_error = validate_model(__pydantic_self__.__class__, data)
        if validation_error:
&gt;           raise validation_error
E           pydantic.v1.error_wrappers.ValidationError: 3 validation errors for DatabricksConnectionConfig
E           databricks_token
E             field required (type=value_error.missing)
E           databricks_host
E             field required (type=value_error.missing)
E           databricks_http_path
E             field required (type=value_error.missing)

.venv/gx_dev/lib/python3.11/site-packages/pydantic/v1/main.py:341: ValidationError</error></testcase><testcase classname="tests.integration.data_sources_and_expectations.expectations.test_expect_table_column_count_to_equal" name="test_golden_path[databricks]" time="0.003"><error message="failed on setup with &quot;pydantic.v1.error_wrappers.ValidationError: 3 validation errors for DatabricksConnectionConfig&#10;databricks_token&#10;  field required (type=value_error.missing)&#10;databricks_host&#10;  field required (type=value_error.missing)&#10;databricks_http_path&#10;  field required (type=value_error.missing)&quot;">&gt;       lambda: ihook(item=item, **kwds), when=when, reraise=reraise
    )

.venv/gx_dev/lib/python3.11/site-packages/flaky/flaky_pytest_plugin.py:146:
_ _ _ _ _ _ _ _ _ _ _ _ _ _ _ _ _ _ _ _ _ _ _ _ _ _ _ _ _ _ _ _ _ _ _ _ _ _ _ _ _ _ _ _ _ _ _ _ _ _ _ _ _ _ _ _ _ _ _ _ _ _ _ _ _ _ _ _ _ _ _ _ _ _ _ _ _ _ _ _ _ _ _ _ _ _ _ _ _ _ _ _ _ _ _ _ _ _ _ _ _ _ _ _ _ _ _ _ _ _ _ _ _ _
tests/integration/conftest.py:166: in batch_for_datasource
    yield _batch_setup_for_datasource.make_batch()
tests/integration/test_utils/data_source_config/sql.py:83: in make_batch
    self.make_asset()
tests/integration/test_utils/data_source_config/databricks.py:76: in make_asset
    connection_string=self.connection_string,
tests/integration/test_utils/data_source_config/databricks.py:53: in connection_string
    return self._databrics_connection_config.connection_string(self.schema)
/opt/homebrew/Cellar/python@3.11/3.11.11/Frameworks/Python.framework/Versions/3.11/lib/python3.11/functools.py:1001: in __get__
    val = self.func(instance)
tests/integration/test_utils/data_source_config/databricks.py:70: in _databrics_connection_config
    return DatabricksConnectionConfig()  # type: ignore[call-arg]  # retrieves env vars
.venv/gx_dev/lib/python3.11/site-packages/pydantic/v1/env_settings.py:40: in __init__
    super().__init__(
_ _ _ _ _ _ _ _ _ _ _ _ _ _ _ _ _ _ _ _ _ _ _ _ _ _ _ _ _ _ _ _ _ _ _ _ _ _ _ _ _ _ _ _ _ _ _ _ _ _ _ _ _ _ _ _ _ _ _ _ _ _ _ _ _ _ _ _ _ _ _ _ _ _ _ _ _ _ _ _ _ _ _ _ _ _ _ _ _ _ _ _ _ _ _ _ _ _ _ _ _ _ _ _ _ _ _ _ _ _ _ _ _ _

__pydantic_self__ = DatabricksConnectionConfig(), data = {}, values = {}, fields_set = set()
validation_error = ValidationError(model='DatabricksConnectionConfig', errors=[{'loc': ('databricks_token',), 'msg': 'field required', 't...': 'value_error.missing'}, {'loc': ('databricks_http_path',), 'msg': 'field required', 'type': 'value_error.missing'}])

    def __init__(__pydantic_self__, **data: Any) -&gt; None:
        """
        Create a new model by parsing and validating input data from keyword arguments.

        Raises ValidationError if the input data cannot be parsed to form a valid model.
        """
        # Uses something other than `self` the first arg to allow "self" as a settable attribute
        values, fields_set, validation_error = validate_model(__pydantic_self__.__class__, data)
        if validation_error:
&gt;           raise validation_error
E           pydantic.v1.error_wrappers.ValidationError: 3 validation errors for DatabricksConnectionConfig
E           databricks_token
E             field required (type=value_error.missing)
E           databricks_host
E             field required (type=value_error.missing)
E           databricks_http_path
E             field required (type=value_error.missing)

.venv/gx_dev/lib/python3.11/site-packages/pydantic/v1/main.py:341: ValidationError</error></testcase><testcase classname="tests.integration.data_sources_and_expectations.expectations.test_expect_table_columns_to_match_ordered_list" name="test_golden_path[databricks]" time="0.003"><error message="failed on setup with &quot;pydantic.v1.error_wrappers.ValidationError: 3 validation errors for DatabricksConnectionConfig&#10;databricks_token&#10;  field required (type=value_error.missing)&#10;databricks_host&#10;  field required (type=value_error.missing)&#10;databricks_http_path&#10;  field required (type=value_error.missing)&quot;">&gt;       lambda: ihook(item=item, **kwds), when=when, reraise=reraise
    )

.venv/gx_dev/lib/python3.11/site-packages/flaky/flaky_pytest_plugin.py:146:
_ _ _ _ _ _ _ _ _ _ _ _ _ _ _ _ _ _ _ _ _ _ _ _ _ _ _ _ _ _ _ _ _ _ _ _ _ _ _ _ _ _ _ _ _ _ _ _ _ _ _ _ _ _ _ _ _ _ _ _ _ _ _ _ _ _ _ _ _ _ _ _ _ _ _ _ _ _ _ _ _ _ _ _ _ _ _ _ _ _ _ _ _ _ _ _ _ _ _ _ _ _ _ _ _ _ _ _ _ _ _ _ _ _
tests/integration/conftest.py:153: in _batch_setup_for_datasource
    batch_setup.setup()
tests/integration/test_utils/data_source_config/sql.py:126: in setup
    engine = create_engine(url=self.connection_string)
tests/integration/test_utils/data_source_config/databricks.py:53: in connection_string
    return self._databrics_connection_config.connection_string(self.schema)
/opt/homebrew/Cellar/python@3.11/3.11.11/Frameworks/Python.framework/Versions/3.11/lib/python3.11/functools.py:1001: in __get__
    val = self.func(instance)
tests/integration/test_utils/data_source_config/databricks.py:70: in _databrics_connection_config
    return DatabricksConnectionConfig()  # type: ignore[call-arg]  # retrieves env vars
.venv/gx_dev/lib/python3.11/site-packages/pydantic/v1/env_settings.py:40: in __init__
    super().__init__(
_ _ _ _ _ _ _ _ _ _ _ _ _ _ _ _ _ _ _ _ _ _ _ _ _ _ _ _ _ _ _ _ _ _ _ _ _ _ _ _ _ _ _ _ _ _ _ _ _ _ _ _ _ _ _ _ _ _ _ _ _ _ _ _ _ _ _ _ _ _ _ _ _ _ _ _ _ _ _ _ _ _ _ _ _ _ _ _ _ _ _ _ _ _ _ _ _ _ _ _ _ _ _ _ _ _ _ _ _ _ _ _ _ _

__pydantic_self__ = DatabricksConnectionConfig(), data = {}, values = {}, fields_set = set()
validation_error = ValidationError(model='DatabricksConnectionConfig', errors=[{'loc': ('databricks_token',), 'msg': 'field required', 't...': 'value_error.missing'}, {'loc': ('databricks_http_path',), 'msg': 'field required', 'type': 'value_error.missing'}])

    def __init__(__pydantic_self__, **data: Any) -&gt; None:
        """
        Create a new model by parsing and validating input data from keyword arguments.

        Raises ValidationError if the input data cannot be parsed to form a valid model.
        """
        # Uses something other than `self` the first arg to allow "self" as a settable attribute
        values, fields_set, validation_error = validate_model(__pydantic_self__.__class__, data)
        if validation_error:
&gt;           raise validation_error
E           pydantic.v1.error_wrappers.ValidationError: 3 validation errors for DatabricksConnectionConfig
E           databricks_token
E             field required (type=value_error.missing)
E           databricks_host
E             field required (type=value_error.missing)
E           databricks_http_path
E             field required (type=value_error.missing)

.venv/gx_dev/lib/python3.11/site-packages/pydantic/v1/main.py:341: ValidationError</error></testcase><testcase classname="tests.integration.data_sources_and_expectations.expectations.test_expect_table_columns_to_match_set" name="test_golden_path[databricks]" time="0.009"><error message="failed on setup with &quot;pydantic.v1.error_wrappers.ValidationError: 3 validation errors for DatabricksConnectionConfig&#10;databricks_token&#10;  field required (type=value_error.missing)&#10;databricks_host&#10;  field required (type=value_error.missing)&#10;databricks_http_path&#10;  field required (type=value_error.missing)&quot;">&gt;       lambda: ihook(item=item, **kwds), when=when, reraise=reraise
    )

.venv/gx_dev/lib/python3.11/site-packages/flaky/flaky_pytest_plugin.py:146:
_ _ _ _ _ _ _ _ _ _ _ _ _ _ _ _ _ _ _ _ _ _ _ _ _ _ _ _ _ _ _ _ _ _ _ _ _ _ _ _ _ _ _ _ _ _ _ _ _ _ _ _ _ _ _ _ _ _ _ _ _ _ _ _ _ _ _ _ _ _ _ _ _ _ _ _ _ _ _ _ _ _ _ _ _ _ _ _ _ _ _ _ _ _ _ _ _ _ _ _ _ _ _ _ _ _ _ _ _ _ _ _ _ _
tests/integration/conftest.py:166: in batch_for_datasource
    yield _batch_setup_for_datasource.make_batch()
tests/integration/test_utils/data_source_config/sql.py:83: in make_batch
    self.make_asset()
tests/integration/test_utils/data_source_config/databricks.py:76: in make_asset
    connection_string=self.connection_string,
tests/integration/test_utils/data_source_config/databricks.py:53: in connection_string
    return self._databrics_connection_config.connection_string(self.schema)
/opt/homebrew/Cellar/python@3.11/3.11.11/Frameworks/Python.framework/Versions/3.11/lib/python3.11/functools.py:1001: in __get__
    val = self.func(instance)
tests/integration/test_utils/data_source_config/databricks.py:70: in _databrics_connection_config
    return DatabricksConnectionConfig()  # type: ignore[call-arg]  # retrieves env vars
.venv/gx_dev/lib/python3.11/site-packages/pydantic/v1/env_settings.py:40: in __init__
    super().__init__(
_ _ _ _ _ _ _ _ _ _ _ _ _ _ _ _ _ _ _ _ _ _ _ _ _ _ _ _ _ _ _ _ _ _ _ _ _ _ _ _ _ _ _ _ _ _ _ _ _ _ _ _ _ _ _ _ _ _ _ _ _ _ _ _ _ _ _ _ _ _ _ _ _ _ _ _ _ _ _ _ _ _ _ _ _ _ _ _ _ _ _ _ _ _ _ _ _ _ _ _ _ _ _ _ _ _ _ _ _ _ _ _ _ _

__pydantic_self__ = DatabricksConnectionConfig(), data = {}, values = {}, fields_set = set()
validation_error = ValidationError(model='DatabricksConnectionConfig', errors=[{'loc': ('databricks_token',), 'msg': 'field required', 't...': 'value_error.missing'}, {'loc': ('databricks_http_path',), 'msg': 'field required', 'type': 'value_error.missing'}])

    def __init__(__pydantic_self__, **data: Any) -&gt; None:
        """
        Create a new model by parsing and validating input data from keyword arguments.

        Raises ValidationError if the input data cannot be parsed to form a valid model.
        """
        # Uses something other than `self` the first arg to allow "self" as a settable attribute
        values, fields_set, validation_error = validate_model(__pydantic_self__.__class__, data)
        if validation_error:
&gt;           raise validation_error
E           pydantic.v1.error_wrappers.ValidationError: 3 validation errors for DatabricksConnectionConfig
E           databricks_token
E             field required (type=value_error.missing)
E           databricks_host
E             field required (type=value_error.missing)
E           databricks_http_path
E             field required (type=value_error.missing)

.venv/gx_dev/lib/python3.11/site-packages/pydantic/v1/main.py:341: ValidationError</error></testcase><testcase classname="tests.integration.data_sources_and_expectations.expectations.test_expect_table_row_count_to_be_between" name="test_golden_path[databricks]" time="0.004"><error message="failed on setup with &quot;pydantic.v1.error_wrappers.ValidationError: 3 validation errors for DatabricksConnectionConfig&#10;databricks_token&#10;  field required (type=value_error.missing)&#10;databricks_host&#10;  field required (type=value_error.missing)&#10;databricks_http_path&#10;  field required (type=value_error.missing)&quot;">&gt;       lambda: ihook(item=item, **kwds), when=when, reraise=reraise
    )

.venv/gx_dev/lib/python3.11/site-packages/flaky/flaky_pytest_plugin.py:146:
_ _ _ _ _ _ _ _ _ _ _ _ _ _ _ _ _ _ _ _ _ _ _ _ _ _ _ _ _ _ _ _ _ _ _ _ _ _ _ _ _ _ _ _ _ _ _ _ _ _ _ _ _ _ _ _ _ _ _ _ _ _ _ _ _ _ _ _ _ _ _ _ _ _ _ _ _ _ _ _ _ _ _ _ _ _ _ _ _ _ _ _ _ _ _ _ _ _ _ _ _ _ _ _ _ _ _ _ _ _ _ _ _ _
tests/integration/conftest.py:153: in _batch_setup_for_datasource
    batch_setup.setup()
tests/integration/test_utils/data_source_config/sql.py:126: in setup
    engine = create_engine(url=self.connection_string)
tests/integration/test_utils/data_source_config/databricks.py:53: in connection_string
    return self._databrics_connection_config.connection_string(self.schema)
/opt/homebrew/Cellar/python@3.11/3.11.11/Frameworks/Python.framework/Versions/3.11/lib/python3.11/functools.py:1001: in __get__
    val = self.func(instance)
tests/integration/test_utils/data_source_config/databricks.py:70: in _databrics_connection_config
    return DatabricksConnectionConfig()  # type: ignore[call-arg]  # retrieves env vars
.venv/gx_dev/lib/python3.11/site-packages/pydantic/v1/env_settings.py:40: in __init__
    super().__init__(
_ _ _ _ _ _ _ _ _ _ _ _ _ _ _ _ _ _ _ _ _ _ _ _ _ _ _ _ _ _ _ _ _ _ _ _ _ _ _ _ _ _ _ _ _ _ _ _ _ _ _ _ _ _ _ _ _ _ _ _ _ _ _ _ _ _ _ _ _ _ _ _ _ _ _ _ _ _ _ _ _ _ _ _ _ _ _ _ _ _ _ _ _ _ _ _ _ _ _ _ _ _ _ _ _ _ _ _ _ _ _ _ _ _

__pydantic_self__ = DatabricksConnectionConfig(), data = {}, values = {}, fields_set = set()
validation_error = ValidationError(model='DatabricksConnectionConfig', errors=[{'loc': ('databricks_token',), 'msg': 'field required', 't...': 'value_error.missing'}, {'loc': ('databricks_http_path',), 'msg': 'field required', 'type': 'value_error.missing'}])

    def __init__(__pydantic_self__, **data: Any) -&gt; None:
        """
        Create a new model by parsing and validating input data from keyword arguments.

        Raises ValidationError if the input data cannot be parsed to form a valid model.
        """
        # Uses something other than `self` the first arg to allow "self" as a settable attribute
        values, fields_set, validation_error = validate_model(__pydantic_self__.__class__, data)
        if validation_error:
&gt;           raise validation_error
E           pydantic.v1.error_wrappers.ValidationError: 3 validation errors for DatabricksConnectionConfig
E           databricks_token
E             field required (type=value_error.missing)
E           databricks_host
E             field required (type=value_error.missing)
E           databricks_http_path
E             field required (type=value_error.missing)

.venv/gx_dev/lib/python3.11/site-packages/pydantic/v1/main.py:341: ValidationError</error></testcase><testcase classname="tests.integration.data_sources_and_expectations.expectations.test_expect_table_row_count_to_equal" name="test_success[databricks]" time="0.019"><error message="failed on setup with &quot;pydantic.v1.error_wrappers.ValidationError: 3 validation errors for DatabricksConnectionConfig&#10;databricks_token&#10;  field required (type=value_error.missing)&#10;databricks_host&#10;  field required (type=value_error.missing)&#10;databricks_http_path&#10;  field required (type=value_error.missing)&quot;">&gt;       lambda: ihook(item=item, **kwds), when=when, reraise=reraise
    )

.venv/gx_dev/lib/python3.11/site-packages/flaky/flaky_pytest_plugin.py:146:
_ _ _ _ _ _ _ _ _ _ _ _ _ _ _ _ _ _ _ _ _ _ _ _ _ _ _ _ _ _ _ _ _ _ _ _ _ _ _ _ _ _ _ _ _ _ _ _ _ _ _ _ _ _ _ _ _ _ _ _ _ _ _ _ _ _ _ _ _ _ _ _ _ _ _ _ _ _ _ _ _ _ _ _ _ _ _ _ _ _ _ _ _ _ _ _ _ _ _ _ _ _ _ _ _ _ _ _ _ _ _ _ _ _
tests/integration/conftest.py:166: in batch_for_datasource
    yield _batch_setup_for_datasource.make_batch()
tests/integration/test_utils/data_source_config/sql.py:83: in make_batch
    self.make_asset()
tests/integration/test_utils/data_source_config/databricks.py:76: in make_asset
    connection_string=self.connection_string,
tests/integration/test_utils/data_source_config/databricks.py:53: in connection_string
    return self._databrics_connection_config.connection_string(self.schema)
/opt/homebrew/Cellar/python@3.11/3.11.11/Frameworks/Python.framework/Versions/3.11/lib/python3.11/functools.py:1001: in __get__
    val = self.func(instance)
tests/integration/test_utils/data_source_config/databricks.py:70: in _databrics_connection_config
    return DatabricksConnectionConfig()  # type: ignore[call-arg]  # retrieves env vars
.venv/gx_dev/lib/python3.11/site-packages/pydantic/v1/env_settings.py:40: in __init__
    super().__init__(
_ _ _ _ _ _ _ _ _ _ _ _ _ _ _ _ _ _ _ _ _ _ _ _ _ _ _ _ _ _ _ _ _ _ _ _ _ _ _ _ _ _ _ _ _ _ _ _ _ _ _ _ _ _ _ _ _ _ _ _ _ _ _ _ _ _ _ _ _ _ _ _ _ _ _ _ _ _ _ _ _ _ _ _ _ _ _ _ _ _ _ _ _ _ _ _ _ _ _ _ _ _ _ _ _ _ _ _ _ _ _ _ _ _

__pydantic_self__ = DatabricksConnectionConfig(), data = {}, values = {}, fields_set = set()
validation_error = ValidationError(model='DatabricksConnectionConfig', errors=[{'loc': ('databricks_token',), 'msg': 'field required', 't...': 'value_error.missing'}, {'loc': ('databricks_http_path',), 'msg': 'field required', 'type': 'value_error.missing'}])

    def __init__(__pydantic_self__, **data: Any) -&gt; None:
        """
        Create a new model by parsing and validating input data from keyword arguments.

        Raises ValidationError if the input data cannot be parsed to form a valid model.
        """
        # Uses something other than `self` the first arg to allow "self" as a settable attribute
        values, fields_set, validation_error = validate_model(__pydantic_self__.__class__, data)
        if validation_error:
&gt;           raise validation_error
E           pydantic.v1.error_wrappers.ValidationError: 3 validation errors for DatabricksConnectionConfig
E           databricks_token
E             field required (type=value_error.missing)
E           databricks_host
E             field required (type=value_error.missing)
E           databricks_http_path
E             field required (type=value_error.missing)

.venv/gx_dev/lib/python3.11/site-packages/pydantic/v1/main.py:341: ValidationError</error></testcase><testcase classname="tests.integration.data_sources_and_expectations.expectations.test_expect_table_row_count_to_equal_other_table" name="test_success[databricks]" time="0.003"><error message="failed on setup with &quot;pydantic.v1.error_wrappers.ValidationError: 3 validation errors for DatabricksConnectionConfig&#10;databricks_token&#10;  field required (type=value_error.missing)&#10;databricks_host&#10;  field required (type=value_error.missing)&#10;databricks_http_path&#10;  field required (type=value_error.missing)&quot;">&gt;       lambda: ihook(item=item, **kwds), when=when, reraise=reraise
    )

.venv/gx_dev/lib/python3.11/site-packages/flaky/flaky_pytest_plugin.py:146:
_ _ _ _ _ _ _ _ _ _ _ _ _ _ _ _ _ _ _ _ _ _ _ _ _ _ _ _ _ _ _ _ _ _ _ _ _ _ _ _ _ _ _ _ _ _ _ _ _ _ _ _ _ _ _ _ _ _ _ _ _ _ _ _ _ _ _ _ _ _ _ _ _ _ _ _ _ _ _ _ _ _ _ _ _ _ _ _ _ _ _ _ _ _ _ _ _ _ _ _ _ _ _ _ _ _ _ _ _ _ _ _ _ _
tests/integration/conftest.py:153: in _batch_setup_for_datasource
    batch_setup.setup()
tests/integration/test_utils/data_source_config/sql.py:126: in setup
    engine = create_engine(url=self.connection_string)
tests/integration/test_utils/data_source_config/databricks.py:53: in connection_string
    return self._databrics_connection_config.connection_string(self.schema)
/opt/homebrew/Cellar/python@3.11/3.11.11/Frameworks/Python.framework/Versions/3.11/lib/python3.11/functools.py:1001: in __get__
    val = self.func(instance)
tests/integration/test_utils/data_source_config/databricks.py:70: in _databrics_connection_config
    return DatabricksConnectionConfig()  # type: ignore[call-arg]  # retrieves env vars
.venv/gx_dev/lib/python3.11/site-packages/pydantic/v1/env_settings.py:40: in __init__
    super().__init__(
_ _ _ _ _ _ _ _ _ _ _ _ _ _ _ _ _ _ _ _ _ _ _ _ _ _ _ _ _ _ _ _ _ _ _ _ _ _ _ _ _ _ _ _ _ _ _ _ _ _ _ _ _ _ _ _ _ _ _ _ _ _ _ _ _ _ _ _ _ _ _ _ _ _ _ _ _ _ _ _ _ _ _ _ _ _ _ _ _ _ _ _ _ _ _ _ _ _ _ _ _ _ _ _ _ _ _ _ _ _ _ _ _ _

__pydantic_self__ = DatabricksConnectionConfig(), data = {}, values = {}, fields_set = set()
validation_error = ValidationError(model='DatabricksConnectionConfig', errors=[{'loc': ('databricks_token',), 'msg': 'field required', 't...': 'value_error.missing'}, {'loc': ('databricks_http_path',), 'msg': 'field required', 'type': 'value_error.missing'}])

    def __init__(__pydantic_self__, **data: Any) -&gt; None:
        """
        Create a new model by parsing and validating input data from keyword arguments.

        Raises ValidationError if the input data cannot be parsed to form a valid model.
        """
        # Uses something other than `self` the first arg to allow "self" as a settable attribute
        values, fields_set, validation_error = validate_model(__pydantic_self__.__class__, data)
        if validation_error:
&gt;           raise validation_error
E           pydantic.v1.error_wrappers.ValidationError: 3 validation errors for DatabricksConnectionConfig
E           databricks_token
E             field required (type=value_error.missing)
E           databricks_host
E             field required (type=value_error.missing)
E           databricks_http_path
E             field required (type=value_error.missing)

.venv/gx_dev/lib/python3.11/site-packages/pydantic/v1/main.py:341: ValidationError</error></testcase><testcase classname="tests.integration.data_sources_and_expectations.expectations.test_expect_table_row_count_to_equal_other_table" name="test_different_counts[databricks]" time="0.003"><error message="failed on setup with &quot;pydantic.v1.error_wrappers.ValidationError: 3 validation errors for DatabricksConnectionConfig&#10;databricks_token&#10;  field required (type=value_error.missing)&#10;databricks_host&#10;  field required (type=value_error.missing)&#10;databricks_http_path&#10;  field required (type=value_error.missing)&quot;">&gt;       lambda: ihook(item=item, **kwds), when=when, reraise=reraise
    )

.venv/gx_dev/lib/python3.11/site-packages/flaky/flaky_pytest_plugin.py:146:
_ _ _ _ _ _ _ _ _ _ _ _ _ _ _ _ _ _ _ _ _ _ _ _ _ _ _ _ _ _ _ _ _ _ _ _ _ _ _ _ _ _ _ _ _ _ _ _ _ _ _ _ _ _ _ _ _ _ _ _ _ _ _ _ _ _ _ _ _ _ _ _ _ _ _ _ _ _ _ _ _ _ _ _ _ _ _ _ _ _ _ _ _ _ _ _ _ _ _ _ _ _ _ _ _ _ _ _ _ _ _ _ _ _
tests/integration/conftest.py:153: in _batch_setup_for_datasource
    batch_setup.setup()
tests/integration/test_utils/data_source_config/sql.py:126: in setup
    engine = create_engine(url=self.connection_string)
tests/integration/test_utils/data_source_config/databricks.py:53: in connection_string
    return self._databrics_connection_config.connection_string(self.schema)
/opt/homebrew/Cellar/python@3.11/3.11.11/Frameworks/Python.framework/Versions/3.11/lib/python3.11/functools.py:1001: in __get__
    val = self.func(instance)
tests/integration/test_utils/data_source_config/databricks.py:70: in _databrics_connection_config
    return DatabricksConnectionConfig()  # type: ignore[call-arg]  # retrieves env vars
.venv/gx_dev/lib/python3.11/site-packages/pydantic/v1/env_settings.py:40: in __init__
    super().__init__(
_ _ _ _ _ _ _ _ _ _ _ _ _ _ _ _ _ _ _ _ _ _ _ _ _ _ _ _ _ _ _ _ _ _ _ _ _ _ _ _ _ _ _ _ _ _ _ _ _ _ _ _ _ _ _ _ _ _ _ _ _ _ _ _ _ _ _ _ _ _ _ _ _ _ _ _ _ _ _ _ _ _ _ _ _ _ _ _ _ _ _ _ _ _ _ _ _ _ _ _ _ _ _ _ _ _ _ _ _ _ _ _ _ _

__pydantic_self__ = DatabricksConnectionConfig(), data = {}, values = {}, fields_set = set()
validation_error = ValidationError(model='DatabricksConnectionConfig', errors=[{'loc': ('databricks_token',), 'msg': 'field required', 't...': 'value_error.missing'}, {'loc': ('databricks_http_path',), 'msg': 'field required', 'type': 'value_error.missing'}])

    def __init__(__pydantic_self__, **data: Any) -&gt; None:
        """
        Create a new model by parsing and validating input data from keyword arguments.

        Raises ValidationError if the input data cannot be parsed to form a valid model.
        """
        # Uses something other than `self` the first arg to allow "self" as a settable attribute
        values, fields_set, validation_error = validate_model(__pydantic_self__.__class__, data)
        if validation_error:
&gt;           raise validation_error
E           pydantic.v1.error_wrappers.ValidationError: 3 validation errors for DatabricksConnectionConfig
E           databricks_token
E             field required (type=value_error.missing)
E           databricks_host
E             field required (type=value_error.missing)
E           databricks_http_path
E             field required (type=value_error.missing)

.venv/gx_dev/lib/python3.11/site-packages/pydantic/v1/main.py:341: ValidationError</error></testcase><testcase classname="tests.integration.data_sources_and_expectations.expectations.test_expect_table_row_count_to_equal_other_table" name="test_missing_table[databricks]" time="0.002"><error message="failed on setup with &quot;pydantic.v1.error_wrappers.ValidationError: 3 validation errors for DatabricksConnectionConfig&#10;databricks_token&#10;  field required (type=value_error.missing)&#10;databricks_host&#10;  field required (type=value_error.missing)&#10;databricks_http_path&#10;  field required (type=value_error.missing)&quot;">&gt;       lambda: ihook(item=item, **kwds), when=when, reraise=reraise
    )

.venv/gx_dev/lib/python3.11/site-packages/flaky/flaky_pytest_plugin.py:146:
_ _ _ _ _ _ _ _ _ _ _ _ _ _ _ _ _ _ _ _ _ _ _ _ _ _ _ _ _ _ _ _ _ _ _ _ _ _ _ _ _ _ _ _ _ _ _ _ _ _ _ _ _ _ _ _ _ _ _ _ _ _ _ _ _ _ _ _ _ _ _ _ _ _ _ _ _ _ _ _ _ _ _ _ _ _ _ _ _ _ _ _ _ _ _ _ _ _ _ _ _ _ _ _ _ _ _ _ _ _ _ _ _ _
tests/integration/conftest.py:153: in _batch_setup_for_datasource
    batch_setup.setup()
tests/integration/test_utils/data_source_config/sql.py:126: in setup
    engine = create_engine(url=self.connection_string)
tests/integration/test_utils/data_source_config/databricks.py:53: in connection_string
    return self._databrics_connection_config.connection_string(self.schema)
/opt/homebrew/Cellar/python@3.11/3.11.11/Frameworks/Python.framework/Versions/3.11/lib/python3.11/functools.py:1001: in __get__
    val = self.func(instance)
tests/integration/test_utils/data_source_config/databricks.py:70: in _databrics_connection_config
    return DatabricksConnectionConfig()  # type: ignore[call-arg]  # retrieves env vars
.venv/gx_dev/lib/python3.11/site-packages/pydantic/v1/env_settings.py:40: in __init__
    super().__init__(
_ _ _ _ _ _ _ _ _ _ _ _ _ _ _ _ _ _ _ _ _ _ _ _ _ _ _ _ _ _ _ _ _ _ _ _ _ _ _ _ _ _ _ _ _ _ _ _ _ _ _ _ _ _ _ _ _ _ _ _ _ _ _ _ _ _ _ _ _ _ _ _ _ _ _ _ _ _ _ _ _ _ _ _ _ _ _ _ _ _ _ _ _ _ _ _ _ _ _ _ _ _ _ _ _ _ _ _ _ _ _ _ _ _

__pydantic_self__ = DatabricksConnectionConfig(), data = {}, values = {}, fields_set = set()
validation_error = ValidationError(model='DatabricksConnectionConfig', errors=[{'loc': ('databricks_token',), 'msg': 'field required', 't...': 'value_error.missing'}, {'loc': ('databricks_http_path',), 'msg': 'field required', 'type': 'value_error.missing'}])

    def __init__(__pydantic_self__, **data: Any) -&gt; None:
        """
        Create a new model by parsing and validating input data from keyword arguments.

        Raises ValidationError if the input data cannot be parsed to form a valid model.
        """
        # Uses something other than `self` the first arg to allow "self" as a settable attribute
        values, fields_set, validation_error = validate_model(__pydantic_self__.__class__, data)
        if validation_error:
&gt;           raise validation_error
E           pydantic.v1.error_wrappers.ValidationError: 3 validation errors for DatabricksConnectionConfig
E           databricks_token
E             field required (type=value_error.missing)
E           databricks_host
E             field required (type=value_error.missing)
E           databricks_http_path
E             field required (type=value_error.missing)

.venv/gx_dev/lib/python3.11/site-packages/pydantic/v1/main.py:341: ValidationError</error></testcase><testcase classname="tests.integration.data_sources_and_expectations.expectations.test_unexpected_rows_expectation" name="test_unexpected_rows_expectation_batch_keyword_success[SELECT * FROM {batch} WHERE quantity &gt; 2-databricks]" time="0.003"><error message="failed on setup with &quot;pydantic.v1.error_wrappers.ValidationError: 3 validation errors for DatabricksConnectionConfig&#10;databricks_token&#10;  field required (type=value_error.missing)&#10;databricks_host&#10;  field required (type=value_error.missing)&#10;databricks_http_path&#10;  field required (type=value_error.missing)&quot;">&gt;       lambda: ihook(item=item, **kwds), when=when, reraise=reraise
    )

.venv/gx_dev/lib/python3.11/site-packages/flaky/flaky_pytest_plugin.py:146:
_ _ _ _ _ _ _ _ _ _ _ _ _ _ _ _ _ _ _ _ _ _ _ _ _ _ _ _ _ _ _ _ _ _ _ _ _ _ _ _ _ _ _ _ _ _ _ _ _ _ _ _ _ _ _ _ _ _ _ _ _ _ _ _ _ _ _ _ _ _ _ _ _ _ _ _ _ _ _ _ _ _ _ _ _ _ _ _ _ _ _ _ _ _ _ _ _ _ _ _ _ _ _ _ _ _ _ _ _ _ _ _ _ _
tests/integration/conftest.py:153: in _batch_setup_for_datasource
    batch_setup.setup()
tests/integration/test_utils/data_source_config/sql.py:126: in setup
    engine = create_engine(url=self.connection_string)
tests/integration/test_utils/data_source_config/databricks.py:53: in connection_string
    return self._databrics_connection_config.connection_string(self.schema)
/opt/homebrew/Cellar/python@3.11/3.11.11/Frameworks/Python.framework/Versions/3.11/lib/python3.11/functools.py:1001: in __get__
    val = self.func(instance)
tests/integration/test_utils/data_source_config/databricks.py:70: in _databrics_connection_config
    return DatabricksConnectionConfig()  # type: ignore[call-arg]  # retrieves env vars
.venv/gx_dev/lib/python3.11/site-packages/pydantic/v1/env_settings.py:40: in __init__
    super().__init__(
_ _ _ _ _ _ _ _ _ _ _ _ _ _ _ _ _ _ _ _ _ _ _ _ _ _ _ _ _ _ _ _ _ _ _ _ _ _ _ _ _ _ _ _ _ _ _ _ _ _ _ _ _ _ _ _ _ _ _ _ _ _ _ _ _ _ _ _ _ _ _ _ _ _ _ _ _ _ _ _ _ _ _ _ _ _ _ _ _ _ _ _ _ _ _ _ _ _ _ _ _ _ _ _ _ _ _ _ _ _ _ _ _ _

__pydantic_self__ = DatabricksConnectionConfig(), data = {}, values = {}, fields_set = set()
validation_error = ValidationError(model='DatabricksConnectionConfig', errors=[{'loc': ('databricks_token',), 'msg': 'field required', 't...': 'value_error.missing'}, {'loc': ('databricks_http_path',), 'msg': 'field required', 'type': 'value_error.missing'}])

    def __init__(__pydantic_self__, **data: Any) -&gt; None:
        """
        Create a new model by parsing and validating input data from keyword arguments.

        Raises ValidationError if the input data cannot be parsed to form a valid model.
        """
        # Uses something other than `self` the first arg to allow "self" as a settable attribute
        values, fields_set, validation_error = validate_model(__pydantic_self__.__class__, data)
        if validation_error:
&gt;           raise validation_error
E           pydantic.v1.error_wrappers.ValidationError: 3 validation errors for DatabricksConnectionConfig
E           databricks_token
E             field required (type=value_error.missing)
E           databricks_host
E             field required (type=value_error.missing)
E           databricks_http_path
E             field required (type=value_error.missing)

.venv/gx_dev/lib/python3.11/site-packages/pydantic/v1/main.py:341: ValidationError</error></testcase><testcase classname="tests.integration.data_sources_and_expectations.expectations.test_unexpected_rows_expectation" name="test_unexpected_rows_expectation_batch_keyword_success[SELECT * FROM {batch} WHERE quantity &gt; 2 AND temperature &gt; 91-databricks]" time="0.010"><error message="failed on setup with &quot;pydantic.v1.error_wrappers.ValidationError: 3 validation errors for DatabricksConnectionConfig&#10;databricks_token&#10;  field required (type=value_error.missing)&#10;databricks_host&#10;  field required (type=value_error.missing)&#10;databricks_http_path&#10;  field required (type=value_error.missing)&quot;">&gt;       lambda: ihook(item=item, **kwds), when=when, reraise=reraise
    )

.venv/gx_dev/lib/python3.11/site-packages/flaky/flaky_pytest_plugin.py:146:
_ _ _ _ _ _ _ _ _ _ _ _ _ _ _ _ _ _ _ _ _ _ _ _ _ _ _ _ _ _ _ _ _ _ _ _ _ _ _ _ _ _ _ _ _ _ _ _ _ _ _ _ _ _ _ _ _ _ _ _ _ _ _ _ _ _ _ _ _ _ _ _ _ _ _ _ _ _ _ _ _ _ _ _ _ _ _ _ _ _ _ _ _ _ _ _ _ _ _ _ _ _ _ _ _ _ _ _ _ _ _ _ _ _
tests/integration/conftest.py:166: in batch_for_datasource
    yield _batch_setup_for_datasource.make_batch()
tests/integration/test_utils/data_source_config/sql.py:83: in make_batch
    self.make_asset()
tests/integration/test_utils/data_source_config/databricks.py:76: in make_asset
    connection_string=self.connection_string,
tests/integration/test_utils/data_source_config/databricks.py:53: in connection_string
    return self._databrics_connection_config.connection_string(self.schema)
/opt/homebrew/Cellar/python@3.11/3.11.11/Frameworks/Python.framework/Versions/3.11/lib/python3.11/functools.py:1001: in __get__
    val = self.func(instance)
tests/integration/test_utils/data_source_config/databricks.py:70: in _databrics_connection_config
    return DatabricksConnectionConfig()  # type: ignore[call-arg]  # retrieves env vars
.venv/gx_dev/lib/python3.11/site-packages/pydantic/v1/env_settings.py:40: in __init__
    super().__init__(
_ _ _ _ _ _ _ _ _ _ _ _ _ _ _ _ _ _ _ _ _ _ _ _ _ _ _ _ _ _ _ _ _ _ _ _ _ _ _ _ _ _ _ _ _ _ _ _ _ _ _ _ _ _ _ _ _ _ _ _ _ _ _ _ _ _ _ _ _ _ _ _ _ _ _ _ _ _ _ _ _ _ _ _ _ _ _ _ _ _ _ _ _ _ _ _ _ _ _ _ _ _ _ _ _ _ _ _ _ _ _ _ _ _

__pydantic_self__ = DatabricksConnectionConfig(), data = {}, values = {}, fields_set = set()
validation_error = ValidationError(model='DatabricksConnectionConfig', errors=[{'loc': ('databricks_token',), 'msg': 'field required', 't...': 'value_error.missing'}, {'loc': ('databricks_http_path',), 'msg': 'field required', 'type': 'value_error.missing'}])

    def __init__(__pydantic_self__, **data: Any) -&gt; None:
        """
        Create a new model by parsing and validating input data from keyword arguments.

        Raises ValidationError if the input data cannot be parsed to form a valid model.
        """
        # Uses something other than `self` the first arg to allow "self" as a settable attribute
        values, fields_set, validation_error = validate_model(__pydantic_self__.__class__, data)
        if validation_error:
&gt;           raise validation_error
E           pydantic.v1.error_wrappers.ValidationError: 3 validation errors for DatabricksConnectionConfig
E           databricks_token
E             field required (type=value_error.missing)
E           databricks_host
E             field required (type=value_error.missing)
E           databricks_http_path
E             field required (type=value_error.missing)

.venv/gx_dev/lib/python3.11/site-packages/pydantic/v1/main.py:341: ValidationError</error></testcase><testcase classname="tests.integration.data_sources_and_expectations.expectations.test_unexpected_rows_expectation" name="test_unexpected_rows_expectation_batch_keyword_success[SELECT * FROM {batch} WHERE quantity &gt; 2 OR temperature &gt; 92-databricks]" time="0.003"><error message="failed on setup with &quot;pydantic.v1.error_wrappers.ValidationError: 3 validation errors for DatabricksConnectionConfig&#10;databricks_token&#10;  field required (type=value_error.missing)&#10;databricks_host&#10;  field required (type=value_error.missing)&#10;databricks_http_path&#10;  field required (type=value_error.missing)&quot;">&gt;       lambda: ihook(item=item, **kwds), when=when, reraise=reraise
    )

.venv/gx_dev/lib/python3.11/site-packages/flaky/flaky_pytest_plugin.py:146:
_ _ _ _ _ _ _ _ _ _ _ _ _ _ _ _ _ _ _ _ _ _ _ _ _ _ _ _ _ _ _ _ _ _ _ _ _ _ _ _ _ _ _ _ _ _ _ _ _ _ _ _ _ _ _ _ _ _ _ _ _ _ _ _ _ _ _ _ _ _ _ _ _ _ _ _ _ _ _ _ _ _ _ _ _ _ _ _ _ _ _ _ _ _ _ _ _ _ _ _ _ _ _ _ _ _ _ _ _ _ _ _ _ _
tests/integration/conftest.py:166: in batch_for_datasource
    yield _batch_setup_for_datasource.make_batch()
tests/integration/test_utils/data_source_config/sql.py:83: in make_batch
    self.make_asset()
tests/integration/test_utils/data_source_config/databricks.py:76: in make_asset
    connection_string=self.connection_string,
tests/integration/test_utils/data_source_config/databricks.py:53: in connection_string
    return self._databrics_connection_config.connection_string(self.schema)
/opt/homebrew/Cellar/python@3.11/3.11.11/Frameworks/Python.framework/Versions/3.11/lib/python3.11/functools.py:1001: in __get__
    val = self.func(instance)
tests/integration/test_utils/data_source_config/databricks.py:70: in _databrics_connection_config
    return DatabricksConnectionConfig()  # type: ignore[call-arg]  # retrieves env vars
.venv/gx_dev/lib/python3.11/site-packages/pydantic/v1/env_settings.py:40: in __init__
    super().__init__(
_ _ _ _ _ _ _ _ _ _ _ _ _ _ _ _ _ _ _ _ _ _ _ _ _ _ _ _ _ _ _ _ _ _ _ _ _ _ _ _ _ _ _ _ _ _ _ _ _ _ _ _ _ _ _ _ _ _ _ _ _ _ _ _ _ _ _ _ _ _ _ _ _ _ _ _ _ _ _ _ _ _ _ _ _ _ _ _ _ _ _ _ _ _ _ _ _ _ _ _ _ _ _ _ _ _ _ _ _ _ _ _ _ _

__pydantic_self__ = DatabricksConnectionConfig(), data = {}, values = {}, fields_set = set()
validation_error = ValidationError(model='DatabricksConnectionConfig', errors=[{'loc': ('databricks_token',), 'msg': 'field required', 't...': 'value_error.missing'}, {'loc': ('databricks_http_path',), 'msg': 'field required', 'type': 'value_error.missing'}])

    def __init__(__pydantic_self__, **data: Any) -&gt; None:
        """
        Create a new model by parsing and validating input data from keyword arguments.

        Raises ValidationError if the input data cannot be parsed to form a valid model.
        """
        # Uses something other than `self` the first arg to allow "self" as a settable attribute
        values, fields_set, validation_error = validate_model(__pydantic_self__.__class__, data)
        if validation_error:
&gt;           raise validation_error
E           pydantic.v1.error_wrappers.ValidationError: 3 validation errors for DatabricksConnectionConfig
E           databricks_token
E             field required (type=value_error.missing)
E           databricks_host
E             field required (type=value_error.missing)
E           databricks_http_path
E             field required (type=value_error.missing)

.venv/gx_dev/lib/python3.11/site-packages/pydantic/v1/main.py:341: ValidationError</error></testcase><testcase classname="tests.integration.data_sources_and_expectations.expectations.test_unexpected_rows_expectation" name="test_unexpected_rows_expectation_batch_keyword_success[SELECT * FROM {batch} WHERE quantity &gt; 2 ORDER BY quantity DESC-databricks]" time="0.003"><error message="failed on setup with &quot;pydantic.v1.error_wrappers.ValidationError: 3 validation errors for DatabricksConnectionConfig&#10;databricks_token&#10;  field required (type=value_error.missing)&#10;databricks_host&#10;  field required (type=value_error.missing)&#10;databricks_http_path&#10;  field required (type=value_error.missing)&quot;">&gt;       lambda: ihook(item=item, **kwds), when=when, reraise=reraise
    )

.venv/gx_dev/lib/python3.11/site-packages/flaky/flaky_pytest_plugin.py:146:
_ _ _ _ _ _ _ _ _ _ _ _ _ _ _ _ _ _ _ _ _ _ _ _ _ _ _ _ _ _ _ _ _ _ _ _ _ _ _ _ _ _ _ _ _ _ _ _ _ _ _ _ _ _ _ _ _ _ _ _ _ _ _ _ _ _ _ _ _ _ _ _ _ _ _ _ _ _ _ _ _ _ _ _ _ _ _ _ _ _ _ _ _ _ _ _ _ _ _ _ _ _ _ _ _ _ _ _ _ _ _ _ _ _
tests/integration/conftest.py:166: in batch_for_datasource
    yield _batch_setup_for_datasource.make_batch()
tests/integration/test_utils/data_source_config/sql.py:83: in make_batch
    self.make_asset()
tests/integration/test_utils/data_source_config/databricks.py:76: in make_asset
    connection_string=self.connection_string,
tests/integration/test_utils/data_source_config/databricks.py:53: in connection_string
    return self._databrics_connection_config.connection_string(self.schema)
/opt/homebrew/Cellar/python@3.11/3.11.11/Frameworks/Python.framework/Versions/3.11/lib/python3.11/functools.py:1001: in __get__
    val = self.func(instance)
tests/integration/test_utils/data_source_config/databricks.py:70: in _databrics_connection_config
    return DatabricksConnectionConfig()  # type: ignore[call-arg]  # retrieves env vars
.venv/gx_dev/lib/python3.11/site-packages/pydantic/v1/env_settings.py:40: in __init__
    super().__init__(
_ _ _ _ _ _ _ _ _ _ _ _ _ _ _ _ _ _ _ _ _ _ _ _ _ _ _ _ _ _ _ _ _ _ _ _ _ _ _ _ _ _ _ _ _ _ _ _ _ _ _ _ _ _ _ _ _ _ _ _ _ _ _ _ _ _ _ _ _ _ _ _ _ _ _ _ _ _ _ _ _ _ _ _ _ _ _ _ _ _ _ _ _ _ _ _ _ _ _ _ _ _ _ _ _ _ _ _ _ _ _ _ _ _

__pydantic_self__ = DatabricksConnectionConfig(), data = {}, values = {}, fields_set = set()
validation_error = ValidationError(model='DatabricksConnectionConfig', errors=[{'loc': ('databricks_token',), 'msg': 'field required', 't...': 'value_error.missing'}, {'loc': ('databricks_http_path',), 'msg': 'field required', 'type': 'value_error.missing'}])

    def __init__(__pydantic_self__, **data: Any) -&gt; None:
        """
        Create a new model by parsing and validating input data from keyword arguments.

        Raises ValidationError if the input data cannot be parsed to form a valid model.
        """
        # Uses something other than `self` the first arg to allow "self" as a settable attribute
        values, fields_set, validation_error = validate_model(__pydantic_self__.__class__, data)
        if validation_error:
&gt;           raise validation_error
E           pydantic.v1.error_wrappers.ValidationError: 3 validation errors for DatabricksConnectionConfig
E           databricks_token
E             field required (type=value_error.missing)
E           databricks_host
E             field required (type=value_error.missing)
E           databricks_http_path
E             field required (type=value_error.missing)

.venv/gx_dev/lib/python3.11/site-packages/pydantic/v1/main.py:341: ValidationError</error></testcase><testcase classname="tests.integration.data_sources_and_expectations.expectations.test_unexpected_rows_expectation" name="test_unexpected_rows_expectation_batch_keyword_success[SELECT color FROM {batch} GROUP BY color HAVING SUM(quantity) &gt; 3-databricks]" time="0.003"><error message="failed on setup with &quot;pydantic.v1.error_wrappers.ValidationError: 3 validation errors for DatabricksConnectionConfig&#10;databricks_token&#10;  field required (type=value_error.missing)&#10;databricks_host&#10;  field required (type=value_error.missing)&#10;databricks_http_path&#10;  field required (type=value_error.missing)&quot;">&gt;       lambda: ihook(item=item, **kwds), when=when, reraise=reraise
    )

.venv/gx_dev/lib/python3.11/site-packages/flaky/flaky_pytest_plugin.py:146:
_ _ _ _ _ _ _ _ _ _ _ _ _ _ _ _ _ _ _ _ _ _ _ _ _ _ _ _ _ _ _ _ _ _ _ _ _ _ _ _ _ _ _ _ _ _ _ _ _ _ _ _ _ _ _ _ _ _ _ _ _ _ _ _ _ _ _ _ _ _ _ _ _ _ _ _ _ _ _ _ _ _ _ _ _ _ _ _ _ _ _ _ _ _ _ _ _ _ _ _ _ _ _ _ _ _ _ _ _ _ _ _ _ _
tests/integration/conftest.py:166: in batch_for_datasource
    yield _batch_setup_for_datasource.make_batch()
tests/integration/test_utils/data_source_config/sql.py:83: in make_batch
    self.make_asset()
tests/integration/test_utils/data_source_config/databricks.py:76: in make_asset
    connection_string=self.connection_string,
tests/integration/test_utils/data_source_config/databricks.py:53: in connection_string
    return self._databrics_connection_config.connection_string(self.schema)
/opt/homebrew/Cellar/python@3.11/3.11.11/Frameworks/Python.framework/Versions/3.11/lib/python3.11/functools.py:1001: in __get__
    val = self.func(instance)
tests/integration/test_utils/data_source_config/databricks.py:70: in _databrics_connection_config
    return DatabricksConnectionConfig()  # type: ignore[call-arg]  # retrieves env vars
.venv/gx_dev/lib/python3.11/site-packages/pydantic/v1/env_settings.py:40: in __init__
    super().__init__(
_ _ _ _ _ _ _ _ _ _ _ _ _ _ _ _ _ _ _ _ _ _ _ _ _ _ _ _ _ _ _ _ _ _ _ _ _ _ _ _ _ _ _ _ _ _ _ _ _ _ _ _ _ _ _ _ _ _ _ _ _ _ _ _ _ _ _ _ _ _ _ _ _ _ _ _ _ _ _ _ _ _ _ _ _ _ _ _ _ _ _ _ _ _ _ _ _ _ _ _ _ _ _ _ _ _ _ _ _ _ _ _ _ _

__pydantic_self__ = DatabricksConnectionConfig(), data = {}, values = {}, fields_set = set()
validation_error = ValidationError(model='DatabricksConnectionConfig', errors=[{'loc': ('databricks_token',), 'msg': 'field required', 't...': 'value_error.missing'}, {'loc': ('databricks_http_path',), 'msg': 'field required', 'type': 'value_error.missing'}])

    def __init__(__pydantic_self__, **data: Any) -&gt; None:
        """
        Create a new model by parsing and validating input data from keyword arguments.

        Raises ValidationError if the input data cannot be parsed to form a valid model.
        """
        # Uses something other than `self` the first arg to allow "self" as a settable attribute
        values, fields_set, validation_error = validate_model(__pydantic_self__.__class__, data)
        if validation_error:
&gt;           raise validation_error
E           pydantic.v1.error_wrappers.ValidationError: 3 validation errors for DatabricksConnectionConfig
E           databricks_token
E             field required (type=value_error.missing)
E           databricks_host
E             field required (type=value_error.missing)
E           databricks_http_path
E             field required (type=value_error.missing)

.venv/gx_dev/lib/python3.11/site-packages/pydantic/v1/main.py:341: ValidationError</error></testcase><testcase classname="tests.integration.data_sources_and_expectations.expectations.test_unexpected_rows_expectation" name="test_unexpected_rows_expectation_join_keyword_success[databricks]" time="0.003"><error message="failed on setup with &quot;pydantic.v1.error_wrappers.ValidationError: 3 validation errors for DatabricksConnectionConfig&#10;databricks_token&#10;  field required (type=value_error.missing)&#10;databricks_host&#10;  field required (type=value_error.missing)&#10;databricks_http_path&#10;  field required (type=value_error.missing)&quot;">&gt;       lambda: ihook(item=item, **kwds), when=when, reraise=reraise
    )

.venv/gx_dev/lib/python3.11/site-packages/flaky/flaky_pytest_plugin.py:146:
_ _ _ _ _ _ _ _ _ _ _ _ _ _ _ _ _ _ _ _ _ _ _ _ _ _ _ _ _ _ _ _ _ _ _ _ _ _ _ _ _ _ _ _ _ _ _ _ _ _ _ _ _ _ _ _ _ _ _ _ _ _ _ _ _ _ _ _ _ _ _ _ _ _ _ _ _ _ _ _ _ _ _ _ _ _ _ _ _ _ _ _ _ _ _ _ _ _ _ _ _ _ _ _ _ _ _ _ _ _ _ _ _ _
tests/integration/conftest.py:153: in _batch_setup_for_datasource
    batch_setup.setup()
tests/integration/test_utils/data_source_config/sql.py:126: in setup
    engine = create_engine(url=self.connection_string)
tests/integration/test_utils/data_source_config/databricks.py:53: in connection_string
    return self._databrics_connection_config.connection_string(self.schema)
/opt/homebrew/Cellar/python@3.11/3.11.11/Frameworks/Python.framework/Versions/3.11/lib/python3.11/functools.py:1001: in __get__
    val = self.func(instance)
tests/integration/test_utils/data_source_config/databricks.py:70: in _databrics_connection_config
    return DatabricksConnectionConfig()  # type: ignore[call-arg]  # retrieves env vars
.venv/gx_dev/lib/python3.11/site-packages/pydantic/v1/env_settings.py:40: in __init__
    super().__init__(
_ _ _ _ _ _ _ _ _ _ _ _ _ _ _ _ _ _ _ _ _ _ _ _ _ _ _ _ _ _ _ _ _ _ _ _ _ _ _ _ _ _ _ _ _ _ _ _ _ _ _ _ _ _ _ _ _ _ _ _ _ _ _ _ _ _ _ _ _ _ _ _ _ _ _ _ _ _ _ _ _ _ _ _ _ _ _ _ _ _ _ _ _ _ _ _ _ _ _ _ _ _ _ _ _ _ _ _ _ _ _ _ _ _

__pydantic_self__ = DatabricksConnectionConfig(), data = {}, values = {}, fields_set = set()
validation_error = ValidationError(model='DatabricksConnectionConfig', errors=[{'loc': ('databricks_token',), 'msg': 'field required', 't...': 'value_error.missing'}, {'loc': ('databricks_http_path',), 'msg': 'field required', 'type': 'value_error.missing'}])

    def __init__(__pydantic_self__, **data: Any) -&gt; None:
        """
        Create a new model by parsing and validating input data from keyword arguments.

        Raises ValidationError if the input data cannot be parsed to form a valid model.
        """
        # Uses something other than `self` the first arg to allow "self" as a settable attribute
        values, fields_set, validation_error = validate_model(__pydantic_self__.__class__, data)
        if validation_error:
&gt;           raise validation_error
E           pydantic.v1.error_wrappers.ValidationError: 3 validation errors for DatabricksConnectionConfig
E           databricks_token
E             field required (type=value_error.missing)
E           databricks_host
E             field required (type=value_error.missing)
E           databricks_http_path
E             field required (type=value_error.missing)

.venv/gx_dev/lib/python3.11/site-packages/pydantic/v1/main.py:341: ValidationError</error></testcase><testcase classname="tests.integration.data_sources_and_expectations.expectations.test_unexpected_rows_expectation" name="test_unexpected_rows_expectation_batch_keyword_failure[SELECT * FROM {batch}-databricks]" time="0.005"><error message="failed on setup with &quot;pydantic.v1.error_wrappers.ValidationError: 3 validation errors for DatabricksConnectionConfig&#10;databricks_token&#10;  field required (type=value_error.missing)&#10;databricks_host&#10;  field required (type=value_error.missing)&#10;databricks_http_path&#10;  field required (type=value_error.missing)&quot;">&gt;       lambda: ihook(item=item, **kwds), when=when, reraise=reraise
    )

.venv/gx_dev/lib/python3.11/site-packages/flaky/flaky_pytest_plugin.py:146:
_ _ _ _ _ _ _ _ _ _ _ _ _ _ _ _ _ _ _ _ _ _ _ _ _ _ _ _ _ _ _ _ _ _ _ _ _ _ _ _ _ _ _ _ _ _ _ _ _ _ _ _ _ _ _ _ _ _ _ _ _ _ _ _ _ _ _ _ _ _ _ _ _ _ _ _ _ _ _ _ _ _ _ _ _ _ _ _ _ _ _ _ _ _ _ _ _ _ _ _ _ _ _ _ _ _ _ _ _ _ _ _ _ _
tests/integration/conftest.py:166: in batch_for_datasource
    yield _batch_setup_for_datasource.make_batch()
tests/integration/test_utils/data_source_config/sql.py:83: in make_batch
    self.make_asset()
tests/integration/test_utils/data_source_config/databricks.py:76: in make_asset
    connection_string=self.connection_string,
tests/integration/test_utils/data_source_config/databricks.py:53: in connection_string
    return self._databrics_connection_config.connection_string(self.schema)
/opt/homebrew/Cellar/python@3.11/3.11.11/Frameworks/Python.framework/Versions/3.11/lib/python3.11/functools.py:1001: in __get__
    val = self.func(instance)
tests/integration/test_utils/data_source_config/databricks.py:70: in _databrics_connection_config
    return DatabricksConnectionConfig()  # type: ignore[call-arg]  # retrieves env vars
.venv/gx_dev/lib/python3.11/site-packages/pydantic/v1/env_settings.py:40: in __init__
    super().__init__(
_ _ _ _ _ _ _ _ _ _ _ _ _ _ _ _ _ _ _ _ _ _ _ _ _ _ _ _ _ _ _ _ _ _ _ _ _ _ _ _ _ _ _ _ _ _ _ _ _ _ _ _ _ _ _ _ _ _ _ _ _ _ _ _ _ _ _ _ _ _ _ _ _ _ _ _ _ _ _ _ _ _ _ _ _ _ _ _ _ _ _ _ _ _ _ _ _ _ _ _ _ _ _ _ _ _ _ _ _ _ _ _ _ _

__pydantic_self__ = DatabricksConnectionConfig(), data = {}, values = {}, fields_set = set()
validation_error = ValidationError(model='DatabricksConnectionConfig', errors=[{'loc': ('databricks_token',), 'msg': 'field required', 't...': 'value_error.missing'}, {'loc': ('databricks_http_path',), 'msg': 'field required', 'type': 'value_error.missing'}])

    def __init__(__pydantic_self__, **data: Any) -&gt; None:
        """
        Create a new model by parsing and validating input data from keyword arguments.

        Raises ValidationError if the input data cannot be parsed to form a valid model.
        """
        # Uses something other than `self` the first arg to allow "self" as a settable attribute
        values, fields_set, validation_error = validate_model(__pydantic_self__.__class__, data)
        if validation_error:
&gt;           raise validation_error
E           pydantic.v1.error_wrappers.ValidationError: 3 validation errors for DatabricksConnectionConfig
E           databricks_token
E             field required (type=value_error.missing)
E           databricks_host
E             field required (type=value_error.missing)
E           databricks_http_path
E             field required (type=value_error.missing)

.venv/gx_dev/lib/python3.11/site-packages/pydantic/v1/main.py:341: ValidationError</error></testcase><testcase classname="tests.integration.data_sources_and_expectations.expectations.test_unexpected_rows_expectation" name="test_unexpected_rows_expectation_batch_keyword_failure[SELECT * FROM {batch} WHERE quantity &gt; 0-databricks]" time="0.003"><error message="failed on setup with &quot;pydantic.v1.error_wrappers.ValidationError: 3 validation errors for DatabricksConnectionConfig&#10;databricks_token&#10;  field required (type=value_error.missing)&#10;databricks_host&#10;  field required (type=value_error.missing)&#10;databricks_http_path&#10;  field required (type=value_error.missing)&quot;">&gt;       lambda: ihook(item=item, **kwds), when=when, reraise=reraise
    )

.venv/gx_dev/lib/python3.11/site-packages/flaky/flaky_pytest_plugin.py:146:
_ _ _ _ _ _ _ _ _ _ _ _ _ _ _ _ _ _ _ _ _ _ _ _ _ _ _ _ _ _ _ _ _ _ _ _ _ _ _ _ _ _ _ _ _ _ _ _ _ _ _ _ _ _ _ _ _ _ _ _ _ _ _ _ _ _ _ _ _ _ _ _ _ _ _ _ _ _ _ _ _ _ _ _ _ _ _ _ _ _ _ _ _ _ _ _ _ _ _ _ _ _ _ _ _ _ _ _ _ _ _ _ _ _
tests/integration/conftest.py:166: in batch_for_datasource
    yield _batch_setup_for_datasource.make_batch()
tests/integration/test_utils/data_source_config/sql.py:83: in make_batch
    self.make_asset()
tests/integration/test_utils/data_source_config/databricks.py:76: in make_asset
    connection_string=self.connection_string,
tests/integration/test_utils/data_source_config/databricks.py:53: in connection_string
    return self._databrics_connection_config.connection_string(self.schema)
/opt/homebrew/Cellar/python@3.11/3.11.11/Frameworks/Python.framework/Versions/3.11/lib/python3.11/functools.py:1001: in __get__
    val = self.func(instance)
tests/integration/test_utils/data_source_config/databricks.py:70: in _databrics_connection_config
    return DatabricksConnectionConfig()  # type: ignore[call-arg]  # retrieves env vars
.venv/gx_dev/lib/python3.11/site-packages/pydantic/v1/env_settings.py:40: in __init__
    super().__init__(
_ _ _ _ _ _ _ _ _ _ _ _ _ _ _ _ _ _ _ _ _ _ _ _ _ _ _ _ _ _ _ _ _ _ _ _ _ _ _ _ _ _ _ _ _ _ _ _ _ _ _ _ _ _ _ _ _ _ _ _ _ _ _ _ _ _ _ _ _ _ _ _ _ _ _ _ _ _ _ _ _ _ _ _ _ _ _ _ _ _ _ _ _ _ _ _ _ _ _ _ _ _ _ _ _ _ _ _ _ _ _ _ _ _

__pydantic_self__ = DatabricksConnectionConfig(), data = {}, values = {}, fields_set = set()
validation_error = ValidationError(model='DatabricksConnectionConfig', errors=[{'loc': ('databricks_token',), 'msg': 'field required', 't...': 'value_error.missing'}, {'loc': ('databricks_http_path',), 'msg': 'field required', 'type': 'value_error.missing'}])

    def __init__(__pydantic_self__, **data: Any) -&gt; None:
        """
        Create a new model by parsing and validating input data from keyword arguments.

        Raises ValidationError if the input data cannot be parsed to form a valid model.
        """
        # Uses something other than `self` the first arg to allow "self" as a settable attribute
        values, fields_set, validation_error = validate_model(__pydantic_self__.__class__, data)
        if validation_error:
&gt;           raise validation_error
E           pydantic.v1.error_wrappers.ValidationError: 3 validation errors for DatabricksConnectionConfig
E           databricks_token
E             field required (type=value_error.missing)
E           databricks_host
E             field required (type=value_error.missing)
E           databricks_http_path
E             field required (type=value_error.missing)

.venv/gx_dev/lib/python3.11/site-packages/pydantic/v1/main.py:341: ValidationError</error></testcase><testcase classname="tests.integration.data_sources_and_expectations.expectations.test_unexpected_rows_expectation" name="test_unexpected_rows_expectation_batch_keyword_failure[SELECT * FROM {batch} WHERE quantity &gt; 0 AND temperature &gt; 74-databricks]" time="0.003"><error message="failed on setup with &quot;pydantic.v1.error_wrappers.ValidationError: 3 validation errors for DatabricksConnectionConfig&#10;databricks_token&#10;  field required (type=value_error.missing)&#10;databricks_host&#10;  field required (type=value_error.missing)&#10;databricks_http_path&#10;  field required (type=value_error.missing)&quot;">&gt;       lambda: ihook(item=item, **kwds), when=when, reraise=reraise
    )

.venv/gx_dev/lib/python3.11/site-packages/flaky/flaky_pytest_plugin.py:146:
_ _ _ _ _ _ _ _ _ _ _ _ _ _ _ _ _ _ _ _ _ _ _ _ _ _ _ _ _ _ _ _ _ _ _ _ _ _ _ _ _ _ _ _ _ _ _ _ _ _ _ _ _ _ _ _ _ _ _ _ _ _ _ _ _ _ _ _ _ _ _ _ _ _ _ _ _ _ _ _ _ _ _ _ _ _ _ _ _ _ _ _ _ _ _ _ _ _ _ _ _ _ _ _ _ _ _ _ _ _ _ _ _ _
tests/integration/conftest.py:166: in batch_for_datasource
    yield _batch_setup_for_datasource.make_batch()
tests/integration/test_utils/data_source_config/sql.py:83: in make_batch
    self.make_asset()
tests/integration/test_utils/data_source_config/databricks.py:76: in make_asset
    connection_string=self.connection_string,
tests/integration/test_utils/data_source_config/databricks.py:53: in connection_string
    return self._databrics_connection_config.connection_string(self.schema)
/opt/homebrew/Cellar/python@3.11/3.11.11/Frameworks/Python.framework/Versions/3.11/lib/python3.11/functools.py:1001: in __get__
    val = self.func(instance)
tests/integration/test_utils/data_source_config/databricks.py:70: in _databrics_connection_config
    return DatabricksConnectionConfig()  # type: ignore[call-arg]  # retrieves env vars
.venv/gx_dev/lib/python3.11/site-packages/pydantic/v1/env_settings.py:40: in __init__
    super().__init__(
_ _ _ _ _ _ _ _ _ _ _ _ _ _ _ _ _ _ _ _ _ _ _ _ _ _ _ _ _ _ _ _ _ _ _ _ _ _ _ _ _ _ _ _ _ _ _ _ _ _ _ _ _ _ _ _ _ _ _ _ _ _ _ _ _ _ _ _ _ _ _ _ _ _ _ _ _ _ _ _ _ _ _ _ _ _ _ _ _ _ _ _ _ _ _ _ _ _ _ _ _ _ _ _ _ _ _ _ _ _ _ _ _ _

__pydantic_self__ = DatabricksConnectionConfig(), data = {}, values = {}, fields_set = set()
validation_error = ValidationError(model='DatabricksConnectionConfig', errors=[{'loc': ('databricks_token',), 'msg': 'field required', 't...': 'value_error.missing'}, {'loc': ('databricks_http_path',), 'msg': 'field required', 'type': 'value_error.missing'}])

    def __init__(__pydantic_self__, **data: Any) -&gt; None:
        """
        Create a new model by parsing and validating input data from keyword arguments.

        Raises ValidationError if the input data cannot be parsed to form a valid model.
        """
        # Uses something other than `self` the first arg to allow "self" as a settable attribute
        values, fields_set, validation_error = validate_model(__pydantic_self__.__class__, data)
        if validation_error:
&gt;           raise validation_error
E           pydantic.v1.error_wrappers.ValidationError: 3 validation errors for DatabricksConnectionConfig
E           databricks_token
E             field required (type=value_error.missing)
E           databricks_host
E             field required (type=value_error.missing)
E           databricks_http_path
E             field required (type=value_error.missing)

.venv/gx_dev/lib/python3.11/site-packages/pydantic/v1/main.py:341: ValidationError</error></testcase><testcase classname="tests.integration.data_sources_and_expectations.expectations.test_unexpected_rows_expectation" name="test_unexpected_rows_expectation_batch_keyword_failure[SELECT * FROM {batch} WHERE quantity &gt; 0 OR temperature &gt; 92-databricks]" time="0.003"><error message="failed on setup with &quot;pydantic.v1.error_wrappers.ValidationError: 3 validation errors for DatabricksConnectionConfig&#10;databricks_token&#10;  field required (type=value_error.missing)&#10;databricks_host&#10;  field required (type=value_error.missing)&#10;databricks_http_path&#10;  field required (type=value_error.missing)&quot;">&gt;       lambda: ihook(item=item, **kwds), when=when, reraise=reraise
    )

.venv/gx_dev/lib/python3.11/site-packages/flaky/flaky_pytest_plugin.py:146:
_ _ _ _ _ _ _ _ _ _ _ _ _ _ _ _ _ _ _ _ _ _ _ _ _ _ _ _ _ _ _ _ _ _ _ _ _ _ _ _ _ _ _ _ _ _ _ _ _ _ _ _ _ _ _ _ _ _ _ _ _ _ _ _ _ _ _ _ _ _ _ _ _ _ _ _ _ _ _ _ _ _ _ _ _ _ _ _ _ _ _ _ _ _ _ _ _ _ _ _ _ _ _ _ _ _ _ _ _ _ _ _ _ _
tests/integration/conftest.py:166: in batch_for_datasource
    yield _batch_setup_for_datasource.make_batch()
tests/integration/test_utils/data_source_config/sql.py:83: in make_batch
    self.make_asset()
tests/integration/test_utils/data_source_config/databricks.py:76: in make_asset
    connection_string=self.connection_string,
tests/integration/test_utils/data_source_config/databricks.py:53: in connection_string
    return self._databrics_connection_config.connection_string(self.schema)
/opt/homebrew/Cellar/python@3.11/3.11.11/Frameworks/Python.framework/Versions/3.11/lib/python3.11/functools.py:1001: in __get__
    val = self.func(instance)
tests/integration/test_utils/data_source_config/databricks.py:70: in _databrics_connection_config
    return DatabricksConnectionConfig()  # type: ignore[call-arg]  # retrieves env vars
.venv/gx_dev/lib/python3.11/site-packages/pydantic/v1/env_settings.py:40: in __init__
    super().__init__(
_ _ _ _ _ _ _ _ _ _ _ _ _ _ _ _ _ _ _ _ _ _ _ _ _ _ _ _ _ _ _ _ _ _ _ _ _ _ _ _ _ _ _ _ _ _ _ _ _ _ _ _ _ _ _ _ _ _ _ _ _ _ _ _ _ _ _ _ _ _ _ _ _ _ _ _ _ _ _ _ _ _ _ _ _ _ _ _ _ _ _ _ _ _ _ _ _ _ _ _ _ _ _ _ _ _ _ _ _ _ _ _ _ _

__pydantic_self__ = DatabricksConnectionConfig(), data = {}, values = {}, fields_set = set()
validation_error = ValidationError(model='DatabricksConnectionConfig', errors=[{'loc': ('databricks_token',), 'msg': 'field required', 't...': 'value_error.missing'}, {'loc': ('databricks_http_path',), 'msg': 'field required', 'type': 'value_error.missing'}])

    def __init__(__pydantic_self__, **data: Any) -&gt; None:
        """
        Create a new model by parsing and validating input data from keyword arguments.

        Raises ValidationError if the input data cannot be parsed to form a valid model.
        """
        # Uses something other than `self` the first arg to allow "self" as a settable attribute
        values, fields_set, validation_error = validate_model(__pydantic_self__.__class__, data)
        if validation_error:
&gt;           raise validation_error
E           pydantic.v1.error_wrappers.ValidationError: 3 validation errors for DatabricksConnectionConfig
E           databricks_token
E             field required (type=value_error.missing)
E           databricks_host
E             field required (type=value_error.missing)
E           databricks_http_path
E             field required (type=value_error.missing)

.venv/gx_dev/lib/python3.11/site-packages/pydantic/v1/main.py:341: ValidationError</error></testcase><testcase classname="tests.integration.data_sources_and_expectations.expectations.test_unexpected_rows_expectation" name="test_unexpected_rows_expectation_batch_keyword_failure[SELECT * FROM {batch} WHERE quantity &gt; 0 ORDER BY quantity DESC-databricks]" time="0.003"><error message="failed on setup with &quot;pydantic.v1.error_wrappers.ValidationError: 3 validation errors for DatabricksConnectionConfig&#10;databricks_token&#10;  field required (type=value_error.missing)&#10;databricks_host&#10;  field required (type=value_error.missing)&#10;databricks_http_path&#10;  field required (type=value_error.missing)&quot;">&gt;       lambda: ihook(item=item, **kwds), when=when, reraise=reraise
    )

.venv/gx_dev/lib/python3.11/site-packages/flaky/flaky_pytest_plugin.py:146:
_ _ _ _ _ _ _ _ _ _ _ _ _ _ _ _ _ _ _ _ _ _ _ _ _ _ _ _ _ _ _ _ _ _ _ _ _ _ _ _ _ _ _ _ _ _ _ _ _ _ _ _ _ _ _ _ _ _ _ _ _ _ _ _ _ _ _ _ _ _ _ _ _ _ _ _ _ _ _ _ _ _ _ _ _ _ _ _ _ _ _ _ _ _ _ _ _ _ _ _ _ _ _ _ _ _ _ _ _ _ _ _ _ _
tests/integration/conftest.py:166: in batch_for_datasource
    yield _batch_setup_for_datasource.make_batch()
tests/integration/test_utils/data_source_config/sql.py:83: in make_batch
    self.make_asset()
tests/integration/test_utils/data_source_config/databricks.py:76: in make_asset
    connection_string=self.connection_string,
tests/integration/test_utils/data_source_config/databricks.py:53: in connection_string
    return self._databrics_connection_config.connection_string(self.schema)
/opt/homebrew/Cellar/python@3.11/3.11.11/Frameworks/Python.framework/Versions/3.11/lib/python3.11/functools.py:1001: in __get__
    val = self.func(instance)
tests/integration/test_utils/data_source_config/databricks.py:70: in _databrics_connection_config
    return DatabricksConnectionConfig()  # type: ignore[call-arg]  # retrieves env vars
.venv/gx_dev/lib/python3.11/site-packages/pydantic/v1/env_settings.py:40: in __init__
    super().__init__(
_ _ _ _ _ _ _ _ _ _ _ _ _ _ _ _ _ _ _ _ _ _ _ _ _ _ _ _ _ _ _ _ _ _ _ _ _ _ _ _ _ _ _ _ _ _ _ _ _ _ _ _ _ _ _ _ _ _ _ _ _ _ _ _ _ _ _ _ _ _ _ _ _ _ _ _ _ _ _ _ _ _ _ _ _ _ _ _ _ _ _ _ _ _ _ _ _ _ _ _ _ _ _ _ _ _ _ _ _ _ _ _ _ _

__pydantic_self__ = DatabricksConnectionConfig(), data = {}, values = {}, fields_set = set()
validation_error = ValidationError(model='DatabricksConnectionConfig', errors=[{'loc': ('databricks_token',), 'msg': 'field required', 't...': 'value_error.missing'}, {'loc': ('databricks_http_path',), 'msg': 'field required', 'type': 'value_error.missing'}])

    def __init__(__pydantic_self__, **data: Any) -&gt; None:
        """
        Create a new model by parsing and validating input data from keyword arguments.

        Raises ValidationError if the input data cannot be parsed to form a valid model.
        """
        # Uses something other than `self` the first arg to allow "self" as a settable attribute
        values, fields_set, validation_error = validate_model(__pydantic_self__.__class__, data)
        if validation_error:
&gt;           raise validation_error
E           pydantic.v1.error_wrappers.ValidationError: 3 validation errors for DatabricksConnectionConfig
E           databricks_token
E             field required (type=value_error.missing)
E           databricks_host
E             field required (type=value_error.missing)
E           databricks_http_path
E             field required (type=value_error.missing)

.venv/gx_dev/lib/python3.11/site-packages/pydantic/v1/main.py:341: ValidationError</error></testcase><testcase classname="tests.integration.data_sources_and_expectations.expectations.test_unexpected_rows_expectation" name="test_unexpected_rows_expectation_batch_keyword_failure[SELECT color FROM {batch} GROUP BY color HAVING SUM(quantity) &gt; 0-databricks]" time="0.003"><error message="failed on setup with &quot;pydantic.v1.error_wrappers.ValidationError: 3 validation errors for DatabricksConnectionConfig&#10;databricks_token&#10;  field required (type=value_error.missing)&#10;databricks_host&#10;  field required (type=value_error.missing)&#10;databricks_http_path&#10;  field required (type=value_error.missing)&quot;">&gt;       lambda: ihook(item=item, **kwds), when=when, reraise=reraise
    )

.venv/gx_dev/lib/python3.11/site-packages/flaky/flaky_pytest_plugin.py:146:
_ _ _ _ _ _ _ _ _ _ _ _ _ _ _ _ _ _ _ _ _ _ _ _ _ _ _ _ _ _ _ _ _ _ _ _ _ _ _ _ _ _ _ _ _ _ _ _ _ _ _ _ _ _ _ _ _ _ _ _ _ _ _ _ _ _ _ _ _ _ _ _ _ _ _ _ _ _ _ _ _ _ _ _ _ _ _ _ _ _ _ _ _ _ _ _ _ _ _ _ _ _ _ _ _ _ _ _ _ _ _ _ _ _
tests/integration/conftest.py:166: in batch_for_datasource
    yield _batch_setup_for_datasource.make_batch()
tests/integration/test_utils/data_source_config/sql.py:83: in make_batch
    self.make_asset()
tests/integration/test_utils/data_source_config/databricks.py:76: in make_asset
    connection_string=self.connection_string,
tests/integration/test_utils/data_source_config/databricks.py:53: in connection_string
    return self._databrics_connection_config.connection_string(self.schema)
/opt/homebrew/Cellar/python@3.11/3.11.11/Frameworks/Python.framework/Versions/3.11/lib/python3.11/functools.py:1001: in __get__
    val = self.func(instance)
tests/integration/test_utils/data_source_config/databricks.py:70: in _databrics_connection_config
    return DatabricksConnectionConfig()  # type: ignore[call-arg]  # retrieves env vars
.venv/gx_dev/lib/python3.11/site-packages/pydantic/v1/env_settings.py:40: in __init__
    super().__init__(
_ _ _ _ _ _ _ _ _ _ _ _ _ _ _ _ _ _ _ _ _ _ _ _ _ _ _ _ _ _ _ _ _ _ _ _ _ _ _ _ _ _ _ _ _ _ _ _ _ _ _ _ _ _ _ _ _ _ _ _ _ _ _ _ _ _ _ _ _ _ _ _ _ _ _ _ _ _ _ _ _ _ _ _ _ _ _ _ _ _ _ _ _ _ _ _ _ _ _ _ _ _ _ _ _ _ _ _ _ _ _ _ _ _

__pydantic_self__ = DatabricksConnectionConfig(), data = {}, values = {}, fields_set = set()
validation_error = ValidationError(model='DatabricksConnectionConfig', errors=[{'loc': ('databricks_token',), 'msg': 'field required', 't...': 'value_error.missing'}, {'loc': ('databricks_http_path',), 'msg': 'field required', 'type': 'value_error.missing'}])

    def __init__(__pydantic_self__, **data: Any) -&gt; None:
        """
        Create a new model by parsing and validating input data from keyword arguments.

        Raises ValidationError if the input data cannot be parsed to form a valid model.
        """
        # Uses something other than `self` the first arg to allow "self" as a settable attribute
        values, fields_set, validation_error = validate_model(__pydantic_self__.__class__, data)
        if validation_error:
&gt;           raise validation_error
E           pydantic.v1.error_wrappers.ValidationError: 3 validation errors for DatabricksConnectionConfig
E           databricks_token
E             field required (type=value_error.missing)
E           databricks_host
E             field required (type=value_error.missing)
E           databricks_http_path
E             field required (type=value_error.missing)

.venv/gx_dev/lib/python3.11/site-packages/pydantic/v1/main.py:341: ValidationError</error></testcase><testcase classname="tests.integration.data_sources_and_expectations.expectations.test_unexpected_rows_expectation" name="test_unexpected_rows_expectation_join_keyword_failure[databricks]" time="0.010"><error message="failed on setup with &quot;pydantic.v1.error_wrappers.ValidationError: 3 validation errors for DatabricksConnectionConfig&#10;databricks_token&#10;  field required (type=value_error.missing)&#10;databricks_host&#10;  field required (type=value_error.missing)&#10;databricks_http_path&#10;  field required (type=value_error.missing)&quot;">&gt;       lambda: ihook(item=item, **kwds), when=when, reraise=reraise
    )

.venv/gx_dev/lib/python3.11/site-packages/flaky/flaky_pytest_plugin.py:146:
_ _ _ _ _ _ _ _ _ _ _ _ _ _ _ _ _ _ _ _ _ _ _ _ _ _ _ _ _ _ _ _ _ _ _ _ _ _ _ _ _ _ _ _ _ _ _ _ _ _ _ _ _ _ _ _ _ _ _ _ _ _ _ _ _ _ _ _ _ _ _ _ _ _ _ _ _ _ _ _ _ _ _ _ _ _ _ _ _ _ _ _ _ _ _ _ _ _ _ _ _ _ _ _ _ _ _ _ _ _ _ _ _ _
tests/integration/conftest.py:166: in batch_for_datasource
    yield _batch_setup_for_datasource.make_batch()
tests/integration/test_utils/data_source_config/sql.py:83: in make_batch
    self.make_asset()
tests/integration/test_utils/data_source_config/databricks.py:76: in make_asset
    connection_string=self.connection_string,
tests/integration/test_utils/data_source_config/databricks.py:53: in connection_string
    return self._databrics_connection_config.connection_string(self.schema)
/opt/homebrew/Cellar/python@3.11/3.11.11/Frameworks/Python.framework/Versions/3.11/lib/python3.11/functools.py:1001: in __get__
    val = self.func(instance)
tests/integration/test_utils/data_source_config/databricks.py:70: in _databrics_connection_config
    return DatabricksConnectionConfig()  # type: ignore[call-arg]  # retrieves env vars
.venv/gx_dev/lib/python3.11/site-packages/pydantic/v1/env_settings.py:40: in __init__
    super().__init__(
_ _ _ _ _ _ _ _ _ _ _ _ _ _ _ _ _ _ _ _ _ _ _ _ _ _ _ _ _ _ _ _ _ _ _ _ _ _ _ _ _ _ _ _ _ _ _ _ _ _ _ _ _ _ _ _ _ _ _ _ _ _ _ _ _ _ _ _ _ _ _ _ _ _ _ _ _ _ _ _ _ _ _ _ _ _ _ _ _ _ _ _ _ _ _ _ _ _ _ _ _ _ _ _ _ _ _ _ _ _ _ _ _ _

__pydantic_self__ = DatabricksConnectionConfig(), data = {}, values = {}, fields_set = set()
validation_error = ValidationError(model='DatabricksConnectionConfig', errors=[{'loc': ('databricks_token',), 'msg': 'field required', 't...': 'value_error.missing'}, {'loc': ('databricks_http_path',), 'msg': 'field required', 'type': 'value_error.missing'}])

    def __init__(__pydantic_self__, **data: Any) -&gt; None:
        """
        Create a new model by parsing and validating input data from keyword arguments.

        Raises ValidationError if the input data cannot be parsed to form a valid model.
        """
        # Uses something other than `self` the first arg to allow "self" as a settable attribute
        values, fields_set, validation_error = validate_model(__pydantic_self__.__class__, data)
        if validation_error:
&gt;           raise validation_error
E           pydantic.v1.error_wrappers.ValidationError: 3 validation errors for DatabricksConnectionConfig
E           databricks_token
E             field required (type=value_error.missing)
E           databricks_host
E             field required (type=value_error.missing)
E           databricks_http_path
E             field required (type=value_error.missing)

.venv/gx_dev/lib/python3.11/site-packages/pydantic/v1/main.py:341: ValidationError</error></testcase><testcase classname="tests.integration.data_sources_and_expectations.expectations.test_unexpected_rows_expectation" name="test_unexpected_rows_expectation_batch_keyword_partitioner_success[SELECT * FROM {batch} WHERE quantity &gt; 2-databricks]" time="0.003"><error message="failed on setup with &quot;pydantic.v1.error_wrappers.ValidationError: 3 validation errors for DatabricksConnectionConfig&#10;databricks_token&#10;  field required (type=value_error.missing)&#10;databricks_host&#10;  field required (type=value_error.missing)&#10;databricks_http_path&#10;  field required (type=value_error.missing)&quot;">&gt;       lambda: ihook(item=item, **kwds), when=when, reraise=reraise
    )

.venv/gx_dev/lib/python3.11/site-packages/flaky/flaky_pytest_plugin.py:146:
_ _ _ _ _ _ _ _ _ _ _ _ _ _ _ _ _ _ _ _ _ _ _ _ _ _ _ _ _ _ _ _ _ _ _ _ _ _ _ _ _ _ _ _ _ _ _ _ _ _ _ _ _ _ _ _ _ _ _ _ _ _ _ _ _ _ _ _ _ _ _ _ _ _ _ _ _ _ _ _ _ _ _ _ _ _ _ _ _ _ _ _ _ _ _ _ _ _ _ _ _ _ _ _ _ _ _ _ _ _ _ _ _ _
tests/integration/conftest.py:177: in asset_for_datasource
    yield _batch_setup_for_datasource.make_asset()
tests/integration/test_utils/data_source_config/databricks.py:76: in make_asset
    connection_string=self.connection_string,
tests/integration/test_utils/data_source_config/databricks.py:53: in connection_string
    return self._databrics_connection_config.connection_string(self.schema)
/opt/homebrew/Cellar/python@3.11/3.11.11/Frameworks/Python.framework/Versions/3.11/lib/python3.11/functools.py:1001: in __get__
    val = self.func(instance)
tests/integration/test_utils/data_source_config/databricks.py:70: in _databrics_connection_config
    return DatabricksConnectionConfig()  # type: ignore[call-arg]  # retrieves env vars
.venv/gx_dev/lib/python3.11/site-packages/pydantic/v1/env_settings.py:40: in __init__
    super().__init__(
_ _ _ _ _ _ _ _ _ _ _ _ _ _ _ _ _ _ _ _ _ _ _ _ _ _ _ _ _ _ _ _ _ _ _ _ _ _ _ _ _ _ _ _ _ _ _ _ _ _ _ _ _ _ _ _ _ _ _ _ _ _ _ _ _ _ _ _ _ _ _ _ _ _ _ _ _ _ _ _ _ _ _ _ _ _ _ _ _ _ _ _ _ _ _ _ _ _ _ _ _ _ _ _ _ _ _ _ _ _ _ _ _ _

__pydantic_self__ = DatabricksConnectionConfig(), data = {}, values = {}, fields_set = set()
validation_error = ValidationError(model='DatabricksConnectionConfig', errors=[{'loc': ('databricks_token',), 'msg': 'field required', 't...': 'value_error.missing'}, {'loc': ('databricks_http_path',), 'msg': 'field required', 'type': 'value_error.missing'}])

    def __init__(__pydantic_self__, **data: Any) -&gt; None:
        """
        Create a new model by parsing and validating input data from keyword arguments.

        Raises ValidationError if the input data cannot be parsed to form a valid model.
        """
        # Uses something other than `self` the first arg to allow "self" as a settable attribute
        values, fields_set, validation_error = validate_model(__pydantic_self__.__class__, data)
        if validation_error:
&gt;           raise validation_error
E           pydantic.v1.error_wrappers.ValidationError: 3 validation errors for DatabricksConnectionConfig
E           databricks_token
E             field required (type=value_error.missing)
E           databricks_host
E             field required (type=value_error.missing)
E           databricks_http_path
E             field required (type=value_error.missing)

.venv/gx_dev/lib/python3.11/site-packages/pydantic/v1/main.py:341: ValidationError</error></testcase><testcase classname="tests.integration.data_sources_and_expectations.expectations.test_unexpected_rows_expectation" name="test_unexpected_rows_expectation_batch_keyword_partitioner_success[SELECT * FROM {batch} WHERE quantity &gt; 2 AND temperature &gt; 91-databricks]" time="0.003"><error message="failed on setup with &quot;pydantic.v1.error_wrappers.ValidationError: 3 validation errors for DatabricksConnectionConfig&#10;databricks_token&#10;  field required (type=value_error.missing)&#10;databricks_host&#10;  field required (type=value_error.missing)&#10;databricks_http_path&#10;  field required (type=value_error.missing)&quot;">&gt;       lambda: ihook(item=item, **kwds), when=when, reraise=reraise
    )

.venv/gx_dev/lib/python3.11/site-packages/flaky/flaky_pytest_plugin.py:146:
_ _ _ _ _ _ _ _ _ _ _ _ _ _ _ _ _ _ _ _ _ _ _ _ _ _ _ _ _ _ _ _ _ _ _ _ _ _ _ _ _ _ _ _ _ _ _ _ _ _ _ _ _ _ _ _ _ _ _ _ _ _ _ _ _ _ _ _ _ _ _ _ _ _ _ _ _ _ _ _ _ _ _ _ _ _ _ _ _ _ _ _ _ _ _ _ _ _ _ _ _ _ _ _ _ _ _ _ _ _ _ _ _ _
tests/integration/conftest.py:177: in asset_for_datasource
    yield _batch_setup_for_datasource.make_asset()
tests/integration/test_utils/data_source_config/databricks.py:76: in make_asset
    connection_string=self.connection_string,
tests/integration/test_utils/data_source_config/databricks.py:53: in connection_string
    return self._databrics_connection_config.connection_string(self.schema)
/opt/homebrew/Cellar/python@3.11/3.11.11/Frameworks/Python.framework/Versions/3.11/lib/python3.11/functools.py:1001: in __get__
    val = self.func(instance)
tests/integration/test_utils/data_source_config/databricks.py:70: in _databrics_connection_config
    return DatabricksConnectionConfig()  # type: ignore[call-arg]  # retrieves env vars
.venv/gx_dev/lib/python3.11/site-packages/pydantic/v1/env_settings.py:40: in __init__
    super().__init__(
_ _ _ _ _ _ _ _ _ _ _ _ _ _ _ _ _ _ _ _ _ _ _ _ _ _ _ _ _ _ _ _ _ _ _ _ _ _ _ _ _ _ _ _ _ _ _ _ _ _ _ _ _ _ _ _ _ _ _ _ _ _ _ _ _ _ _ _ _ _ _ _ _ _ _ _ _ _ _ _ _ _ _ _ _ _ _ _ _ _ _ _ _ _ _ _ _ _ _ _ _ _ _ _ _ _ _ _ _ _ _ _ _ _

__pydantic_self__ = DatabricksConnectionConfig(), data = {}, values = {}, fields_set = set()
validation_error = ValidationError(model='DatabricksConnectionConfig', errors=[{'loc': ('databricks_token',), 'msg': 'field required', 't...': 'value_error.missing'}, {'loc': ('databricks_http_path',), 'msg': 'field required', 'type': 'value_error.missing'}])

    def __init__(__pydantic_self__, **data: Any) -&gt; None:
        """
        Create a new model by parsing and validating input data from keyword arguments.

        Raises ValidationError if the input data cannot be parsed to form a valid model.
        """
        # Uses something other than `self` the first arg to allow "self" as a settable attribute
        values, fields_set, validation_error = validate_model(__pydantic_self__.__class__, data)
        if validation_error:
&gt;           raise validation_error
E           pydantic.v1.error_wrappers.ValidationError: 3 validation errors for DatabricksConnectionConfig
E           databricks_token
E             field required (type=value_error.missing)
E           databricks_host
E             field required (type=value_error.missing)
E           databricks_http_path
E             field required (type=value_error.missing)

.venv/gx_dev/lib/python3.11/site-packages/pydantic/v1/main.py:341: ValidationError</error></testcase><testcase classname="tests.integration.data_sources_and_expectations.expectations.test_unexpected_rows_expectation" name="test_unexpected_rows_expectation_batch_keyword_partitioner_success[SELECT * FROM {batch} WHERE quantity &gt; 2 OR temperature &gt; 92-databricks]" time="0.003"><error message="failed on setup with &quot;pydantic.v1.error_wrappers.ValidationError: 3 validation errors for DatabricksConnectionConfig&#10;databricks_token&#10;  field required (type=value_error.missing)&#10;databricks_host&#10;  field required (type=value_error.missing)&#10;databricks_http_path&#10;  field required (type=value_error.missing)&quot;">&gt;       lambda: ihook(item=item, **kwds), when=when, reraise=reraise
    )

.venv/gx_dev/lib/python3.11/site-packages/flaky/flaky_pytest_plugin.py:146:
_ _ _ _ _ _ _ _ _ _ _ _ _ _ _ _ _ _ _ _ _ _ _ _ _ _ _ _ _ _ _ _ _ _ _ _ _ _ _ _ _ _ _ _ _ _ _ _ _ _ _ _ _ _ _ _ _ _ _ _ _ _ _ _ _ _ _ _ _ _ _ _ _ _ _ _ _ _ _ _ _ _ _ _ _ _ _ _ _ _ _ _ _ _ _ _ _ _ _ _ _ _ _ _ _ _ _ _ _ _ _ _ _ _
tests/integration/conftest.py:177: in asset_for_datasource
    yield _batch_setup_for_datasource.make_asset()
tests/integration/test_utils/data_source_config/databricks.py:76: in make_asset
    connection_string=self.connection_string,
tests/integration/test_utils/data_source_config/databricks.py:53: in connection_string
    return self._databrics_connection_config.connection_string(self.schema)
/opt/homebrew/Cellar/python@3.11/3.11.11/Frameworks/Python.framework/Versions/3.11/lib/python3.11/functools.py:1001: in __get__
    val = self.func(instance)
tests/integration/test_utils/data_source_config/databricks.py:70: in _databrics_connection_config
    return DatabricksConnectionConfig()  # type: ignore[call-arg]  # retrieves env vars
.venv/gx_dev/lib/python3.11/site-packages/pydantic/v1/env_settings.py:40: in __init__
    super().__init__(
_ _ _ _ _ _ _ _ _ _ _ _ _ _ _ _ _ _ _ _ _ _ _ _ _ _ _ _ _ _ _ _ _ _ _ _ _ _ _ _ _ _ _ _ _ _ _ _ _ _ _ _ _ _ _ _ _ _ _ _ _ _ _ _ _ _ _ _ _ _ _ _ _ _ _ _ _ _ _ _ _ _ _ _ _ _ _ _ _ _ _ _ _ _ _ _ _ _ _ _ _ _ _ _ _ _ _ _ _ _ _ _ _ _

__pydantic_self__ = DatabricksConnectionConfig(), data = {}, values = {}, fields_set = set()
validation_error = ValidationError(model='DatabricksConnectionConfig', errors=[{'loc': ('databricks_token',), 'msg': 'field required', 't...': 'value_error.missing'}, {'loc': ('databricks_http_path',), 'msg': 'field required', 'type': 'value_error.missing'}])

    def __init__(__pydantic_self__, **data: Any) -&gt; None:
        """
        Create a new model by parsing and validating input data from keyword arguments.

        Raises ValidationError if the input data cannot be parsed to form a valid model.
        """
        # Uses something other than `self` the first arg to allow "self" as a settable attribute
        values, fields_set, validation_error = validate_model(__pydantic_self__.__class__, data)
        if validation_error:
&gt;           raise validation_error
E           pydantic.v1.error_wrappers.ValidationError: 3 validation errors for DatabricksConnectionConfig
E           databricks_token
E             field required (type=value_error.missing)
E           databricks_host
E             field required (type=value_error.missing)
E           databricks_http_path
E             field required (type=value_error.missing)

.venv/gx_dev/lib/python3.11/site-packages/pydantic/v1/main.py:341: ValidationError</error></testcase><testcase classname="tests.integration.data_sources_and_expectations.expectations.test_unexpected_rows_expectation" name="test_unexpected_rows_expectation_batch_keyword_partitioner_success[SELECT * FROM {batch} WHERE quantity &gt; 2 ORDER BY quantity DESC-databricks]" time="0.003"><error message="failed on setup with &quot;pydantic.v1.error_wrappers.ValidationError: 3 validation errors for DatabricksConnectionConfig&#10;databricks_token&#10;  field required (type=value_error.missing)&#10;databricks_host&#10;  field required (type=value_error.missing)&#10;databricks_http_path&#10;  field required (type=value_error.missing)&quot;">&gt;       lambda: ihook(item=item, **kwds), when=when, reraise=reraise
    )

.venv/gx_dev/lib/python3.11/site-packages/flaky/flaky_pytest_plugin.py:146:
_ _ _ _ _ _ _ _ _ _ _ _ _ _ _ _ _ _ _ _ _ _ _ _ _ _ _ _ _ _ _ _ _ _ _ _ _ _ _ _ _ _ _ _ _ _ _ _ _ _ _ _ _ _ _ _ _ _ _ _ _ _ _ _ _ _ _ _ _ _ _ _ _ _ _ _ _ _ _ _ _ _ _ _ _ _ _ _ _ _ _ _ _ _ _ _ _ _ _ _ _ _ _ _ _ _ _ _ _ _ _ _ _ _
tests/integration/conftest.py:177: in asset_for_datasource
    yield _batch_setup_for_datasource.make_asset()
tests/integration/test_utils/data_source_config/databricks.py:76: in make_asset
    connection_string=self.connection_string,
tests/integration/test_utils/data_source_config/databricks.py:53: in connection_string
    return self._databrics_connection_config.connection_string(self.schema)
/opt/homebrew/Cellar/python@3.11/3.11.11/Frameworks/Python.framework/Versions/3.11/lib/python3.11/functools.py:1001: in __get__
    val = self.func(instance)
tests/integration/test_utils/data_source_config/databricks.py:70: in _databrics_connection_config
    return DatabricksConnectionConfig()  # type: ignore[call-arg]  # retrieves env vars
.venv/gx_dev/lib/python3.11/site-packages/pydantic/v1/env_settings.py:40: in __init__
    super().__init__(
_ _ _ _ _ _ _ _ _ _ _ _ _ _ _ _ _ _ _ _ _ _ _ _ _ _ _ _ _ _ _ _ _ _ _ _ _ _ _ _ _ _ _ _ _ _ _ _ _ _ _ _ _ _ _ _ _ _ _ _ _ _ _ _ _ _ _ _ _ _ _ _ _ _ _ _ _ _ _ _ _ _ _ _ _ _ _ _ _ _ _ _ _ _ _ _ _ _ _ _ _ _ _ _ _ _ _ _ _ _ _ _ _ _

__pydantic_self__ = DatabricksConnectionConfig(), data = {}, values = {}, fields_set = set()
validation_error = ValidationError(model='DatabricksConnectionConfig', errors=[{'loc': ('databricks_token',), 'msg': 'field required', 't...': 'value_error.missing'}, {'loc': ('databricks_http_path',), 'msg': 'field required', 'type': 'value_error.missing'}])

    def __init__(__pydantic_self__, **data: Any) -&gt; None:
        """
        Create a new model by parsing and validating input data from keyword arguments.

        Raises ValidationError if the input data cannot be parsed to form a valid model.
        """
        # Uses something other than `self` the first arg to allow "self" as a settable attribute
        values, fields_set, validation_error = validate_model(__pydantic_self__.__class__, data)
        if validation_error:
&gt;           raise validation_error
E           pydantic.v1.error_wrappers.ValidationError: 3 validation errors for DatabricksConnectionConfig
E           databricks_token
E             field required (type=value_error.missing)
E           databricks_host
E             field required (type=value_error.missing)
E           databricks_http_path
E             field required (type=value_error.missing)

.venv/gx_dev/lib/python3.11/site-packages/pydantic/v1/main.py:341: ValidationError</error></testcase><testcase classname="tests.integration.data_sources_and_expectations.expectations.test_unexpected_rows_expectation" name="test_unexpected_rows_expectation_batch_keyword_partitioner_success[SELECT color FROM {batch} GROUP BY color HAVING SUM(quantity) &gt; 3-databricks]" time="0.003"><error message="failed on setup with &quot;pydantic.v1.error_wrappers.ValidationError: 3 validation errors for DatabricksConnectionConfig&#10;databricks_token&#10;  field required (type=value_error.missing)&#10;databricks_host&#10;  field required (type=value_error.missing)&#10;databricks_http_path&#10;  field required (type=value_error.missing)&quot;">&gt;       lambda: ihook(item=item, **kwds), when=when, reraise=reraise
    )

.venv/gx_dev/lib/python3.11/site-packages/flaky/flaky_pytest_plugin.py:146:
_ _ _ _ _ _ _ _ _ _ _ _ _ _ _ _ _ _ _ _ _ _ _ _ _ _ _ _ _ _ _ _ _ _ _ _ _ _ _ _ _ _ _ _ _ _ _ _ _ _ _ _ _ _ _ _ _ _ _ _ _ _ _ _ _ _ _ _ _ _ _ _ _ _ _ _ _ _ _ _ _ _ _ _ _ _ _ _ _ _ _ _ _ _ _ _ _ _ _ _ _ _ _ _ _ _ _ _ _ _ _ _ _ _
tests/integration/conftest.py:177: in asset_for_datasource
    yield _batch_setup_for_datasource.make_asset()
tests/integration/test_utils/data_source_config/databricks.py:76: in make_asset
    connection_string=self.connection_string,
tests/integration/test_utils/data_source_config/databricks.py:53: in connection_string
    return self._databrics_connection_config.connection_string(self.schema)
/opt/homebrew/Cellar/python@3.11/3.11.11/Frameworks/Python.framework/Versions/3.11/lib/python3.11/functools.py:1001: in __get__
    val = self.func(instance)
tests/integration/test_utils/data_source_config/databricks.py:70: in _databrics_connection_config
    return DatabricksConnectionConfig()  # type: ignore[call-arg]  # retrieves env vars
.venv/gx_dev/lib/python3.11/site-packages/pydantic/v1/env_settings.py:40: in __init__
    super().__init__(
_ _ _ _ _ _ _ _ _ _ _ _ _ _ _ _ _ _ _ _ _ _ _ _ _ _ _ _ _ _ _ _ _ _ _ _ _ _ _ _ _ _ _ _ _ _ _ _ _ _ _ _ _ _ _ _ _ _ _ _ _ _ _ _ _ _ _ _ _ _ _ _ _ _ _ _ _ _ _ _ _ _ _ _ _ _ _ _ _ _ _ _ _ _ _ _ _ _ _ _ _ _ _ _ _ _ _ _ _ _ _ _ _ _

__pydantic_self__ = DatabricksConnectionConfig(), data = {}, values = {}, fields_set = set()
validation_error = ValidationError(model='DatabricksConnectionConfig', errors=[{'loc': ('databricks_token',), 'msg': 'field required', 't...': 'value_error.missing'}, {'loc': ('databricks_http_path',), 'msg': 'field required', 'type': 'value_error.missing'}])

    def __init__(__pydantic_self__, **data: Any) -&gt; None:
        """
        Create a new model by parsing and validating input data from keyword arguments.

        Raises ValidationError if the input data cannot be parsed to form a valid model.
        """
        # Uses something other than `self` the first arg to allow "self" as a settable attribute
        values, fields_set, validation_error = validate_model(__pydantic_self__.__class__, data)
        if validation_error:
&gt;           raise validation_error
E           pydantic.v1.error_wrappers.ValidationError: 3 validation errors for DatabricksConnectionConfig
E           databricks_token
E             field required (type=value_error.missing)
E           databricks_host
E             field required (type=value_error.missing)
E           databricks_http_path
E             field required (type=value_error.missing)

.venv/gx_dev/lib/python3.11/site-packages/pydantic/v1/main.py:341: ValidationError</error></testcase><testcase classname="tests.integration.data_sources_and_expectations.expectations.test_unexpected_rows_expectation" name="test_unexpected_rows_expectation_join_keyword_partitioner_success[databricks]" time="0.004"><error message="failed on setup with &quot;pydantic.v1.error_wrappers.ValidationError: 3 validation errors for DatabricksConnectionConfig&#10;databricks_token&#10;  field required (type=value_error.missing)&#10;databricks_host&#10;  field required (type=value_error.missing)&#10;databricks_http_path&#10;  field required (type=value_error.missing)&quot;">&gt;       lambda: ihook(item=item, **kwds), when=when, reraise=reraise
    )

.venv/gx_dev/lib/python3.11/site-packages/flaky/flaky_pytest_plugin.py:146:
_ _ _ _ _ _ _ _ _ _ _ _ _ _ _ _ _ _ _ _ _ _ _ _ _ _ _ _ _ _ _ _ _ _ _ _ _ _ _ _ _ _ _ _ _ _ _ _ _ _ _ _ _ _ _ _ _ _ _ _ _ _ _ _ _ _ _ _ _ _ _ _ _ _ _ _ _ _ _ _ _ _ _ _ _ _ _ _ _ _ _ _ _ _ _ _ _ _ _ _ _ _ _ _ _ _ _ _ _ _ _ _ _ _
tests/integration/conftest.py:177: in asset_for_datasource
    yield _batch_setup_for_datasource.make_asset()
tests/integration/test_utils/data_source_config/databricks.py:76: in make_asset
    connection_string=self.connection_string,
tests/integration/test_utils/data_source_config/databricks.py:53: in connection_string
    return self._databrics_connection_config.connection_string(self.schema)
/opt/homebrew/Cellar/python@3.11/3.11.11/Frameworks/Python.framework/Versions/3.11/lib/python3.11/functools.py:1001: in __get__
    val = self.func(instance)
tests/integration/test_utils/data_source_config/databricks.py:70: in _databrics_connection_config
    return DatabricksConnectionConfig()  # type: ignore[call-arg]  # retrieves env vars
.venv/gx_dev/lib/python3.11/site-packages/pydantic/v1/env_settings.py:40: in __init__
    super().__init__(
_ _ _ _ _ _ _ _ _ _ _ _ _ _ _ _ _ _ _ _ _ _ _ _ _ _ _ _ _ _ _ _ _ _ _ _ _ _ _ _ _ _ _ _ _ _ _ _ _ _ _ _ _ _ _ _ _ _ _ _ _ _ _ _ _ _ _ _ _ _ _ _ _ _ _ _ _ _ _ _ _ _ _ _ _ _ _ _ _ _ _ _ _ _ _ _ _ _ _ _ _ _ _ _ _ _ _ _ _ _ _ _ _ _

__pydantic_self__ = DatabricksConnectionConfig(), data = {}, values = {}, fields_set = set()
validation_error = ValidationError(model='DatabricksConnectionConfig', errors=[{'loc': ('databricks_token',), 'msg': 'field required', 't...': 'value_error.missing'}, {'loc': ('databricks_http_path',), 'msg': 'field required', 'type': 'value_error.missing'}])

    def __init__(__pydantic_self__, **data: Any) -&gt; None:
        """
        Create a new model by parsing and validating input data from keyword arguments.

        Raises ValidationError if the input data cannot be parsed to form a valid model.
        """
        # Uses something other than `self` the first arg to allow "self" as a settable attribute
        values, fields_set, validation_error = validate_model(__pydantic_self__.__class__, data)
        if validation_error:
&gt;           raise validation_error
E           pydantic.v1.error_wrappers.ValidationError: 3 validation errors for DatabricksConnectionConfig
E           databricks_token
E             field required (type=value_error.missing)
E           databricks_host
E             field required (type=value_error.missing)
E           databricks_http_path
E             field required (type=value_error.missing)

.venv/gx_dev/lib/python3.11/site-packages/pydantic/v1/main.py:341: ValidationError</error></testcase><testcase classname="tests.integration.data_sources_and_expectations.expectations.test_unexpected_rows_expectation" name="test_unexpected_rows_expectation_batch_keyword_partitioner_failure[SELECT * FROM {batch}-databricks]" time="0.003"><error message="failed on setup with &quot;pydantic.v1.error_wrappers.ValidationError: 3 validation errors for DatabricksConnectionConfig&#10;databricks_token&#10;  field required (type=value_error.missing)&#10;databricks_host&#10;  field required (type=value_error.missing)&#10;databricks_http_path&#10;  field required (type=value_error.missing)&quot;">&gt;       lambda: ihook(item=item, **kwds), when=when, reraise=reraise
    )

.venv/gx_dev/lib/python3.11/site-packages/flaky/flaky_pytest_plugin.py:146:
_ _ _ _ _ _ _ _ _ _ _ _ _ _ _ _ _ _ _ _ _ _ _ _ _ _ _ _ _ _ _ _ _ _ _ _ _ _ _ _ _ _ _ _ _ _ _ _ _ _ _ _ _ _ _ _ _ _ _ _ _ _ _ _ _ _ _ _ _ _ _ _ _ _ _ _ _ _ _ _ _ _ _ _ _ _ _ _ _ _ _ _ _ _ _ _ _ _ _ _ _ _ _ _ _ _ _ _ _ _ _ _ _ _
tests/integration/conftest.py:177: in asset_for_datasource
    yield _batch_setup_for_datasource.make_asset()
tests/integration/test_utils/data_source_config/databricks.py:76: in make_asset
    connection_string=self.connection_string,
tests/integration/test_utils/data_source_config/databricks.py:53: in connection_string
    return self._databrics_connection_config.connection_string(self.schema)
/opt/homebrew/Cellar/python@3.11/3.11.11/Frameworks/Python.framework/Versions/3.11/lib/python3.11/functools.py:1001: in __get__
    val = self.func(instance)
tests/integration/test_utils/data_source_config/databricks.py:70: in _databrics_connection_config
    return DatabricksConnectionConfig()  # type: ignore[call-arg]  # retrieves env vars
.venv/gx_dev/lib/python3.11/site-packages/pydantic/v1/env_settings.py:40: in __init__
    super().__init__(
_ _ _ _ _ _ _ _ _ _ _ _ _ _ _ _ _ _ _ _ _ _ _ _ _ _ _ _ _ _ _ _ _ _ _ _ _ _ _ _ _ _ _ _ _ _ _ _ _ _ _ _ _ _ _ _ _ _ _ _ _ _ _ _ _ _ _ _ _ _ _ _ _ _ _ _ _ _ _ _ _ _ _ _ _ _ _ _ _ _ _ _ _ _ _ _ _ _ _ _ _ _ _ _ _ _ _ _ _ _ _ _ _ _

__pydantic_self__ = DatabricksConnectionConfig(), data = {}, values = {}, fields_set = set()
validation_error = ValidationError(model='DatabricksConnectionConfig', errors=[{'loc': ('databricks_token',), 'msg': 'field required', 't...': 'value_error.missing'}, {'loc': ('databricks_http_path',), 'msg': 'field required', 'type': 'value_error.missing'}])

    def __init__(__pydantic_self__, **data: Any) -&gt; None:
        """
        Create a new model by parsing and validating input data from keyword arguments.

        Raises ValidationError if the input data cannot be parsed to form a valid model.
        """
        # Uses something other than `self` the first arg to allow "self" as a settable attribute
        values, fields_set, validation_error = validate_model(__pydantic_self__.__class__, data)
        if validation_error:
&gt;           raise validation_error
E           pydantic.v1.error_wrappers.ValidationError: 3 validation errors for DatabricksConnectionConfig
E           databricks_token
E             field required (type=value_error.missing)
E           databricks_host
E             field required (type=value_error.missing)
E           databricks_http_path
E             field required (type=value_error.missing)

.venv/gx_dev/lib/python3.11/site-packages/pydantic/v1/main.py:341: ValidationError</error></testcase><testcase classname="tests.integration.data_sources_and_expectations.expectations.test_unexpected_rows_expectation" name="test_unexpected_rows_expectation_batch_keyword_partitioner_failure[SELECT * FROM {batch} WHERE quantity &gt; 0-databricks]" time="0.003"><error message="failed on setup with &quot;pydantic.v1.error_wrappers.ValidationError: 3 validation errors for DatabricksConnectionConfig&#10;databricks_token&#10;  field required (type=value_error.missing)&#10;databricks_host&#10;  field required (type=value_error.missing)&#10;databricks_http_path&#10;  field required (type=value_error.missing)&quot;">&gt;       lambda: ihook(item=item, **kwds), when=when, reraise=reraise
    )

.venv/gx_dev/lib/python3.11/site-packages/flaky/flaky_pytest_plugin.py:146:
_ _ _ _ _ _ _ _ _ _ _ _ _ _ _ _ _ _ _ _ _ _ _ _ _ _ _ _ _ _ _ _ _ _ _ _ _ _ _ _ _ _ _ _ _ _ _ _ _ _ _ _ _ _ _ _ _ _ _ _ _ _ _ _ _ _ _ _ _ _ _ _ _ _ _ _ _ _ _ _ _ _ _ _ _ _ _ _ _ _ _ _ _ _ _ _ _ _ _ _ _ _ _ _ _ _ _ _ _ _ _ _ _ _
tests/integration/conftest.py:177: in asset_for_datasource
    yield _batch_setup_for_datasource.make_asset()
tests/integration/test_utils/data_source_config/databricks.py:76: in make_asset
    connection_string=self.connection_string,
tests/integration/test_utils/data_source_config/databricks.py:53: in connection_string
    return self._databrics_connection_config.connection_string(self.schema)
/opt/homebrew/Cellar/python@3.11/3.11.11/Frameworks/Python.framework/Versions/3.11/lib/python3.11/functools.py:1001: in __get__
    val = self.func(instance)
tests/integration/test_utils/data_source_config/databricks.py:70: in _databrics_connection_config
    return DatabricksConnectionConfig()  # type: ignore[call-arg]  # retrieves env vars
.venv/gx_dev/lib/python3.11/site-packages/pydantic/v1/env_settings.py:40: in __init__
    super().__init__(
_ _ _ _ _ _ _ _ _ _ _ _ _ _ _ _ _ _ _ _ _ _ _ _ _ _ _ _ _ _ _ _ _ _ _ _ _ _ _ _ _ _ _ _ _ _ _ _ _ _ _ _ _ _ _ _ _ _ _ _ _ _ _ _ _ _ _ _ _ _ _ _ _ _ _ _ _ _ _ _ _ _ _ _ _ _ _ _ _ _ _ _ _ _ _ _ _ _ _ _ _ _ _ _ _ _ _ _ _ _ _ _ _ _

__pydantic_self__ = DatabricksConnectionConfig(), data = {}, values = {}, fields_set = set()
validation_error = ValidationError(model='DatabricksConnectionConfig', errors=[{'loc': ('databricks_token',), 'msg': 'field required', 't...': 'value_error.missing'}, {'loc': ('databricks_http_path',), 'msg': 'field required', 'type': 'value_error.missing'}])

    def __init__(__pydantic_self__, **data: Any) -&gt; None:
        """
        Create a new model by parsing and validating input data from keyword arguments.

        Raises ValidationError if the input data cannot be parsed to form a valid model.
        """
        # Uses something other than `self` the first arg to allow "self" as a settable attribute
        values, fields_set, validation_error = validate_model(__pydantic_self__.__class__, data)
        if validation_error:
&gt;           raise validation_error
E           pydantic.v1.error_wrappers.ValidationError: 3 validation errors for DatabricksConnectionConfig
E           databricks_token
E             field required (type=value_error.missing)
E           databricks_host
E             field required (type=value_error.missing)
E           databricks_http_path
E             field required (type=value_error.missing)

.venv/gx_dev/lib/python3.11/site-packages/pydantic/v1/main.py:341: ValidationError</error></testcase><testcase classname="tests.integration.data_sources_and_expectations.expectations.test_unexpected_rows_expectation" name="test_unexpected_rows_expectation_batch_keyword_partitioner_failure[SELECT * FROM {batch} WHERE quantity &gt; 0 AND temperature &gt; 74-databricks]" time="0.003"><error message="failed on setup with &quot;pydantic.v1.error_wrappers.ValidationError: 3 validation errors for DatabricksConnectionConfig&#10;databricks_token&#10;  field required (type=value_error.missing)&#10;databricks_host&#10;  field required (type=value_error.missing)&#10;databricks_http_path&#10;  field required (type=value_error.missing)&quot;">&gt;       lambda: ihook(item=item, **kwds), when=when, reraise=reraise
    )

.venv/gx_dev/lib/python3.11/site-packages/flaky/flaky_pytest_plugin.py:146:
_ _ _ _ _ _ _ _ _ _ _ _ _ _ _ _ _ _ _ _ _ _ _ _ _ _ _ _ _ _ _ _ _ _ _ _ _ _ _ _ _ _ _ _ _ _ _ _ _ _ _ _ _ _ _ _ _ _ _ _ _ _ _ _ _ _ _ _ _ _ _ _ _ _ _ _ _ _ _ _ _ _ _ _ _ _ _ _ _ _ _ _ _ _ _ _ _ _ _ _ _ _ _ _ _ _ _ _ _ _ _ _ _ _
tests/integration/conftest.py:177: in asset_for_datasource
    yield _batch_setup_for_datasource.make_asset()
tests/integration/test_utils/data_source_config/databricks.py:76: in make_asset
    connection_string=self.connection_string,
tests/integration/test_utils/data_source_config/databricks.py:53: in connection_string
    return self._databrics_connection_config.connection_string(self.schema)
/opt/homebrew/Cellar/python@3.11/3.11.11/Frameworks/Python.framework/Versions/3.11/lib/python3.11/functools.py:1001: in __get__
    val = self.func(instance)
tests/integration/test_utils/data_source_config/databricks.py:70: in _databrics_connection_config
    return DatabricksConnectionConfig()  # type: ignore[call-arg]  # retrieves env vars
.venv/gx_dev/lib/python3.11/site-packages/pydantic/v1/env_settings.py:40: in __init__
    super().__init__(
_ _ _ _ _ _ _ _ _ _ _ _ _ _ _ _ _ _ _ _ _ _ _ _ _ _ _ _ _ _ _ _ _ _ _ _ _ _ _ _ _ _ _ _ _ _ _ _ _ _ _ _ _ _ _ _ _ _ _ _ _ _ _ _ _ _ _ _ _ _ _ _ _ _ _ _ _ _ _ _ _ _ _ _ _ _ _ _ _ _ _ _ _ _ _ _ _ _ _ _ _ _ _ _ _ _ _ _ _ _ _ _ _ _

__pydantic_self__ = DatabricksConnectionConfig(), data = {}, values = {}, fields_set = set()
validation_error = ValidationError(model='DatabricksConnectionConfig', errors=[{'loc': ('databricks_token',), 'msg': 'field required', 't...': 'value_error.missing'}, {'loc': ('databricks_http_path',), 'msg': 'field required', 'type': 'value_error.missing'}])

    def __init__(__pydantic_self__, **data: Any) -&gt; None:
        """
        Create a new model by parsing and validating input data from keyword arguments.

        Raises ValidationError if the input data cannot be parsed to form a valid model.
        """
        # Uses something other than `self` the first arg to allow "self" as a settable attribute
        values, fields_set, validation_error = validate_model(__pydantic_self__.__class__, data)
        if validation_error:
&gt;           raise validation_error
E           pydantic.v1.error_wrappers.ValidationError: 3 validation errors for DatabricksConnectionConfig
E           databricks_token
E             field required (type=value_error.missing)
E           databricks_host
E             field required (type=value_error.missing)
E           databricks_http_path
E             field required (type=value_error.missing)

.venv/gx_dev/lib/python3.11/site-packages/pydantic/v1/main.py:341: ValidationError</error></testcase><testcase classname="tests.integration.data_sources_and_expectations.expectations.test_unexpected_rows_expectation" name="test_unexpected_rows_expectation_batch_keyword_partitioner_failure[SELECT * FROM {batch} WHERE quantity &gt; 0 OR temperature &gt; 92-databricks]" time="0.003"><error message="failed on setup with &quot;pydantic.v1.error_wrappers.ValidationError: 3 validation errors for DatabricksConnectionConfig&#10;databricks_token&#10;  field required (type=value_error.missing)&#10;databricks_host&#10;  field required (type=value_error.missing)&#10;databricks_http_path&#10;  field required (type=value_error.missing)&quot;">&gt;       lambda: ihook(item=item, **kwds), when=when, reraise=reraise
    )

.venv/gx_dev/lib/python3.11/site-packages/flaky/flaky_pytest_plugin.py:146:
_ _ _ _ _ _ _ _ _ _ _ _ _ _ _ _ _ _ _ _ _ _ _ _ _ _ _ _ _ _ _ _ _ _ _ _ _ _ _ _ _ _ _ _ _ _ _ _ _ _ _ _ _ _ _ _ _ _ _ _ _ _ _ _ _ _ _ _ _ _ _ _ _ _ _ _ _ _ _ _ _ _ _ _ _ _ _ _ _ _ _ _ _ _ _ _ _ _ _ _ _ _ _ _ _ _ _ _ _ _ _ _ _ _
tests/integration/conftest.py:177: in asset_for_datasource
    yield _batch_setup_for_datasource.make_asset()
tests/integration/test_utils/data_source_config/databricks.py:76: in make_asset
    connection_string=self.connection_string,
tests/integration/test_utils/data_source_config/databricks.py:53: in connection_string
    return self._databrics_connection_config.connection_string(self.schema)
/opt/homebrew/Cellar/python@3.11/3.11.11/Frameworks/Python.framework/Versions/3.11/lib/python3.11/functools.py:1001: in __get__
    val = self.func(instance)
tests/integration/test_utils/data_source_config/databricks.py:70: in _databrics_connection_config
    return DatabricksConnectionConfig()  # type: ignore[call-arg]  # retrieves env vars
.venv/gx_dev/lib/python3.11/site-packages/pydantic/v1/env_settings.py:40: in __init__
    super().__init__(
_ _ _ _ _ _ _ _ _ _ _ _ _ _ _ _ _ _ _ _ _ _ _ _ _ _ _ _ _ _ _ _ _ _ _ _ _ _ _ _ _ _ _ _ _ _ _ _ _ _ _ _ _ _ _ _ _ _ _ _ _ _ _ _ _ _ _ _ _ _ _ _ _ _ _ _ _ _ _ _ _ _ _ _ _ _ _ _ _ _ _ _ _ _ _ _ _ _ _ _ _ _ _ _ _ _ _ _ _ _ _ _ _ _

__pydantic_self__ = DatabricksConnectionConfig(), data = {}, values = {}, fields_set = set()
validation_error = ValidationError(model='DatabricksConnectionConfig', errors=[{'loc': ('databricks_token',), 'msg': 'field required', 't...': 'value_error.missing'}, {'loc': ('databricks_http_path',), 'msg': 'field required', 'type': 'value_error.missing'}])

    def __init__(__pydantic_self__, **data: Any) -&gt; None:
        """
        Create a new model by parsing and validating input data from keyword arguments.

        Raises ValidationError if the input data cannot be parsed to form a valid model.
        """
        # Uses something other than `self` the first arg to allow "self" as a settable attribute
        values, fields_set, validation_error = validate_model(__pydantic_self__.__class__, data)
        if validation_error:
&gt;           raise validation_error
E           pydantic.v1.error_wrappers.ValidationError: 3 validation errors for DatabricksConnectionConfig
E           databricks_token
E             field required (type=value_error.missing)
E           databricks_host
E             field required (type=value_error.missing)
E           databricks_http_path
E             field required (type=value_error.missing)

.venv/gx_dev/lib/python3.11/site-packages/pydantic/v1/main.py:341: ValidationError</error></testcase><testcase classname="tests.integration.data_sources_and_expectations.expectations.test_unexpected_rows_expectation" name="test_unexpected_rows_expectation_batch_keyword_partitioner_failure[SELECT * FROM {batch} WHERE quantity &gt; 0 ORDER BY quantity DESC-databricks]" time="0.003"><error message="failed on setup with &quot;pydantic.v1.error_wrappers.ValidationError: 3 validation errors for DatabricksConnectionConfig&#10;databricks_token&#10;  field required (type=value_error.missing)&#10;databricks_host&#10;  field required (type=value_error.missing)&#10;databricks_http_path&#10;  field required (type=value_error.missing)&quot;">&gt;       lambda: ihook(item=item, **kwds), when=when, reraise=reraise
    )

.venv/gx_dev/lib/python3.11/site-packages/flaky/flaky_pytest_plugin.py:146:
_ _ _ _ _ _ _ _ _ _ _ _ _ _ _ _ _ _ _ _ _ _ _ _ _ _ _ _ _ _ _ _ _ _ _ _ _ _ _ _ _ _ _ _ _ _ _ _ _ _ _ _ _ _ _ _ _ _ _ _ _ _ _ _ _ _ _ _ _ _ _ _ _ _ _ _ _ _ _ _ _ _ _ _ _ _ _ _ _ _ _ _ _ _ _ _ _ _ _ _ _ _ _ _ _ _ _ _ _ _ _ _ _ _
tests/integration/conftest.py:177: in asset_for_datasource
    yield _batch_setup_for_datasource.make_asset()
tests/integration/test_utils/data_source_config/databricks.py:76: in make_asset
    connection_string=self.connection_string,
tests/integration/test_utils/data_source_config/databricks.py:53: in connection_string
    return self._databrics_connection_config.connection_string(self.schema)
/opt/homebrew/Cellar/python@3.11/3.11.11/Frameworks/Python.framework/Versions/3.11/lib/python3.11/functools.py:1001: in __get__
    val = self.func(instance)
tests/integration/test_utils/data_source_config/databricks.py:70: in _databrics_connection_config
    return DatabricksConnectionConfig()  # type: ignore[call-arg]  # retrieves env vars
.venv/gx_dev/lib/python3.11/site-packages/pydantic/v1/env_settings.py:40: in __init__
    super().__init__(
_ _ _ _ _ _ _ _ _ _ _ _ _ _ _ _ _ _ _ _ _ _ _ _ _ _ _ _ _ _ _ _ _ _ _ _ _ _ _ _ _ _ _ _ _ _ _ _ _ _ _ _ _ _ _ _ _ _ _ _ _ _ _ _ _ _ _ _ _ _ _ _ _ _ _ _ _ _ _ _ _ _ _ _ _ _ _ _ _ _ _ _ _ _ _ _ _ _ _ _ _ _ _ _ _ _ _ _ _ _ _ _ _ _

__pydantic_self__ = DatabricksConnectionConfig(), data = {}, values = {}, fields_set = set()
validation_error = ValidationError(model='DatabricksConnectionConfig', errors=[{'loc': ('databricks_token',), 'msg': 'field required', 't...': 'value_error.missing'}, {'loc': ('databricks_http_path',), 'msg': 'field required', 'type': 'value_error.missing'}])

    def __init__(__pydantic_self__, **data: Any) -&gt; None:
        """
        Create a new model by parsing and validating input data from keyword arguments.

        Raises ValidationError if the input data cannot be parsed to form a valid model.
        """
        # Uses something other than `self` the first arg to allow "self" as a settable attribute
        values, fields_set, validation_error = validate_model(__pydantic_self__.__class__, data)
        if validation_error:
&gt;           raise validation_error
E           pydantic.v1.error_wrappers.ValidationError: 3 validation errors for DatabricksConnectionConfig
E           databricks_token
E             field required (type=value_error.missing)
E           databricks_host
E             field required (type=value_error.missing)
E           databricks_http_path
E             field required (type=value_error.missing)

.venv/gx_dev/lib/python3.11/site-packages/pydantic/v1/main.py:341: ValidationError</error></testcase><testcase classname="tests.integration.data_sources_and_expectations.expectations.test_unexpected_rows_expectation" name="test_unexpected_rows_expectation_batch_keyword_partitioner_failure[SELECT color FROM {batch} GROUP BY color HAVING SUM(quantity) &gt; 0-databricks]" time="0.003"><error message="failed on setup with &quot;pydantic.v1.error_wrappers.ValidationError: 3 validation errors for DatabricksConnectionConfig&#10;databricks_token&#10;  field required (type=value_error.missing)&#10;databricks_host&#10;  field required (type=value_error.missing)&#10;databricks_http_path&#10;  field required (type=value_error.missing)&quot;">&gt;       lambda: ihook(item=item, **kwds), when=when, reraise=reraise
    )

.venv/gx_dev/lib/python3.11/site-packages/flaky/flaky_pytest_plugin.py:146:
_ _ _ _ _ _ _ _ _ _ _ _ _ _ _ _ _ _ _ _ _ _ _ _ _ _ _ _ _ _ _ _ _ _ _ _ _ _ _ _ _ _ _ _ _ _ _ _ _ _ _ _ _ _ _ _ _ _ _ _ _ _ _ _ _ _ _ _ _ _ _ _ _ _ _ _ _ _ _ _ _ _ _ _ _ _ _ _ _ _ _ _ _ _ _ _ _ _ _ _ _ _ _ _ _ _ _ _ _ _ _ _ _ _
tests/integration/conftest.py:177: in asset_for_datasource
    yield _batch_setup_for_datasource.make_asset()
tests/integration/test_utils/data_source_config/databricks.py:76: in make_asset
    connection_string=self.connection_string,
tests/integration/test_utils/data_source_config/databricks.py:53: in connection_string
    return self._databrics_connection_config.connection_string(self.schema)
/opt/homebrew/Cellar/python@3.11/3.11.11/Frameworks/Python.framework/Versions/3.11/lib/python3.11/functools.py:1001: in __get__
    val = self.func(instance)
tests/integration/test_utils/data_source_config/databricks.py:70: in _databrics_connection_config
    return DatabricksConnectionConfig()  # type: ignore[call-arg]  # retrieves env vars
.venv/gx_dev/lib/python3.11/site-packages/pydantic/v1/env_settings.py:40: in __init__
    super().__init__(
_ _ _ _ _ _ _ _ _ _ _ _ _ _ _ _ _ _ _ _ _ _ _ _ _ _ _ _ _ _ _ _ _ _ _ _ _ _ _ _ _ _ _ _ _ _ _ _ _ _ _ _ _ _ _ _ _ _ _ _ _ _ _ _ _ _ _ _ _ _ _ _ _ _ _ _ _ _ _ _ _ _ _ _ _ _ _ _ _ _ _ _ _ _ _ _ _ _ _ _ _ _ _ _ _ _ _ _ _ _ _ _ _ _

__pydantic_self__ = DatabricksConnectionConfig(), data = {}, values = {}, fields_set = set()
validation_error = ValidationError(model='DatabricksConnectionConfig', errors=[{'loc': ('databricks_token',), 'msg': 'field required', 't...': 'value_error.missing'}, {'loc': ('databricks_http_path',), 'msg': 'field required', 'type': 'value_error.missing'}])

    def __init__(__pydantic_self__, **data: Any) -&gt; None:
        """
        Create a new model by parsing and validating input data from keyword arguments.

        Raises ValidationError if the input data cannot be parsed to form a valid model.
        """
        # Uses something other than `self` the first arg to allow "self" as a settable attribute
        values, fields_set, validation_error = validate_model(__pydantic_self__.__class__, data)
        if validation_error:
&gt;           raise validation_error
E           pydantic.v1.error_wrappers.ValidationError: 3 validation errors for DatabricksConnectionConfig
E           databricks_token
E             field required (type=value_error.missing)
E           databricks_host
E             field required (type=value_error.missing)
E           databricks_http_path
E             field required (type=value_error.missing)

.venv/gx_dev/lib/python3.11/site-packages/pydantic/v1/main.py:341: ValidationError</error></testcase><testcase classname="tests.integration.data_sources_and_expectations.expectations.test_unexpected_rows_expectation" name="test_unexpected_rows_expectation_join_keyword_partitioner_failure[databricks]" time="0.004"><error message="failed on setup with &quot;pydantic.v1.error_wrappers.ValidationError: 3 validation errors for DatabricksConnectionConfig&#10;databricks_token&#10;  field required (type=value_error.missing)&#10;databricks_host&#10;  field required (type=value_error.missing)&#10;databricks_http_path&#10;  field required (type=value_error.missing)&quot;">&gt;       lambda: ihook(item=item, **kwds), when=when, reraise=reraise
    )

.venv/gx_dev/lib/python3.11/site-packages/flaky/flaky_pytest_plugin.py:146:
_ _ _ _ _ _ _ _ _ _ _ _ _ _ _ _ _ _ _ _ _ _ _ _ _ _ _ _ _ _ _ _ _ _ _ _ _ _ _ _ _ _ _ _ _ _ _ _ _ _ _ _ _ _ _ _ _ _ _ _ _ _ _ _ _ _ _ _ _ _ _ _ _ _ _ _ _ _ _ _ _ _ _ _ _ _ _ _ _ _ _ _ _ _ _ _ _ _ _ _ _ _ _ _ _ _ _ _ _ _ _ _ _ _
tests/integration/conftest.py:177: in asset_for_datasource
    yield _batch_setup_for_datasource.make_asset()
tests/integration/test_utils/data_source_config/databricks.py:76: in make_asset
    connection_string=self.connection_string,
tests/integration/test_utils/data_source_config/databricks.py:53: in connection_string
    return self._databrics_connection_config.connection_string(self.schema)
/opt/homebrew/Cellar/python@3.11/3.11.11/Frameworks/Python.framework/Versions/3.11/lib/python3.11/functools.py:1001: in __get__
    val = self.func(instance)
tests/integration/test_utils/data_source_config/databricks.py:70: in _databrics_connection_config
    return DatabricksConnectionConfig()  # type: ignore[call-arg]  # retrieves env vars
.venv/gx_dev/lib/python3.11/site-packages/pydantic/v1/env_settings.py:40: in __init__
    super().__init__(
_ _ _ _ _ _ _ _ _ _ _ _ _ _ _ _ _ _ _ _ _ _ _ _ _ _ _ _ _ _ _ _ _ _ _ _ _ _ _ _ _ _ _ _ _ _ _ _ _ _ _ _ _ _ _ _ _ _ _ _ _ _ _ _ _ _ _ _ _ _ _ _ _ _ _ _ _ _ _ _ _ _ _ _ _ _ _ _ _ _ _ _ _ _ _ _ _ _ _ _ _ _ _ _ _ _ _ _ _ _ _ _ _ _

__pydantic_self__ = DatabricksConnectionConfig(), data = {}, values = {}, fields_set = set()
validation_error = ValidationError(model='DatabricksConnectionConfig', errors=[{'loc': ('databricks_token',), 'msg': 'field required', 't...': 'value_error.missing'}, {'loc': ('databricks_http_path',), 'msg': 'field required', 'type': 'value_error.missing'}])

    def __init__(__pydantic_self__, **data: Any) -&gt; None:
        """
        Create a new model by parsing and validating input data from keyword arguments.

        Raises ValidationError if the input data cannot be parsed to form a valid model.
        """
        # Uses something other than `self` the first arg to allow "self" as a settable attribute
        values, fields_set, validation_error = validate_model(__pydantic_self__.__class__, data)
        if validation_error:
&gt;           raise validation_error
E           pydantic.v1.error_wrappers.ValidationError: 3 validation errors for DatabricksConnectionConfig
E           databricks_token
E             field required (type=value_error.missing)
E           databricks_host
E             field required (type=value_error.missing)
E           databricks_http_path
E             field required (type=value_error.missing)

.venv/gx_dev/lib/python3.11/site-packages/pydantic/v1/main.py:341: ValidationError</error></testcase><testcase classname="tests.integration.data_sources_and_expectations.test_canonical_expectations" name="test_expect_column_min_to_be_between[databricks]" time="0.002"><error message="failed on setup with &quot;pydantic.v1.error_wrappers.ValidationError: 3 validation errors for DatabricksConnectionConfig&#10;databricks_token&#10;  field required (type=value_error.missing)&#10;databricks_host&#10;  field required (type=value_error.missing)&#10;databricks_http_path&#10;  field required (type=value_error.missing)&quot;">&gt;       lambda: ihook(item=item, **kwds), when=when, reraise=reraise
    )

.venv/gx_dev/lib/python3.11/site-packages/flaky/flaky_pytest_plugin.py:146:
_ _ _ _ _ _ _ _ _ _ _ _ _ _ _ _ _ _ _ _ _ _ _ _ _ _ _ _ _ _ _ _ _ _ _ _ _ _ _ _ _ _ _ _ _ _ _ _ _ _ _ _ _ _ _ _ _ _ _ _ _ _ _ _ _ _ _ _ _ _ _ _ _ _ _ _ _ _ _ _ _ _ _ _ _ _ _ _ _ _ _ _ _ _ _ _ _ _ _ _ _ _ _ _ _ _ _ _ _ _ _ _ _ _
tests/integration/conftest.py:153: in _batch_setup_for_datasource
    batch_setup.setup()
tests/integration/test_utils/data_source_config/sql.py:126: in setup
    engine = create_engine(url=self.connection_string)
tests/integration/test_utils/data_source_config/databricks.py:53: in connection_string
    return self._databrics_connection_config.connection_string(self.schema)
/opt/homebrew/Cellar/python@3.11/3.11.11/Frameworks/Python.framework/Versions/3.11/lib/python3.11/functools.py:1001: in __get__
    val = self.func(instance)
tests/integration/test_utils/data_source_config/databricks.py:70: in _databrics_connection_config
    return DatabricksConnectionConfig()  # type: ignore[call-arg]  # retrieves env vars
.venv/gx_dev/lib/python3.11/site-packages/pydantic/v1/env_settings.py:40: in __init__
    super().__init__(
_ _ _ _ _ _ _ _ _ _ _ _ _ _ _ _ _ _ _ _ _ _ _ _ _ _ _ _ _ _ _ _ _ _ _ _ _ _ _ _ _ _ _ _ _ _ _ _ _ _ _ _ _ _ _ _ _ _ _ _ _ _ _ _ _ _ _ _ _ _ _ _ _ _ _ _ _ _ _ _ _ _ _ _ _ _ _ _ _ _ _ _ _ _ _ _ _ _ _ _ _ _ _ _ _ _ _ _ _ _ _ _ _ _

__pydantic_self__ = DatabricksConnectionConfig(), data = {}, values = {}, fields_set = set()
validation_error = ValidationError(model='DatabricksConnectionConfig', errors=[{'loc': ('databricks_token',), 'msg': 'field required', 't...': 'value_error.missing'}, {'loc': ('databricks_http_path',), 'msg': 'field required', 'type': 'value_error.missing'}])

    def __init__(__pydantic_self__, **data: Any) -&gt; None:
        """
        Create a new model by parsing and validating input data from keyword arguments.

        Raises ValidationError if the input data cannot be parsed to form a valid model.
        """
        # Uses something other than `self` the first arg to allow "self" as a settable attribute
        values, fields_set, validation_error = validate_model(__pydantic_self__.__class__, data)
        if validation_error:
&gt;           raise validation_error
E           pydantic.v1.error_wrappers.ValidationError: 3 validation errors for DatabricksConnectionConfig
E           databricks_token
E             field required (type=value_error.missing)
E           databricks_host
E             field required (type=value_error.missing)
E           databricks_http_path
E             field required (type=value_error.missing)

.venv/gx_dev/lib/python3.11/site-packages/pydantic/v1/main.py:341: ValidationError</error></testcase><testcase classname="tests.integration.data_sources_and_expectations.test_canonical_expectations" name="test_expect_column_min_to_be_between__date[databricks]" time="0.003"><error message="failed on setup with &quot;pydantic.v1.error_wrappers.ValidationError: 3 validation errors for DatabricksConnectionConfig&#10;databricks_token&#10;  field required (type=value_error.missing)&#10;databricks_host&#10;  field required (type=value_error.missing)&#10;databricks_http_path&#10;  field required (type=value_error.missing)&quot;">&gt;       lambda: ihook(item=item, **kwds), when=when, reraise=reraise
    )

.venv/gx_dev/lib/python3.11/site-packages/flaky/flaky_pytest_plugin.py:146:
_ _ _ _ _ _ _ _ _ _ _ _ _ _ _ _ _ _ _ _ _ _ _ _ _ _ _ _ _ _ _ _ _ _ _ _ _ _ _ _ _ _ _ _ _ _ _ _ _ _ _ _ _ _ _ _ _ _ _ _ _ _ _ _ _ _ _ _ _ _ _ _ _ _ _ _ _ _ _ _ _ _ _ _ _ _ _ _ _ _ _ _ _ _ _ _ _ _ _ _ _ _ _ _ _ _ _ _ _ _ _ _ _ _
tests/integration/conftest.py:153: in _batch_setup_for_datasource
    batch_setup.setup()
tests/integration/test_utils/data_source_config/sql.py:126: in setup
    engine = create_engine(url=self.connection_string)
tests/integration/test_utils/data_source_config/databricks.py:53: in connection_string
    return self._databrics_connection_config.connection_string(self.schema)
/opt/homebrew/Cellar/python@3.11/3.11.11/Frameworks/Python.framework/Versions/3.11/lib/python3.11/functools.py:1001: in __get__
    val = self.func(instance)
tests/integration/test_utils/data_source_config/databricks.py:70: in _databrics_connection_config
    return DatabricksConnectionConfig()  # type: ignore[call-arg]  # retrieves env vars
.venv/gx_dev/lib/python3.11/site-packages/pydantic/v1/env_settings.py:40: in __init__
    super().__init__(
_ _ _ _ _ _ _ _ _ _ _ _ _ _ _ _ _ _ _ _ _ _ _ _ _ _ _ _ _ _ _ _ _ _ _ _ _ _ _ _ _ _ _ _ _ _ _ _ _ _ _ _ _ _ _ _ _ _ _ _ _ _ _ _ _ _ _ _ _ _ _ _ _ _ _ _ _ _ _ _ _ _ _ _ _ _ _ _ _ _ _ _ _ _ _ _ _ _ _ _ _ _ _ _ _ _ _ _ _ _ _ _ _ _

__pydantic_self__ = DatabricksConnectionConfig(), data = {}, values = {}, fields_set = set()
validation_error = ValidationError(model='DatabricksConnectionConfig', errors=[{'loc': ('databricks_token',), 'msg': 'field required', 't...': 'value_error.missing'}, {'loc': ('databricks_http_path',), 'msg': 'field required', 'type': 'value_error.missing'}])

    def __init__(__pydantic_self__, **data: Any) -&gt; None:
        """
        Create a new model by parsing and validating input data from keyword arguments.

        Raises ValidationError if the input data cannot be parsed to form a valid model.
        """
        # Uses something other than `self` the first arg to allow "self" as a settable attribute
        values, fields_set, validation_error = validate_model(__pydantic_self__.__class__, data)
        if validation_error:
&gt;           raise validation_error
E           pydantic.v1.error_wrappers.ValidationError: 3 validation errors for DatabricksConnectionConfig
E           databricks_token
E             field required (type=value_error.missing)
E           databricks_host
E             field required (type=value_error.missing)
E           databricks_http_path
E             field required (type=value_error.missing)

.venv/gx_dev/lib/python3.11/site-packages/pydantic/v1/main.py:341: ValidationError</error></testcase><testcase classname="tests.integration.data_sources_and_expectations.test_canonical_expectations" name="test_expect_column_max_to_be_between__date[databricks]" time="0.009"><error message="failed on setup with &quot;pydantic.v1.error_wrappers.ValidationError: 3 validation errors for DatabricksConnectionConfig&#10;databricks_token&#10;  field required (type=value_error.missing)&#10;databricks_host&#10;  field required (type=value_error.missing)&#10;databricks_http_path&#10;  field required (type=value_error.missing)&quot;">&gt;       lambda: ihook(item=item, **kwds), when=when, reraise=reraise
    )

.venv/gx_dev/lib/python3.11/site-packages/flaky/flaky_pytest_plugin.py:146:
_ _ _ _ _ _ _ _ _ _ _ _ _ _ _ _ _ _ _ _ _ _ _ _ _ _ _ _ _ _ _ _ _ _ _ _ _ _ _ _ _ _ _ _ _ _ _ _ _ _ _ _ _ _ _ _ _ _ _ _ _ _ _ _ _ _ _ _ _ _ _ _ _ _ _ _ _ _ _ _ _ _ _ _ _ _ _ _ _ _ _ _ _ _ _ _ _ _ _ _ _ _ _ _ _ _ _ _ _ _ _ _ _ _
tests/integration/conftest.py:166: in batch_for_datasource
    yield _batch_setup_for_datasource.make_batch()
tests/integration/test_utils/data_source_config/sql.py:83: in make_batch
    self.make_asset()
tests/integration/test_utils/data_source_config/databricks.py:76: in make_asset
    connection_string=self.connection_string,
tests/integration/test_utils/data_source_config/databricks.py:53: in connection_string
    return self._databrics_connection_config.connection_string(self.schema)
/opt/homebrew/Cellar/python@3.11/3.11.11/Frameworks/Python.framework/Versions/3.11/lib/python3.11/functools.py:1001: in __get__
    val = self.func(instance)
tests/integration/test_utils/data_source_config/databricks.py:70: in _databrics_connection_config
    return DatabricksConnectionConfig()  # type: ignore[call-arg]  # retrieves env vars
.venv/gx_dev/lib/python3.11/site-packages/pydantic/v1/env_settings.py:40: in __init__
    super().__init__(
_ _ _ _ _ _ _ _ _ _ _ _ _ _ _ _ _ _ _ _ _ _ _ _ _ _ _ _ _ _ _ _ _ _ _ _ _ _ _ _ _ _ _ _ _ _ _ _ _ _ _ _ _ _ _ _ _ _ _ _ _ _ _ _ _ _ _ _ _ _ _ _ _ _ _ _ _ _ _ _ _ _ _ _ _ _ _ _ _ _ _ _ _ _ _ _ _ _ _ _ _ _ _ _ _ _ _ _ _ _ _ _ _ _

__pydantic_self__ = DatabricksConnectionConfig(), data = {}, values = {}, fields_set = set()
validation_error = ValidationError(model='DatabricksConnectionConfig', errors=[{'loc': ('databricks_token',), 'msg': 'field required', 't...': 'value_error.missing'}, {'loc': ('databricks_http_path',), 'msg': 'field required', 'type': 'value_error.missing'}])

    def __init__(__pydantic_self__, **data: Any) -&gt; None:
        """
        Create a new model by parsing and validating input data from keyword arguments.

        Raises ValidationError if the input data cannot be parsed to form a valid model.
        """
        # Uses something other than `self` the first arg to allow "self" as a settable attribute
        values, fields_set, validation_error = validate_model(__pydantic_self__.__class__, data)
        if validation_error:
&gt;           raise validation_error
E           pydantic.v1.error_wrappers.ValidationError: 3 validation errors for DatabricksConnectionConfig
E           databricks_token
E             field required (type=value_error.missing)
E           databricks_host
E             field required (type=value_error.missing)
E           databricks_http_path
E             field required (type=value_error.missing)

.venv/gx_dev/lib/python3.11/site-packages/pydantic/v1/main.py:341: ValidationError</error></testcase><testcase classname="tests.integration.data_sources_and_expectations.test_canonical_expectations" name="test_expect_column_max_to_be_between[databricks]" time="0.009"><error message="failed on setup with &quot;pydantic.v1.error_wrappers.ValidationError: 3 validation errors for DatabricksConnectionConfig&#10;databricks_token&#10;  field required (type=value_error.missing)&#10;databricks_host&#10;  field required (type=value_error.missing)&#10;databricks_http_path&#10;  field required (type=value_error.missing)&quot;">&gt;       lambda: ihook(item=item, **kwds), when=when, reraise=reraise
    )

.venv/gx_dev/lib/python3.11/site-packages/flaky/flaky_pytest_plugin.py:146:
_ _ _ _ _ _ _ _ _ _ _ _ _ _ _ _ _ _ _ _ _ _ _ _ _ _ _ _ _ _ _ _ _ _ _ _ _ _ _ _ _ _ _ _ _ _ _ _ _ _ _ _ _ _ _ _ _ _ _ _ _ _ _ _ _ _ _ _ _ _ _ _ _ _ _ _ _ _ _ _ _ _ _ _ _ _ _ _ _ _ _ _ _ _ _ _ _ _ _ _ _ _ _ _ _ _ _ _ _ _ _ _ _ _
tests/integration/conftest.py:166: in batch_for_datasource
    yield _batch_setup_for_datasource.make_batch()
tests/integration/test_utils/data_source_config/sql.py:83: in make_batch
    self.make_asset()
tests/integration/test_utils/data_source_config/databricks.py:76: in make_asset
    connection_string=self.connection_string,
tests/integration/test_utils/data_source_config/databricks.py:53: in connection_string
    return self._databrics_connection_config.connection_string(self.schema)
/opt/homebrew/Cellar/python@3.11/3.11.11/Frameworks/Python.framework/Versions/3.11/lib/python3.11/functools.py:1001: in __get__
    val = self.func(instance)
tests/integration/test_utils/data_source_config/databricks.py:70: in _databrics_connection_config
    return DatabricksConnectionConfig()  # type: ignore[call-arg]  # retrieves env vars
.venv/gx_dev/lib/python3.11/site-packages/pydantic/v1/env_settings.py:40: in __init__
    super().__init__(
_ _ _ _ _ _ _ _ _ _ _ _ _ _ _ _ _ _ _ _ _ _ _ _ _ _ _ _ _ _ _ _ _ _ _ _ _ _ _ _ _ _ _ _ _ _ _ _ _ _ _ _ _ _ _ _ _ _ _ _ _ _ _ _ _ _ _ _ _ _ _ _ _ _ _ _ _ _ _ _ _ _ _ _ _ _ _ _ _ _ _ _ _ _ _ _ _ _ _ _ _ _ _ _ _ _ _ _ _ _ _ _ _ _

__pydantic_self__ = DatabricksConnectionConfig(), data = {}, values = {}, fields_set = set()
validation_error = ValidationError(model='DatabricksConnectionConfig', errors=[{'loc': ('databricks_token',), 'msg': 'field required', 't...': 'value_error.missing'}, {'loc': ('databricks_http_path',), 'msg': 'field required', 'type': 'value_error.missing'}])

    def __init__(__pydantic_self__, **data: Any) -&gt; None:
        """
        Create a new model by parsing and validating input data from keyword arguments.

        Raises ValidationError if the input data cannot be parsed to form a valid model.
        """
        # Uses something other than `self` the first arg to allow "self" as a settable attribute
        values, fields_set, validation_error = validate_model(__pydantic_self__.__class__, data)
        if validation_error:
&gt;           raise validation_error
E           pydantic.v1.error_wrappers.ValidationError: 3 validation errors for DatabricksConnectionConfig
E           databricks_token
E             field required (type=value_error.missing)
E           databricks_host
E             field required (type=value_error.missing)
E           databricks_http_path
E             field required (type=value_error.missing)

.venv/gx_dev/lib/python3.11/site-packages/pydantic/v1/main.py:341: ValidationError</error></testcase><testcase classname="tests.integration.data_sources_and_expectations.test_canonical_expectations" name="test_expect_column_to_exist[databricks]" time="0.003"><error message="failed on setup with &quot;pydantic.v1.error_wrappers.ValidationError: 3 validation errors for DatabricksConnectionConfig&#10;databricks_token&#10;  field required (type=value_error.missing)&#10;databricks_host&#10;  field required (type=value_error.missing)&#10;databricks_http_path&#10;  field required (type=value_error.missing)&quot;">&gt;       lambda: ihook(item=item, **kwds), when=when, reraise=reraise
    )

.venv/gx_dev/lib/python3.11/site-packages/flaky/flaky_pytest_plugin.py:146:
_ _ _ _ _ _ _ _ _ _ _ _ _ _ _ _ _ _ _ _ _ _ _ _ _ _ _ _ _ _ _ _ _ _ _ _ _ _ _ _ _ _ _ _ _ _ _ _ _ _ _ _ _ _ _ _ _ _ _ _ _ _ _ _ _ _ _ _ _ _ _ _ _ _ _ _ _ _ _ _ _ _ _ _ _ _ _ _ _ _ _ _ _ _ _ _ _ _ _ _ _ _ _ _ _ _ _ _ _ _ _ _ _ _
tests/integration/conftest.py:166: in batch_for_datasource
    yield _batch_setup_for_datasource.make_batch()
tests/integration/test_utils/data_source_config/sql.py:83: in make_batch
    self.make_asset()
tests/integration/test_utils/data_source_config/databricks.py:76: in make_asset
    connection_string=self.connection_string,
tests/integration/test_utils/data_source_config/databricks.py:53: in connection_string
    return self._databrics_connection_config.connection_string(self.schema)
/opt/homebrew/Cellar/python@3.11/3.11.11/Frameworks/Python.framework/Versions/3.11/lib/python3.11/functools.py:1001: in __get__
    val = self.func(instance)
tests/integration/test_utils/data_source_config/databricks.py:70: in _databrics_connection_config
    return DatabricksConnectionConfig()  # type: ignore[call-arg]  # retrieves env vars
.venv/gx_dev/lib/python3.11/site-packages/pydantic/v1/env_settings.py:40: in __init__
    super().__init__(
_ _ _ _ _ _ _ _ _ _ _ _ _ _ _ _ _ _ _ _ _ _ _ _ _ _ _ _ _ _ _ _ _ _ _ _ _ _ _ _ _ _ _ _ _ _ _ _ _ _ _ _ _ _ _ _ _ _ _ _ _ _ _ _ _ _ _ _ _ _ _ _ _ _ _ _ _ _ _ _ _ _ _ _ _ _ _ _ _ _ _ _ _ _ _ _ _ _ _ _ _ _ _ _ _ _ _ _ _ _ _ _ _ _

__pydantic_self__ = DatabricksConnectionConfig(), data = {}, values = {}, fields_set = set()
validation_error = ValidationError(model='DatabricksConnectionConfig', errors=[{'loc': ('databricks_token',), 'msg': 'field required', 't...': 'value_error.missing'}, {'loc': ('databricks_http_path',), 'msg': 'field required', 'type': 'value_error.missing'}])

    def __init__(__pydantic_self__, **data: Any) -&gt; None:
        """
        Create a new model by parsing and validating input data from keyword arguments.

        Raises ValidationError if the input data cannot be parsed to form a valid model.
        """
        # Uses something other than `self` the first arg to allow "self" as a settable attribute
        values, fields_set, validation_error = validate_model(__pydantic_self__.__class__, data)
        if validation_error:
&gt;           raise validation_error
E           pydantic.v1.error_wrappers.ValidationError: 3 validation errors for DatabricksConnectionConfig
E           databricks_token
E             field required (type=value_error.missing)
E           databricks_host
E             field required (type=value_error.missing)
E           databricks_http_path
E             field required (type=value_error.missing)

.venv/gx_dev/lib/python3.11/site-packages/pydantic/v1/main.py:341: ValidationError</error></testcase><testcase classname="tests.integration.data_sources_and_expectations.test_canonical_expectations" name="test_expect_column_values_to_not_be_null[databricks]" time="0.003"><error message="failed on setup with &quot;pydantic.v1.error_wrappers.ValidationError: 3 validation errors for DatabricksConnectionConfig&#10;databricks_token&#10;  field required (type=value_error.missing)&#10;databricks_host&#10;  field required (type=value_error.missing)&#10;databricks_http_path&#10;  field required (type=value_error.missing)&quot;">&gt;       lambda: ihook(item=item, **kwds), when=when, reraise=reraise
    )

.venv/gx_dev/lib/python3.11/site-packages/flaky/flaky_pytest_plugin.py:146:
_ _ _ _ _ _ _ _ _ _ _ _ _ _ _ _ _ _ _ _ _ _ _ _ _ _ _ _ _ _ _ _ _ _ _ _ _ _ _ _ _ _ _ _ _ _ _ _ _ _ _ _ _ _ _ _ _ _ _ _ _ _ _ _ _ _ _ _ _ _ _ _ _ _ _ _ _ _ _ _ _ _ _ _ _ _ _ _ _ _ _ _ _ _ _ _ _ _ _ _ _ _ _ _ _ _ _ _ _ _ _ _ _ _
tests/integration/conftest.py:166: in batch_for_datasource
    yield _batch_setup_for_datasource.make_batch()
tests/integration/test_utils/data_source_config/sql.py:83: in make_batch
    self.make_asset()
tests/integration/test_utils/data_source_config/databricks.py:76: in make_asset
    connection_string=self.connection_string,
tests/integration/test_utils/data_source_config/databricks.py:53: in connection_string
    return self._databrics_connection_config.connection_string(self.schema)
/opt/homebrew/Cellar/python@3.11/3.11.11/Frameworks/Python.framework/Versions/3.11/lib/python3.11/functools.py:1001: in __get__
    val = self.func(instance)
tests/integration/test_utils/data_source_config/databricks.py:70: in _databrics_connection_config
    return DatabricksConnectionConfig()  # type: ignore[call-arg]  # retrieves env vars
.venv/gx_dev/lib/python3.11/site-packages/pydantic/v1/env_settings.py:40: in __init__
    super().__init__(
_ _ _ _ _ _ _ _ _ _ _ _ _ _ _ _ _ _ _ _ _ _ _ _ _ _ _ _ _ _ _ _ _ _ _ _ _ _ _ _ _ _ _ _ _ _ _ _ _ _ _ _ _ _ _ _ _ _ _ _ _ _ _ _ _ _ _ _ _ _ _ _ _ _ _ _ _ _ _ _ _ _ _ _ _ _ _ _ _ _ _ _ _ _ _ _ _ _ _ _ _ _ _ _ _ _ _ _ _ _ _ _ _ _

__pydantic_self__ = DatabricksConnectionConfig(), data = {}, values = {}, fields_set = set()
validation_error = ValidationError(model='DatabricksConnectionConfig', errors=[{'loc': ('databricks_token',), 'msg': 'field required', 't...': 'value_error.missing'}, {'loc': ('databricks_http_path',), 'msg': 'field required', 'type': 'value_error.missing'}])

    def __init__(__pydantic_self__, **data: Any) -&gt; None:
        """
        Create a new model by parsing and validating input data from keyword arguments.

        Raises ValidationError if the input data cannot be parsed to form a valid model.
        """
        # Uses something other than `self` the first arg to allow "self" as a settable attribute
        values, fields_set, validation_error = validate_model(__pydantic_self__.__class__, data)
        if validation_error:
&gt;           raise validation_error
E           pydantic.v1.error_wrappers.ValidationError: 3 validation errors for DatabricksConnectionConfig
E           databricks_token
E             field required (type=value_error.missing)
E           databricks_host
E             field required (type=value_error.missing)
E           databricks_http_path
E             field required (type=value_error.missing)

.venv/gx_dev/lib/python3.11/site-packages/pydantic/v1/main.py:341: ValidationError</error></testcase><testcase classname="tests.integration.data_sources_and_expectations.test_canonical_expectations" name="test_expect_column_mean_to_be_between[databricks]" time="0.009"><error message="failed on setup with &quot;pydantic.v1.error_wrappers.ValidationError: 3 validation errors for DatabricksConnectionConfig&#10;databricks_token&#10;  field required (type=value_error.missing)&#10;databricks_host&#10;  field required (type=value_error.missing)&#10;databricks_http_path&#10;  field required (type=value_error.missing)&quot;">&gt;       lambda: ihook(item=item, **kwds), when=when, reraise=reraise
    )

.venv/gx_dev/lib/python3.11/site-packages/flaky/flaky_pytest_plugin.py:146:
_ _ _ _ _ _ _ _ _ _ _ _ _ _ _ _ _ _ _ _ _ _ _ _ _ _ _ _ _ _ _ _ _ _ _ _ _ _ _ _ _ _ _ _ _ _ _ _ _ _ _ _ _ _ _ _ _ _ _ _ _ _ _ _ _ _ _ _ _ _ _ _ _ _ _ _ _ _ _ _ _ _ _ _ _ _ _ _ _ _ _ _ _ _ _ _ _ _ _ _ _ _ _ _ _ _ _ _ _ _ _ _ _ _
tests/integration/conftest.py:166: in batch_for_datasource
    yield _batch_setup_for_datasource.make_batch()
tests/integration/test_utils/data_source_config/sql.py:83: in make_batch
    self.make_asset()
tests/integration/test_utils/data_source_config/databricks.py:76: in make_asset
    connection_string=self.connection_string,
tests/integration/test_utils/data_source_config/databricks.py:53: in connection_string
    return self._databrics_connection_config.connection_string(self.schema)
/opt/homebrew/Cellar/python@3.11/3.11.11/Frameworks/Python.framework/Versions/3.11/lib/python3.11/functools.py:1001: in __get__
    val = self.func(instance)
tests/integration/test_utils/data_source_config/databricks.py:70: in _databrics_connection_config
    return DatabricksConnectionConfig()  # type: ignore[call-arg]  # retrieves env vars
.venv/gx_dev/lib/python3.11/site-packages/pydantic/v1/env_settings.py:40: in __init__
    super().__init__(
_ _ _ _ _ _ _ _ _ _ _ _ _ _ _ _ _ _ _ _ _ _ _ _ _ _ _ _ _ _ _ _ _ _ _ _ _ _ _ _ _ _ _ _ _ _ _ _ _ _ _ _ _ _ _ _ _ _ _ _ _ _ _ _ _ _ _ _ _ _ _ _ _ _ _ _ _ _ _ _ _ _ _ _ _ _ _ _ _ _ _ _ _ _ _ _ _ _ _ _ _ _ _ _ _ _ _ _ _ _ _ _ _ _

__pydantic_self__ = DatabricksConnectionConfig(), data = {}, values = {}, fields_set = set()
validation_error = ValidationError(model='DatabricksConnectionConfig', errors=[{'loc': ('databricks_token',), 'msg': 'field required', 't...': 'value_error.missing'}, {'loc': ('databricks_http_path',), 'msg': 'field required', 'type': 'value_error.missing'}])

    def __init__(__pydantic_self__, **data: Any) -&gt; None:
        """
        Create a new model by parsing and validating input data from keyword arguments.

        Raises ValidationError if the input data cannot be parsed to form a valid model.
        """
        # Uses something other than `self` the first arg to allow "self" as a settable attribute
        values, fields_set, validation_error = validate_model(__pydantic_self__.__class__, data)
        if validation_error:
&gt;           raise validation_error
E           pydantic.v1.error_wrappers.ValidationError: 3 validation errors for DatabricksConnectionConfig
E           databricks_token
E             field required (type=value_error.missing)
E           databricks_host
E             field required (type=value_error.missing)
E           databricks_http_path
E             field required (type=value_error.missing)

.venv/gx_dev/lib/python3.11/site-packages/pydantic/v1/main.py:341: ValidationError</error></testcase><testcase classname="tests.integration.data_sources_and_expectations.test_expectation_conditions" name="test_expect_column_min_to_be_between__spark_and_sql_row_condition[text - eq-databricks]" time="0.003"><error message="failed on setup with &quot;pydantic.v1.error_wrappers.ValidationError: 3 validation errors for DatabricksConnectionConfig&#10;databricks_token&#10;  field required (type=value_error.missing)&#10;databricks_host&#10;  field required (type=value_error.missing)&#10;databricks_http_path&#10;  field required (type=value_error.missing)&quot;">&gt;       lambda: ihook(item=item, **kwds), when=when, reraise=reraise
    )

.venv/gx_dev/lib/python3.11/site-packages/flaky/flaky_pytest_plugin.py:146:
_ _ _ _ _ _ _ _ _ _ _ _ _ _ _ _ _ _ _ _ _ _ _ _ _ _ _ _ _ _ _ _ _ _ _ _ _ _ _ _ _ _ _ _ _ _ _ _ _ _ _ _ _ _ _ _ _ _ _ _ _ _ _ _ _ _ _ _ _ _ _ _ _ _ _ _ _ _ _ _ _ _ _ _ _ _ _ _ _ _ _ _ _ _ _ _ _ _ _ _ _ _ _ _ _ _ _ _ _ _ _ _ _ _
tests/integration/conftest.py:153: in _batch_setup_for_datasource
    batch_setup.setup()
tests/integration/test_utils/data_source_config/sql.py:126: in setup
    engine = create_engine(url=self.connection_string)
tests/integration/test_utils/data_source_config/databricks.py:53: in connection_string
    return self._databrics_connection_config.connection_string(self.schema)
/opt/homebrew/Cellar/python@3.11/3.11.11/Frameworks/Python.framework/Versions/3.11/lib/python3.11/functools.py:1001: in __get__
    val = self.func(instance)
tests/integration/test_utils/data_source_config/databricks.py:70: in _databrics_connection_config
    return DatabricksConnectionConfig()  # type: ignore[call-arg]  # retrieves env vars
.venv/gx_dev/lib/python3.11/site-packages/pydantic/v1/env_settings.py:40: in __init__
    super().__init__(
_ _ _ _ _ _ _ _ _ _ _ _ _ _ _ _ _ _ _ _ _ _ _ _ _ _ _ _ _ _ _ _ _ _ _ _ _ _ _ _ _ _ _ _ _ _ _ _ _ _ _ _ _ _ _ _ _ _ _ _ _ _ _ _ _ _ _ _ _ _ _ _ _ _ _ _ _ _ _ _ _ _ _ _ _ _ _ _ _ _ _ _ _ _ _ _ _ _ _ _ _ _ _ _ _ _ _ _ _ _ _ _ _ _

__pydantic_self__ = DatabricksConnectionConfig(), data = {}, values = {}, fields_set = set()
validation_error = ValidationError(model='DatabricksConnectionConfig', errors=[{'loc': ('databricks_token',), 'msg': 'field required', 't...': 'value_error.missing'}, {'loc': ('databricks_http_path',), 'msg': 'field required', 'type': 'value_error.missing'}])

    def __init__(__pydantic_self__, **data: Any) -&gt; None:
        """
        Create a new model by parsing and validating input data from keyword arguments.

        Raises ValidationError if the input data cannot be parsed to form a valid model.
        """
        # Uses something other than `self` the first arg to allow "self" as a settable attribute
        values, fields_set, validation_error = validate_model(__pydantic_self__.__class__, data)
        if validation_error:
&gt;           raise validation_error
E           pydantic.v1.error_wrappers.ValidationError: 3 validation errors for DatabricksConnectionConfig
E           databricks_token
E             field required (type=value_error.missing)
E           databricks_host
E             field required (type=value_error.missing)
E           databricks_http_path
E             field required (type=value_error.missing)

.venv/gx_dev/lib/python3.11/site-packages/pydantic/v1/main.py:341: ValidationError</error></testcase><testcase classname="tests.integration.data_sources_and_expectations.test_expectation_conditions" name="test_expect_column_min_to_be_between__spark_and_sql_row_condition[number - lt-databricks]" time="0.009"><error message="failed on setup with &quot;pydantic.v1.error_wrappers.ValidationError: 3 validation errors for DatabricksConnectionConfig&#10;databricks_token&#10;  field required (type=value_error.missing)&#10;databricks_host&#10;  field required (type=value_error.missing)&#10;databricks_http_path&#10;  field required (type=value_error.missing)&quot;">&gt;       lambda: ihook(item=item, **kwds), when=when, reraise=reraise
    )

.venv/gx_dev/lib/python3.11/site-packages/flaky/flaky_pytest_plugin.py:146:
_ _ _ _ _ _ _ _ _ _ _ _ _ _ _ _ _ _ _ _ _ _ _ _ _ _ _ _ _ _ _ _ _ _ _ _ _ _ _ _ _ _ _ _ _ _ _ _ _ _ _ _ _ _ _ _ _ _ _ _ _ _ _ _ _ _ _ _ _ _ _ _ _ _ _ _ _ _ _ _ _ _ _ _ _ _ _ _ _ _ _ _ _ _ _ _ _ _ _ _ _ _ _ _ _ _ _ _ _ _ _ _ _ _
tests/integration/conftest.py:166: in batch_for_datasource
    yield _batch_setup_for_datasource.make_batch()
tests/integration/test_utils/data_source_config/sql.py:83: in make_batch
    self.make_asset()
tests/integration/test_utils/data_source_config/databricks.py:76: in make_asset
    connection_string=self.connection_string,
tests/integration/test_utils/data_source_config/databricks.py:53: in connection_string
    return self._databrics_connection_config.connection_string(self.schema)
/opt/homebrew/Cellar/python@3.11/3.11.11/Frameworks/Python.framework/Versions/3.11/lib/python3.11/functools.py:1001: in __get__
    val = self.func(instance)
tests/integration/test_utils/data_source_config/databricks.py:70: in _databrics_connection_config
    return DatabricksConnectionConfig()  # type: ignore[call-arg]  # retrieves env vars
.venv/gx_dev/lib/python3.11/site-packages/pydantic/v1/env_settings.py:40: in __init__
    super().__init__(
_ _ _ _ _ _ _ _ _ _ _ _ _ _ _ _ _ _ _ _ _ _ _ _ _ _ _ _ _ _ _ _ _ _ _ _ _ _ _ _ _ _ _ _ _ _ _ _ _ _ _ _ _ _ _ _ _ _ _ _ _ _ _ _ _ _ _ _ _ _ _ _ _ _ _ _ _ _ _ _ _ _ _ _ _ _ _ _ _ _ _ _ _ _ _ _ _ _ _ _ _ _ _ _ _ _ _ _ _ _ _ _ _ _

__pydantic_self__ = DatabricksConnectionConfig(), data = {}, values = {}, fields_set = set()
validation_error = ValidationError(model='DatabricksConnectionConfig', errors=[{'loc': ('databricks_token',), 'msg': 'field required', 't...': 'value_error.missing'}, {'loc': ('databricks_http_path',), 'msg': 'field required', 'type': 'value_error.missing'}])

    def __init__(__pydantic_self__, **data: Any) -&gt; None:
        """
        Create a new model by parsing and validating input data from keyword arguments.

        Raises ValidationError if the input data cannot be parsed to form a valid model.
        """
        # Uses something other than `self` the first arg to allow "self" as a settable attribute
        values, fields_set, validation_error = validate_model(__pydantic_self__.__class__, data)
        if validation_error:
&gt;           raise validation_error
E           pydantic.v1.error_wrappers.ValidationError: 3 validation errors for DatabricksConnectionConfig
E           databricks_token
E             field required (type=value_error.missing)
E           databricks_host
E             field required (type=value_error.missing)
E           databricks_http_path
E             field required (type=value_error.missing)

.venv/gx_dev/lib/python3.11/site-packages/pydantic/v1/main.py:341: ValidationError</error></testcase><testcase classname="tests.integration.data_sources_and_expectations.test_expectation_conditions" name="test_expect_column_min_to_be_between__spark_and_sql_row_condition[number - eq-databricks]" time="0.003"><error message="failed on setup with &quot;pydantic.v1.error_wrappers.ValidationError: 3 validation errors for DatabricksConnectionConfig&#10;databricks_token&#10;  field required (type=value_error.missing)&#10;databricks_host&#10;  field required (type=value_error.missing)&#10;databricks_http_path&#10;  field required (type=value_error.missing)&quot;">&gt;       lambda: ihook(item=item, **kwds), when=when, reraise=reraise
    )

.venv/gx_dev/lib/python3.11/site-packages/flaky/flaky_pytest_plugin.py:146:
_ _ _ _ _ _ _ _ _ _ _ _ _ _ _ _ _ _ _ _ _ _ _ _ _ _ _ _ _ _ _ _ _ _ _ _ _ _ _ _ _ _ _ _ _ _ _ _ _ _ _ _ _ _ _ _ _ _ _ _ _ _ _ _ _ _ _ _ _ _ _ _ _ _ _ _ _ _ _ _ _ _ _ _ _ _ _ _ _ _ _ _ _ _ _ _ _ _ _ _ _ _ _ _ _ _ _ _ _ _ _ _ _ _
tests/integration/conftest.py:166: in batch_for_datasource
    yield _batch_setup_for_datasource.make_batch()
tests/integration/test_utils/data_source_config/sql.py:83: in make_batch
    self.make_asset()
tests/integration/test_utils/data_source_config/databricks.py:76: in make_asset
    connection_string=self.connection_string,
tests/integration/test_utils/data_source_config/databricks.py:53: in connection_string
    return self._databrics_connection_config.connection_string(self.schema)
/opt/homebrew/Cellar/python@3.11/3.11.11/Frameworks/Python.framework/Versions/3.11/lib/python3.11/functools.py:1001: in __get__
    val = self.func(instance)
tests/integration/test_utils/data_source_config/databricks.py:70: in _databrics_connection_config
    return DatabricksConnectionConfig()  # type: ignore[call-arg]  # retrieves env vars
.venv/gx_dev/lib/python3.11/site-packages/pydantic/v1/env_settings.py:40: in __init__
    super().__init__(
_ _ _ _ _ _ _ _ _ _ _ _ _ _ _ _ _ _ _ _ _ _ _ _ _ _ _ _ _ _ _ _ _ _ _ _ _ _ _ _ _ _ _ _ _ _ _ _ _ _ _ _ _ _ _ _ _ _ _ _ _ _ _ _ _ _ _ _ _ _ _ _ _ _ _ _ _ _ _ _ _ _ _ _ _ _ _ _ _ _ _ _ _ _ _ _ _ _ _ _ _ _ _ _ _ _ _ _ _ _ _ _ _ _

__pydantic_self__ = DatabricksConnectionConfig(), data = {}, values = {}, fields_set = set()
validation_error = ValidationError(model='DatabricksConnectionConfig', errors=[{'loc': ('databricks_token',), 'msg': 'field required', 't...': 'value_error.missing'}, {'loc': ('databricks_http_path',), 'msg': 'field required', 'type': 'value_error.missing'}])

    def __init__(__pydantic_self__, **data: Any) -&gt; None:
        """
        Create a new model by parsing and validating input data from keyword arguments.

        Raises ValidationError if the input data cannot be parsed to form a valid model.
        """
        # Uses something other than `self` the first arg to allow "self" as a settable attribute
        values, fields_set, validation_error = validate_model(__pydantic_self__.__class__, data)
        if validation_error:
&gt;           raise validation_error
E           pydantic.v1.error_wrappers.ValidationError: 3 validation errors for DatabricksConnectionConfig
E           databricks_token
E             field required (type=value_error.missing)
E           databricks_host
E             field required (type=value_error.missing)
E           databricks_http_path
E             field required (type=value_error.missing)

.venv/gx_dev/lib/python3.11/site-packages/pydantic/v1/main.py:341: ValidationError</error></testcase><testcase classname="tests.integration.data_sources_and_expectations.test_misconfigured_expectations.TestNonExistentColumnMisconfiguration" name="test_pandas_and_sql[databricks]" time="0.003"><error message="failed on setup with &quot;pydantic.v1.error_wrappers.ValidationError: 3 validation errors for DatabricksConnectionConfig&#10;databricks_token&#10;  field required (type=value_error.missing)&#10;databricks_host&#10;  field required (type=value_error.missing)&#10;databricks_http_path&#10;  field required (type=value_error.missing)&quot;">&gt;       lambda: ihook(item=item, **kwds), when=when, reraise=reraise
    )

.venv/gx_dev/lib/python3.11/site-packages/flaky/flaky_pytest_plugin.py:146:
_ _ _ _ _ _ _ _ _ _ _ _ _ _ _ _ _ _ _ _ _ _ _ _ _ _ _ _ _ _ _ _ _ _ _ _ _ _ _ _ _ _ _ _ _ _ _ _ _ _ _ _ _ _ _ _ _ _ _ _ _ _ _ _ _ _ _ _ _ _ _ _ _ _ _ _ _ _ _ _ _ _ _ _ _ _ _ _ _ _ _ _ _ _ _ _ _ _ _ _ _ _ _ _ _ _ _ _ _ _ _ _ _ _
tests/integration/conftest.py:166: in batch_for_datasource
    yield _batch_setup_for_datasource.make_batch()
tests/integration/test_utils/data_source_config/sql.py:83: in make_batch
    self.make_asset()
tests/integration/test_utils/data_source_config/databricks.py:76: in make_asset
    connection_string=self.connection_string,
tests/integration/test_utils/data_source_config/databricks.py:53: in connection_string
    return self._databrics_connection_config.connection_string(self.schema)
/opt/homebrew/Cellar/python@3.11/3.11.11/Frameworks/Python.framework/Versions/3.11/lib/python3.11/functools.py:1001: in __get__
    val = self.func(instance)
tests/integration/test_utils/data_source_config/databricks.py:70: in _databrics_connection_config
    return DatabricksConnectionConfig()  # type: ignore[call-arg]  # retrieves env vars
.venv/gx_dev/lib/python3.11/site-packages/pydantic/v1/env_settings.py:40: in __init__
    super().__init__(
_ _ _ _ _ _ _ _ _ _ _ _ _ _ _ _ _ _ _ _ _ _ _ _ _ _ _ _ _ _ _ _ _ _ _ _ _ _ _ _ _ _ _ _ _ _ _ _ _ _ _ _ _ _ _ _ _ _ _ _ _ _ _ _ _ _ _ _ _ _ _ _ _ _ _ _ _ _ _ _ _ _ _ _ _ _ _ _ _ _ _ _ _ _ _ _ _ _ _ _ _ _ _ _ _ _ _ _ _ _ _ _ _ _

__pydantic_self__ = DatabricksConnectionConfig(), data = {}, values = {}, fields_set = set()
validation_error = ValidationError(model='DatabricksConnectionConfig', errors=[{'loc': ('databricks_token',), 'msg': 'field required', 't...': 'value_error.missing'}, {'loc': ('databricks_http_path',), 'msg': 'field required', 'type': 'value_error.missing'}])

    def __init__(__pydantic_self__, **data: Any) -&gt; None:
        """
        Create a new model by parsing and validating input data from keyword arguments.

        Raises ValidationError if the input data cannot be parsed to form a valid model.
        """
        # Uses something other than `self` the first arg to allow "self" as a settable attribute
        values, fields_set, validation_error = validate_model(__pydantic_self__.__class__, data)
        if validation_error:
&gt;           raise validation_error
E           pydantic.v1.error_wrappers.ValidationError: 3 validation errors for DatabricksConnectionConfig
E           databricks_token
E             field required (type=value_error.missing)
E           databricks_host
E             field required (type=value_error.missing)
E           databricks_http_path
E             field required (type=value_error.missing)

.venv/gx_dev/lib/python3.11/site-packages/pydantic/v1/main.py:341: ValidationError</error></testcase><testcase classname="tests.integration.data_sources_and_expectations.test_misconfigured_expectations" name="test_datetime_expectation_against_numeric_data_misconfiguration[databricks]" time="0.003"><error message="failed on setup with &quot;pydantic.v1.error_wrappers.ValidationError: 3 validation errors for DatabricksConnectionConfig&#10;databricks_token&#10;  field required (type=value_error.missing)&#10;databricks_host&#10;  field required (type=value_error.missing)&#10;databricks_http_path&#10;  field required (type=value_error.missing)&quot;">&gt;       lambda: ihook(item=item, **kwds), when=when, reraise=reraise
    )

.venv/gx_dev/lib/python3.11/site-packages/flaky/flaky_pytest_plugin.py:146:
_ _ _ _ _ _ _ _ _ _ _ _ _ _ _ _ _ _ _ _ _ _ _ _ _ _ _ _ _ _ _ _ _ _ _ _ _ _ _ _ _ _ _ _ _ _ _ _ _ _ _ _ _ _ _ _ _ _ _ _ _ _ _ _ _ _ _ _ _ _ _ _ _ _ _ _ _ _ _ _ _ _ _ _ _ _ _ _ _ _ _ _ _ _ _ _ _ _ _ _ _ _ _ _ _ _ _ _ _ _ _ _ _ _
tests/integration/conftest.py:166: in batch_for_datasource
    yield _batch_setup_for_datasource.make_batch()
tests/integration/test_utils/data_source_config/sql.py:83: in make_batch
    self.make_asset()
tests/integration/test_utils/data_source_config/databricks.py:76: in make_asset
    connection_string=self.connection_string,
tests/integration/test_utils/data_source_config/databricks.py:53: in connection_string
    return self._databrics_connection_config.connection_string(self.schema)
/opt/homebrew/Cellar/python@3.11/3.11.11/Frameworks/Python.framework/Versions/3.11/lib/python3.11/functools.py:1001: in __get__
    val = self.func(instance)
tests/integration/test_utils/data_source_config/databricks.py:70: in _databrics_connection_config
    return DatabricksConnectionConfig()  # type: ignore[call-arg]  # retrieves env vars
.venv/gx_dev/lib/python3.11/site-packages/pydantic/v1/env_settings.py:40: in __init__
    super().__init__(
_ _ _ _ _ _ _ _ _ _ _ _ _ _ _ _ _ _ _ _ _ _ _ _ _ _ _ _ _ _ _ _ _ _ _ _ _ _ _ _ _ _ _ _ _ _ _ _ _ _ _ _ _ _ _ _ _ _ _ _ _ _ _ _ _ _ _ _ _ _ _ _ _ _ _ _ _ _ _ _ _ _ _ _ _ _ _ _ _ _ _ _ _ _ _ _ _ _ _ _ _ _ _ _ _ _ _ _ _ _ _ _ _ _

__pydantic_self__ = DatabricksConnectionConfig(), data = {}, values = {}, fields_set = set()
validation_error = ValidationError(model='DatabricksConnectionConfig', errors=[{'loc': ('databricks_token',), 'msg': 'field required', 't...': 'value_error.missing'}, {'loc': ('databricks_http_path',), 'msg': 'field required', 'type': 'value_error.missing'}])

    def __init__(__pydantic_self__, **data: Any) -&gt; None:
        """
        Create a new model by parsing and validating input data from keyword arguments.

        Raises ValidationError if the input data cannot be parsed to form a valid model.
        """
        # Uses something other than `self` the first arg to allow "self" as a settable attribute
        values, fields_set, validation_error = validate_model(__pydantic_self__.__class__, data)
        if validation_error:
&gt;           raise validation_error
E           pydantic.v1.error_wrappers.ValidationError: 3 validation errors for DatabricksConnectionConfig
E           databricks_token
E             field required (type=value_error.missing)
E           databricks_host
E             field required (type=value_error.missing)
E           databricks_http_path
E             field required (type=value_error.missing)

.venv/gx_dev/lib/python3.11/site-packages/pydantic/v1/main.py:341: ValidationError</error></testcase><testcase classname="tests.integration.data_sources_and_expectations.test_misconfigured_expectations" name="test_column_min_max_mismatch_misconfiguration[databricks]" time="0.003"><error message="failed on setup with &quot;pydantic.v1.error_wrappers.ValidationError: 3 validation errors for DatabricksConnectionConfig&#10;databricks_token&#10;  field required (type=value_error.missing)&#10;databricks_host&#10;  field required (type=value_error.missing)&#10;databricks_http_path&#10;  field required (type=value_error.missing)&quot;">&gt;       lambda: ihook(item=item, **kwds), when=when, reraise=reraise
    )

.venv/gx_dev/lib/python3.11/site-packages/flaky/flaky_pytest_plugin.py:146:
_ _ _ _ _ _ _ _ _ _ _ _ _ _ _ _ _ _ _ _ _ _ _ _ _ _ _ _ _ _ _ _ _ _ _ _ _ _ _ _ _ _ _ _ _ _ _ _ _ _ _ _ _ _ _ _ _ _ _ _ _ _ _ _ _ _ _ _ _ _ _ _ _ _ _ _ _ _ _ _ _ _ _ _ _ _ _ _ _ _ _ _ _ _ _ _ _ _ _ _ _ _ _ _ _ _ _ _ _ _ _ _ _ _
tests/integration/conftest.py:166: in batch_for_datasource
    yield _batch_setup_for_datasource.make_batch()
tests/integration/test_utils/data_source_config/sql.py:83: in make_batch
    self.make_asset()
tests/integration/test_utils/data_source_config/databricks.py:76: in make_asset
    connection_string=self.connection_string,
tests/integration/test_utils/data_source_config/databricks.py:53: in connection_string
    return self._databrics_connection_config.connection_string(self.schema)
/opt/homebrew/Cellar/python@3.11/3.11.11/Frameworks/Python.framework/Versions/3.11/lib/python3.11/functools.py:1001: in __get__
    val = self.func(instance)
tests/integration/test_utils/data_source_config/databricks.py:70: in _databrics_connection_config
    return DatabricksConnectionConfig()  # type: ignore[call-arg]  # retrieves env vars
.venv/gx_dev/lib/python3.11/site-packages/pydantic/v1/env_settings.py:40: in __init__
    super().__init__(
_ _ _ _ _ _ _ _ _ _ _ _ _ _ _ _ _ _ _ _ _ _ _ _ _ _ _ _ _ _ _ _ _ _ _ _ _ _ _ _ _ _ _ _ _ _ _ _ _ _ _ _ _ _ _ _ _ _ _ _ _ _ _ _ _ _ _ _ _ _ _ _ _ _ _ _ _ _ _ _ _ _ _ _ _ _ _ _ _ _ _ _ _ _ _ _ _ _ _ _ _ _ _ _ _ _ _ _ _ _ _ _ _ _

__pydantic_self__ = DatabricksConnectionConfig(), data = {}, values = {}, fields_set = set()
validation_error = ValidationError(model='DatabricksConnectionConfig', errors=[{'loc': ('databricks_token',), 'msg': 'field required', 't...': 'value_error.missing'}, {'loc': ('databricks_http_path',), 'msg': 'field required', 'type': 'value_error.missing'}])

    def __init__(__pydantic_self__, **data: Any) -&gt; None:
        """
        Create a new model by parsing and validating input data from keyword arguments.

        Raises ValidationError if the input data cannot be parsed to form a valid model.
        """
        # Uses something other than `self` the first arg to allow "self" as a settable attribute
        values, fields_set, validation_error = validate_model(__pydantic_self__.__class__, data)
        if validation_error:
&gt;           raise validation_error
E           pydantic.v1.error_wrappers.ValidationError: 3 validation errors for DatabricksConnectionConfig
E           databricks_token
E             field required (type=value_error.missing)
E           databricks_host
E             field required (type=value_error.missing)
E           databricks_http_path
E             field required (type=value_error.missing)

.venv/gx_dev/lib/python3.11/site-packages/pydantic/v1/main.py:341: ValidationError</error></testcase><testcase classname="tests.integration.data_sources_and_expectations.test_misconfigured_expectations" name="test_column_min_max_missing_misconfiguration[databricks]" time="0.006"><error message="failed on setup with &quot;pydantic.v1.error_wrappers.ValidationError: 3 validation errors for DatabricksConnectionConfig&#10;databricks_token&#10;  field required (type=value_error.missing)&#10;databricks_host&#10;  field required (type=value_error.missing)&#10;databricks_http_path&#10;  field required (type=value_error.missing)&quot;">&gt;       lambda: ihook(item=item, **kwds), when=when, reraise=reraise
    )

.venv/gx_dev/lib/python3.11/site-packages/flaky/flaky_pytest_plugin.py:146:
_ _ _ _ _ _ _ _ _ _ _ _ _ _ _ _ _ _ _ _ _ _ _ _ _ _ _ _ _ _ _ _ _ _ _ _ _ _ _ _ _ _ _ _ _ _ _ _ _ _ _ _ _ _ _ _ _ _ _ _ _ _ _ _ _ _ _ _ _ _ _ _ _ _ _ _ _ _ _ _ _ _ _ _ _ _ _ _ _ _ _ _ _ _ _ _ _ _ _ _ _ _ _ _ _ _ _ _ _ _ _ _ _ _
tests/integration/conftest.py:166: in batch_for_datasource
    yield _batch_setup_for_datasource.make_batch()
tests/integration/test_utils/data_source_config/sql.py:83: in make_batch
    self.make_asset()
tests/integration/test_utils/data_source_config/databricks.py:76: in make_asset
    connection_string=self.connection_string,
tests/integration/test_utils/data_source_config/databricks.py:53: in connection_string
    return self._databrics_connection_config.connection_string(self.schema)
/opt/homebrew/Cellar/python@3.11/3.11.11/Frameworks/Python.framework/Versions/3.11/lib/python3.11/functools.py:1001: in __get__
    val = self.func(instance)
tests/integration/test_utils/data_source_config/databricks.py:70: in _databrics_connection_config
    return DatabricksConnectionConfig()  # type: ignore[call-arg]  # retrieves env vars
.venv/gx_dev/lib/python3.11/site-packages/pydantic/v1/env_settings.py:40: in __init__
    super().__init__(
_ _ _ _ _ _ _ _ _ _ _ _ _ _ _ _ _ _ _ _ _ _ _ _ _ _ _ _ _ _ _ _ _ _ _ _ _ _ _ _ _ _ _ _ _ _ _ _ _ _ _ _ _ _ _ _ _ _ _ _ _ _ _ _ _ _ _ _ _ _ _ _ _ _ _ _ _ _ _ _ _ _ _ _ _ _ _ _ _ _ _ _ _ _ _ _ _ _ _ _ _ _ _ _ _ _ _ _ _ _ _ _ _ _

__pydantic_self__ = DatabricksConnectionConfig(), data = {}, values = {}, fields_set = set()
validation_error = ValidationError(model='DatabricksConnectionConfig', errors=[{'loc': ('databricks_token',), 'msg': 'field required', 't...': 'value_error.missing'}, {'loc': ('databricks_http_path',), 'msg': 'field required', 'type': 'value_error.missing'}])

    def __init__(__pydantic_self__, **data: Any) -&gt; None:
        """
        Create a new model by parsing and validating input data from keyword arguments.

        Raises ValidationError if the input data cannot be parsed to form a valid model.
        """
        # Uses something other than `self` the first arg to allow "self" as a settable attribute
        values, fields_set, validation_error = validate_model(__pydantic_self__.__class__, data)
        if validation_error:
&gt;           raise validation_error
E           pydantic.v1.error_wrappers.ValidationError: 3 validation errors for DatabricksConnectionConfig
E           databricks_token
E             field required (type=value_error.missing)
E           databricks_host
E             field required (type=value_error.missing)
E           databricks_http_path
E             field required (type=value_error.missing)

.venv/gx_dev/lib/python3.11/site-packages/pydantic/v1/main.py:341: ValidationError</error><error message="failed on teardown with &quot;pydantic.v1.error_wrappers.ValidationError: 3 validation errors for DatabricksConnectionConfig&#10;databricks_token&#10;  field required (type=value_error.missing)&#10;databricks_host&#10;  field required (type=value_error.missing)&#10;databricks_http_path&#10;  field required (type=value_error.missing)&quot;">&gt;       lambda: ihook(item=item, **kwds), when=when, reraise=reraise
    )

.venv/gx_dev/lib/python3.11/site-packages/flaky/flaky_pytest_plugin.py:146:
_ _ _ _ _ _ _ _ _ _ _ _ _ _ _ _ _ _ _ _ _ _ _ _ _ _ _ _ _ _ _ _ _ _ _ _ _ _ _ _ _ _ _ _ _ _ _ _ _ _ _ _ _ _ _ _ _ _ _ _ _ _ _ _ _ _ _ _ _ _ _ _ _ _ _ _ _ _ _ _ _ _ _ _ _ _ _ _ _ _ _ _ _ _ _ _ _ _ _ _ _ _ _ _ _ _ _ _ _ _ _ _ _ _
tests/integration/conftest.py:131: in _cleanup
    batch_setup.teardown()
tests/integration/test_utils/data_source_config/sql.py:151: in teardown
    engine = create_engine(url=self.connection_string)
tests/integration/test_utils/data_source_config/databricks.py:53: in connection_string
    return self._databrics_connection_config.connection_string(self.schema)
/opt/homebrew/Cellar/python@3.11/3.11.11/Frameworks/Python.framework/Versions/3.11/lib/python3.11/functools.py:1001: in __get__
    val = self.func(instance)
tests/integration/test_utils/data_source_config/databricks.py:70: in _databrics_connection_config
    return DatabricksConnectionConfig()  # type: ignore[call-arg]  # retrieves env vars
.venv/gx_dev/lib/python3.11/site-packages/pydantic/v1/env_settings.py:40: in __init__
    super().__init__(
_ _ _ _ _ _ _ _ _ _ _ _ _ _ _ _ _ _ _ _ _ _ _ _ _ _ _ _ _ _ _ _ _ _ _ _ _ _ _ _ _ _ _ _ _ _ _ _ _ _ _ _ _ _ _ _ _ _ _ _ _ _ _ _ _ _ _ _ _ _ _ _ _ _ _ _ _ _ _ _ _ _ _ _ _ _ _ _ _ _ _ _ _ _ _ _ _ _ _ _ _ _ _ _ _ _ _ _ _ _ _ _ _ _

__pydantic_self__ = DatabricksConnectionConfig(), data = {}, values = {}, fields_set = set()
validation_error = ValidationError(model='DatabricksConnectionConfig', errors=[{'loc': ('databricks_token',), 'msg': 'field required', 't...': 'value_error.missing'}, {'loc': ('databricks_http_path',), 'msg': 'field required', 'type': 'value_error.missing'}])

    def __init__(__pydantic_self__, **data: Any) -&gt; None:
        """
        Create a new model by parsing and validating input data from keyword arguments.

        Raises ValidationError if the input data cannot be parsed to form a valid model.
        """
        # Uses something other than `self` the first arg to allow "self" as a settable attribute
        values, fields_set, validation_error = validate_model(__pydantic_self__.__class__, data)
        if validation_error:
&gt;           raise validation_error
E           pydantic.v1.error_wrappers.ValidationError: 3 validation errors for DatabricksConnectionConfig
E           databricks_token
E             field required (type=value_error.missing)
E           databricks_host
E             field required (type=value_error.missing)
E           databricks_http_path
E             field required (type=value_error.missing)

.venv/gx_dev/lib/python3.11/site-packages/pydantic/v1/main.py:341: ValidationError</error></testcase></testsuite></testsuites>
